Archive member included to satisfy reference by file (symbol)

C:/devkitPro/libctru/lib\libctru.a(gfx.o)
                              main.o (gfxInitDefault)
C:/devkitPro/libctru/lib\libctru.a(gspgpu.o)
                              C:/devkitPro/libctru/lib\libctru.a(gfx.o) (gspInit)
C:/devkitPro/libctru/lib\libctru.a(apt.o)
                              main.o (aptMainLoop)
C:/devkitPro/libctru/lib\libctru.a(hid.o)
                              main.o (hidScanInput)
C:/devkitPro/libctru/lib\libctru.a(ctru_init.o)
                              C:/devkitPro/libctru/lib\libctru.a(apt.o) (__system_retAddr)
C:/devkitPro/libctru/lib\libctru.a(initArgv.o)
                              C:/devkitPro/libctru/lib\libctru.a(ctru_init.o) (__system_initArgv)
C:/devkitPro/libctru/lib\libctru.a(svc.o)
                              C:/devkitPro/libctru/lib\libctru.a(apt.o) (svcSleepThread)
C:/devkitPro/libctru/lib\libctru.a(stack_adjust.o)
                              c:/devkitpro/devkitarm/bin/../lib/gcc/arm-none-eabi/12.2.0/../../../../arm-none-eabi/lib/armv6k/fpu/3dsx_crt0.o (initSystem)
C:/devkitPro/libctru/lib\libctru.a(vram.o)
                              C:/devkitPro/libctru/lib\libctru.a(gfx.o) (vramAlloc)
C:/devkitPro/libctru/lib\libctru.a(linear.o)
                              C:/devkitPro/libctru/lib\libctru.a(gfx.o) (linearAlloc)
C:/devkitPro/libctru/lib\libctru.a(mem_pool.o)
                              C:/devkitPro/libctru/lib\libctru.a(vram.o) (MemPool::Allocate(MemChunk&, unsigned long, int))
C:/devkitPro/libctru/lib\libctru.a(synchronization.o)
                              C:/devkitPro/libctru/lib\libctru.a(ctru_init.o) (__sync_init)
C:/devkitPro/libctru/lib\libctru.a(os.o)
                              C:/devkitPro/libctru/lib\libctru.a(apt.o) (__ctru_speedup_config)
C:/devkitPro/libctru/lib\libctru.a(3dslink.o)
                              C:/devkitPro/libctru/lib\libctru.a(initArgv.o) (__3dslink_host)
C:/devkitPro/libctru/lib\libctru.a(srv.o)
                              C:/devkitPro/libctru/lib\libctru.a(apt.o) (srvInit)
C:/devkitPro/libctru/lib\libctru.a(thread.o)
                              C:/devkitPro/libctru/lib\libctru.a(gspgpu.o) (threadCreate)
C:/devkitPro/libctru/lib\libctru.a(mappable.o)
                              C:/devkitPro/libctru/lib\libctru.a(gspgpu.o) (mappableAlloc)
C:/devkitPro/libctru/lib\libctru.a(irrst.o)
                              C:/devkitPro/libctru/lib\libctru.a(hid.o) (irrstInit)
C:/devkitPro/libctru/lib\libctru.a(srvpm.o)
                              C:/devkitPro/libctru/lib\libctru.a(srv.o) (srvPmGetSessionHandle)
C:/devkitPro/libctru/lib\libctru.a(ptmsysm.o)
                              C:/devkitPro/libctru/lib\libctru.a(os.o) (ptmSysmInit)
C:/devkitPro/libctru/lib\libctru.a(soc_socket.o)
                              C:/devkitPro/libctru/lib\libctru.a(3dslink.o) (socket)
C:/devkitPro/libctru/lib\libctru.a(soc_connect.o)
                              C:/devkitPro/libctru/lib\libctru.a(3dslink.o) (connect)
C:/devkitPro/libctru/lib\libctru.a(soc_common.o)
                              C:/devkitPro/libctru/lib\libctru.a(soc_socket.o) (_net_convert_error)
C:/devkitPro/libctru/lib\libctru.a(rbtree_init.o)
                              C:/devkitPro/libctru/lib\libctru.a(vram.o) (rbtree_init)
C:/devkitPro/libctru/lib\libctru.a(rbtree_insert.o)
                              C:/devkitPro/libctru/lib\libctru.a(vram.o) (rbtree_insert)
C:/devkitPro/libctru/lib\libctru.a(rbtree_rotate.o)
                              C:/devkitPro/libctru/lib\libctru.a(rbtree_insert.o) (rbtree_rotate)
C:/devkitPro/libctru/lib\libctru.a(rbtree_remove.o)
                              C:/devkitPro/libctru/lib\libctru.a(vram.o) (rbtree_remove)
C:/devkitPro/libctru/lib\libctru.a(rbtree_find.o)
                              C:/devkitPro/libctru/lib\libctru.a(vram.o) (rbtree_find)
C:/devkitPro/libctru/lib\libctru.a(appInit.o)
                              C:/devkitPro/libctru/lib\libctru.a(stack_adjust.o) (__appInit)
C:/devkitPro/libctru/lib\libctru.a(syscalls.o)
                              C:/devkitPro/libctru/lib\libctru.a(thread.o) (initThreadVars)
C:/devkitPro/libctru/lib\libctru.a(allocateHeaps.o)
                              C:/devkitPro/libctru/lib\libctru.a(ctru_init.o) (__system_allocateHeaps)
C:/devkitPro/libctru/lib\libctru.a(appExit.o)
                              C:/devkitPro/libctru/lib\libctru.a(stack_adjust.o) (__appExit)
C:/devkitPro/libctru/lib\libctru.a(ctru_exit.o)
                              C:/devkitPro/libctru/lib\libctru.a(stack_adjust.o) (__libctru_exit)
C:/devkitPro/libctru/lib\libctru.a(env.o)
                              C:/devkitPro/libctru/lib\libctru.a(srv.o) (envGetHandle)
C:/devkitPro/libctru/lib\libctru.a(archive_dev.o)
                              C:/devkitPro/libctru/lib\libctru.a(appInit.o) (archiveMountSdmc)
C:/devkitPro/libctru/lib\libctru.a(fs.o)
[...]
Memory Configuration

Name             Origin             Length             Attributes
*default*        0x0000000000000000 0xffffffffffffffff

Linker script and memory map

                0x0000000000100000                PROVIDE (__start__ = 0x100000)
                0x0000000000100000                . = __start__

.text           0x0000000000100000     0xabe4
 *(.crt0)
 .crt0          0x0000000000100000       0x94 c:/devkitpro/devkitarm/bin/../lib/gcc/arm-none-eabi/12.2.0/../../../../arm-none-eabi/lib/armv6k/fpu/3dsx_crt0.o
                0x0000000000100000                _start
                0x0000000000100008                __service_ptr
                0x000000000010000c                __apt_appid
                0x0000000000100010                __heap_size
                0x0000000000100014                __linear_heap_size
                0x0000000000100018                __system_arglist
                0x000000000010001c                __system_runflags
 *(.init)
 .init          0x0000000000100094        0xc c:/devkitpro/devkitarm/bin/../lib/gcc/arm-none-eabi/12.2.0/armv6k/fpu/crti.o
                0x0000000000100094                _init
 .init          0x00000000001000a0        0xc c:/devkitpro/devkitarm/bin/../lib/gcc/arm-none-eabi/12.2.0/armv6k/fpu/crtn.o
                0x00000000001000ac                . = ALIGN (0x4)
 *(.text)
 .text          0x00000000001000ac        0x4 c:/devkitpro/devkitarm/bin/../lib/gcc/arm-none-eabi/12.2.0/armv6k/fpu\libgcc.a(_dvmd_tls.o)
                0x00000000001000ac                __aeabi_idiv0
                0x00000000001000ac                __aeabi_ldiv0
 *fill*         0x00000000001000b0       0x10 
 .text          0x00000000001000c0      0x390 c:/devkitpro/devkitarm/bin/../lib/gcc/arm-none-eabi/12.2.0/../../../../arm-none-eabi/lib/armv6k/fpu\libg.a(lib_a-strcmp.o)
                0x00000000001000c8                strcmp
 .text          0x0000000000100450      0x20c c:/devkitpro/devkitarm/bin/../lib/gcc/arm-none-eabi/12.2.0/armv6k/fpu\libgcc.a(_udivsi3.o)
                0x0000000000100450                __aeabi_uidiv
                0x0000000000100450                __udivsi3
                0x000000000010063c                __aeabi_uidivmod
 *(.text.*)
 .text.__do_global_dtors_aux
                0x000000000010065c       0x40 c:/devkitpro/devkitarm/bin/../lib/gcc/arm-none-eabi/12.2.0/armv6k/fpu/crtbegin.o
 .text.frame_dummy
                0x000000000010069c       0x2c c:/devkitpro/devkitarm/bin/../lib/gcc/arm-none-eabi/12.2.0/armv6k/fpu/crtbegin.o
 .text.startup.main
                0x00000000001006c8       0x84 main.o
                0x00000000001006c8                main
 .text.gfxPresentFramebuffer
                0x000000000010074c       0xd0 C:/devkitPro/libctru/lib\libctru.a(gfx.o)
 .text.gfxSetScreenFormat
                0x000000000010081c       0xec C:/devkitPro/libctru/lib\libctru.a(gfx.o)
                0x000000000010081c                gfxSetScreenFormat
 .text.gfxInit  0x0000000000100908       0xe0 C:/devkitPro/libctru/lib\libctru.a(gfx.o)
                0x0000000000100908                gfxInit
 .text.gfxInitDefault
                0x00000000001009e8       0x10 C:/devkitPro/libctru/lib\libctru.a(gfx.o)
                0x00000000001009e8                gfxInitDefault
 .text.gfxExit  0x00000000001009f8       0xb4 C:/devkitPro/libctru/lib\libctru.a(gfx.o)
                0x00000000001009f8                gfxExit
 .text.gfxGetFramebuffer
                0x0000000000100aac       0xa0 C:/devkitPro/libctru/lib\libctru.a(gfx.o)
                0x0000000000100aac                gfxGetFramebuffer
 .text.gfxFlushBuffers
                0x0000000000100b4c      0x104 C:/devkitPro/libctru/lib\libctru.a(gfx.o)
                0x0000000000100b4c                gfxFlushBuffers
 .text.gfxSwapBuffers
                0x0000000000100c50       0x50 C:/devkitPro/libctru/lib\libctru.a(gfx.o)
                0x0000000000100c50                gfxSwapBuffers
 .text.gspHardwareInit
                0x0000000000100ca0      0xc58 C:/devkitPro/libctru/lib\libctru.a(gspgpu.o)
 .text.gspInit  0x00000000001018f8      0x248 C:/devkitPro/libctru/lib\libctru.a(gspgpu.o)
                0x00000000001018f8                gspInit
 .text.gspExit  0x0000000000101b40       0xf0 C:/devkitPro/libctru/lib\libctru.a(gspgpu.o)
                0x0000000000101b40                gspExit
 .text.gspHasGpuRight
                0x0000000000101c30       0x10 C:/devkitPro/libctru/lib\libctru.a(gspgpu.o)
                0x0000000000101c30                gspHasGpuRight
 .text.gspPresentBuffer
                0x0000000000101c40       0xa0 C:/devkitPro/libctru/lib\libctru.a(gspgpu.o)
                0x0000000000101c40                gspPresentBuffer
 .text.gspWaitForEvent
                0x0000000000101ce0       0x44 C:/devkitPro/libctru/lib\libctru.a(gspgpu.o)
                0x0000000000101ce0                gspWaitForEvent
 .text.gxCmdQueueInterrupt
                0x0000000000101d24        0x4 C:/devkitPro/libctru/lib\libctru.a(gspgpu.o)
                0x0000000000101d24                gxCmdQueueInterrupt
 .text.gspEventThreadMain
                0x0000000000101d28      0x158 C:/devkitPro/libctru/lib\libctru.a(gspgpu.o)
 .text.GSPGPU_FlushDataCache
                0x0000000000101e80       0x50 C:/devkitPro/libctru/lib\libctru.a(gspgpu.o)
                0x0000000000101e80                GSPGPU_FlushDataCache
 .text.GSPGPU_SetLcdForceBlack
                0x0000000000101ed0       0x34 C:/devkitPro/libctru/lib\libctru.a(gspgpu.o)
                0x0000000000101ed0                GSPGPU_SetLcdForceBlack
 .text.GSPGPU_AcquireRight
                0x0000000000101f04       0x68 C:/devkitPro/libctru/lib\libctru.a(gspgpu.o)
                0x0000000000101f04                GSPGPU_AcquireRight
 .text.GSPGPU_ReleaseRight
                0x0000000000101f6c       0x48 C:/devkitPro/libctru/lib\libctru.a(gspgpu.o)
                0x0000000000101f6c                GSPGPU_ReleaseRight
 .text.GSPGPU_ImportDisplayCaptureInfo
                0x0000000000101fb4       0x7c C:/devkitPro/libctru/lib\libctru.a(gspgpu.o)
                0x0000000000101fb4                GSPGPU_ImportDisplayCaptureInfo
 .text.GSPGPU_SaveVramSysArea
                0x0000000000102030       0x2c C:/devkitPro/libctru/lib\libctru.a(gspgpu.o)
                0x0000000000102030                GSPGPU_SaveVramSysArea
 .text.GSPGPU_RestoreVramSysArea
                0x000000000010205c       0x2c C:/devkitPro/libctru/lib\libctru.a(gspgpu.o)
                0x000000000010205c                GSPGPU_RestoreVramSysArea
 .text.aptConvertScreenForCapture
                0x0000000000102088      0x1a4 C:/devkitPro/libctru/lib\libctru.a(apt.o)
 .text.aptDspSleep
                0x000000000010222c        0x8 C:/devkitPro/libctru/lib\libctru.a(apt.o)
                0x000000000010222c                aptDspSleep
 .text.aptDspWakeup
                0x0000000000102234        0x4 C:/devkitPro/libctru/lib\libctru.a(apt.o)
                0x0000000000102234                aptDspWakeup
 .text.aptDspCancel
                0x0000000000102238        0x4 C:/devkitPro/libctru/lib\libctru.a(apt.o)
                0x0000000000102238                aptDspCancel
 .text.aptSendCommand
                0x000000000010223c      0x158 C:/devkitPro/libctru/lib\libctru.a(apt.o)
                0x000000000010223c                aptSendCommand
 *fill*         0x0000000000102394        0x4 
 .text.aptExitProcess
                0x0000000000102398       0x44 C:/devkitPro/libctru/lib\libctru.a(apt.o)
 .text.aptExit  0x00000000001023dc      0x2f4 C:/devkitPro/libctru/lib\libctru.a(apt.o)
                0x00000000001023dc                aptExit
 .text.aptHandleSleep
                0x00000000001026d0       0xe0 C:/devkitPro/libctru/lib\libctru.a(apt.o)
                0x00000000001026d0                aptHandleSleep
 .text.APT_SleepIfShellClosed
                0x00000000001027b0       0x84 C:/devkitPro/libctru/lib\libctru.a(apt.o)
                0x00000000001027b0                APT_SleepIfShellClosed
 .text.aptSetSleepAllowed
                0x0000000000102834       0x84 C:/devkitPro/libctru/lib\libctru.a(apt.o)
                0x0000000000102834                aptSetSleepAllowed
 .text.APT_UnlockTransition
                0x00000000001028b8       0x84 C:/devkitPro/libctru/lib\libctru.a(apt.o)
                0x00000000001028b8                APT_UnlockTransition
 *fill*         0x000000000010293c        0x4 
 .text.aptEventHandler
                0x0000000000102940      0x4a4 C:/devkitPro/libctru/lib\libctru.a(apt.o)
 .text.APT_ReceiveParameter
                0x0000000000102de4       0xb0 C:/devkitPro/libctru/lib\libctru.a(apt.o)
                0x0000000000102de4                APT_ReceiveParameter
 .text.aptReceiveParameter.constprop.0
                0x0000000000102e94       0xb0 C:/devkitPro/libctru/lib\libctru.a(apt.o)
 *fill*         0x0000000000102f44        0x4 
 .text.aptScreenTransfer
                0x0000000000102f48      0x2ac C:/devkitPro/libctru/lib\libctru.a(apt.o)
 .text.aptWaitForWakeUp.isra.0
                0x00000000001031f4      0x344 C:/devkitPro/libctru/lib\libctru.a(apt.o)
 .text.aptJumpToHomeMenu
                0x0000000000103538      0x100 C:/devkitPro/libctru/lib\libctru.a(apt.o)
                0x0000000000103538                aptJumpToHomeMenu
 .text.aptMainLoop
                0x0000000000103638       0x48 C:/devkitPro/libctru/lib\libctru.a(apt.o)
                0x0000000000103638                aptMainLoop
 .text.aptInit  0x0000000000103680      0x22c C:/devkitPro/libctru/lib\libctru.a(apt.o)
                0x0000000000103680                aptInit
 .text.APT_CheckNew3DS
                0x00000000001038ac       0x7c C:/devkitPro/libctru/lib\libctru.a(apt.o)
                0x00000000001038ac                APT_CheckNew3DS
 .text.hidShouldUseIrrst
                0x0000000000103928       0x24 C:/devkitPro/libctru/lib\libctru.a(hid.o)
                0x0000000000103928                hidShouldUseIrrst
 .text.hidInit  0x000000000010394c      0x18c C:/devkitPro/libctru/lib\libctru.a(hid.o)
                0x000000000010394c                hidInit
 .text.hidExit  0x0000000000103ad8       0xe8 C:/devkitPro/libctru/lib\libctru.a(hid.o)
                0x0000000000103ad8                hidExit
 .text.hidScanInput
                0x0000000000103bc0      0x2a4 C:/devkitPro/libctru/lib\libctru.a(hid.o)
                0x0000000000103bc0                hidScanInput
 .text.hidKeysDown
                0x0000000000103e64       0x10 C:/devkitPro/libctru/lib\libctru.a(hid.o)
                0x0000000000103e64                hidKeysDown
 .text.__libctru_init
                0x0000000000103e74       0x38 C:/devkitPro/libctru/lib\libctru.a(ctru_init.o)
                0x0000000000103e74                __libctru_init
 .text.__system_initArgv
                0x0000000000103eac      0x170 C:/devkitPro/libctru/lib\libctru.a(initArgv.o)
                0x0000000000103eac                __system_initArgv
 .text.svcControlMemory
                0x000000000010401c       0x20 C:/devkitPro/libctru/lib\libctru.a(svc.o)
                0x000000000010401c                svcControlMemory
 .text.svcQueryMemory
                0x000000000010403c       0x30 C:/devkitPro/libctru/lib\libctru.a(svc.o)
                0x000000000010403c                svcQueryMemory
 .text.svcExitProcess
                0x000000000010406c        0x8 C:/devkitPro/libctru/lib\libctru.a(svc.o)
                0x000000000010406c                svcExitProcess
 .text.svcCreateThread
                0x0000000000104074       0x20 C:/devkitPro/libctru/lib\libctru.a(svc.o)
                0x0000000000104074                svcCreateThread
 .text.svcExitThread
                0x0000000000104094        0x8 C:/devkitPro/libctru/lib\libctru.a(svc.o)
                0x0000000000104094                svcExitThread
 .text.svcSleepThread
                0x000000000010409c        0x8 C:/devkitPro/libctru/lib\libctru.a(svc.o)
                0x000000000010409c                svcSleepThread
 .text.svcReleaseMutex
                0x00000000001040a4        0x8 C:/devkitPro/libctru/lib\libctru.a(svc.o)
                0x00000000001040a4                svcReleaseMutex
 .text.svcCreateEvent
                0x00000000001040ac       0x14 C:/devkitPro/libctru/lib\libctru.a(svc.o)
                0x00000000001040ac                svcCreateEvent
 .text.svcSignalEvent
                0x00000000001040c0        0x8 C:/devkitPro/libctru/lib\libctru.a(svc.o)
                0x00000000001040c0                svcSignalEvent
 .text.svcClearEvent
                0x00000000001040c8        0x8 C:/devkitPro/libctru/lib\libctru.a(svc.o)
                0x00000000001040c8                svcClearEvent
 .text.svcMapMemoryBlock
                0x00000000001040d0        0x8 C:/devkitPro/libctru/lib\libctru.a(svc.o)
                0x00000000001040d0                svcMapMemoryBlock
 .text.svcUnmapMemoryBlock
                0x00000000001040d8        0x8 C:/devkitPro/libctru/lib\libctru.a(svc.o)
                0x00000000001040d8                svcUnmapMemoryBlock
 .text.svcCreateAddressArbiter
                0x00000000001040e0       0x14 C:/devkitPro/libctru/lib\libctru.a(svc.o)
                0x00000000001040e0                svcCreateAddressArbiter
 .text.svcArbitrateAddressNoTimeout
                0x00000000001040f4        0x8 C:/devkitPro/libctru/lib\libctru.a(svc.o)
                0x00000000001040f4                svcArbitrateAddressNoTimeout
 .text.svcCloseHandle
                0x00000000001040fc        0x8 C:/devkitPro/libctru/lib\libctru.a(svc.o)
                0x00000000001040fc                svcCloseHandle
 .text.svcWaitSynchronization
                0x0000000000104104        0x8 C:/devkitPro/libctru/lib\libctru.a(svc.o)
                0x0000000000104104                svcWaitSynchronization
 .text.svcWaitSynchronizationN
                0x000000000010410c       0x28 C:/devkitPro/libctru/lib\libctru.a(svc.o)
                0x000000000010410c                svcWaitSynchronizationN
 .text.svcDuplicateHandle
                0x0000000000104134       0x14 C:/devkitPro/libctru/lib\libctru.a(svc.o)
                0x0000000000104134                svcDuplicateHandle
 .text.svcConnectToPort
                0x0000000000104148       0x14 C:/devkitPro/libctru/lib\libctru.a(svc.o)
                0x0000000000104148                svcConnectToPort
 .text.svcSendSyncRequest
                0x000000000010415c        0x8 C:/devkitPro/libctru/lib\libctru.a(svc.o)
                0x000000000010415c                svcSendSyncRequest
 .text.svcGetResourceLimit
                0x0000000000104164       0x14 C:/devkitPro/libctru/lib\libctru.a(svc.o)
                0x0000000000104164                svcGetResourceLimit
 .text.svcGetResourceLimitLimitValues
                0x0000000000104178        0x8 C:/devkitPro/libctru/lib\libctru.a(svc.o)
                0x0000000000104178                svcGetResourceLimitLimitValues
 .text.svcGetResourceLimitCurrentValues
                0x0000000000104180        0x8 C:/devkitPro/libctru/lib\libctru.a(svc.o)
                0x0000000000104180                svcGetResourceLimitCurrentValues
 .text.svcBreak
                0x0000000000104188        0x8 C:/devkitPro/libctru/lib\libctru.a(svc.o)
                0x0000000000104188                svcBreak
 .text.initSystem
                0x0000000000104190       0x50 C:/devkitPro/libctru/lib\libctru.a(stack_adjust.o)
                0x0000000000104190                initSystem
 .text.__ctru_exit
                0x00000000001041e0       0x18 C:/devkitPro/libctru/lib\libctru.a(stack_adjust.o)
                0x00000000001041e0                __ctru_exit
 .text._ZL21addrMapNodeComparatorPK11rbtree_nodeS1_
                0x00000000001041f8       0x24 C:/devkitPro/libctru/lib\libctru.a(vram.o)
 .text._ZL21addrMapNodeDestructorP11rbtree_node
                0x000000000010421c        0x4 C:/devkitPro/libctru/lib\libctru.a(vram.o)
 .text.vramMemAlignAt
                0x0000000000104220      0x250 C:/devkitPro/libctru/lib\libctru.a(vram.o)
                0x0000000000104220                vramMemAlignAt
 .text.vramAlloc
                0x0000000000104470        0xc C:/devkitPro/libctru/lib\libctru.a(vram.o)
                0x0000000000104470                vramAlloc
 .text.vramFree
                0x000000000010447c       0x90 C:/devkitPro/libctru/lib\libctru.a(vram.o)
                0x000000000010447c                vramFree
 .text._ZL21addrMapNodeComparatorPK11rbtree_nodeS1_
                0x000000000010450c       0x24 C:/devkitPro/libctru/lib\libctru.a(linear.o)
 .text._ZL21addrMapNodeDestructorP11rbtree_node
                0x0000000000104530        0x4 C:/devkitPro/libctru/lib\libctru.a(linear.o)
 .text.linearMemAlign
                0x0000000000104534      0x120 C:/devkitPro/libctru/lib\libctru.a(linear.o)
                0x0000000000104534                linearMemAlign
 .text.linearAlloc
                0x0000000000104654        0x8 C:/devkitPro/libctru/lib\libctru.a(linear.o)
                0x0000000000104654                linearAlloc
 .text.linearFree
                0x000000000010465c       0x5c C:/devkitPro/libctru/lib\libctru.a(linear.o)
                0x000000000010465c                linearFree
 .text._ZN7MemPool13CoalesceRightEP8MemBlock
                0x00000000001046b8       0x80 C:/devkitPro/libctru/lib\libctru.a(mem_pool.o)
                0x00000000001046b8                MemPool::CoalesceRight(MemBlock*)
 .text._ZN7MemPool8AllocateER8MemChunkmi
                0x0000000000104738      0x16c C:/devkitPro/libctru/lib\libctru.a(mem_pool.o)
                0x0000000000104738                MemPool::Allocate(MemChunk&, unsigned long, int)
 .text._ZN7MemPool10DeallocateERK8MemChunk
                0x00000000001048a4       0xfc C:/devkitPro/libctru/lib\libctru.a(mem_pool.o)
                0x00000000001048a4                MemPool::Deallocate(MemChunk const&)
 .text._ZN7MemPool12GetFreeSpaceEv
                0x00000000001049a0       0x30 C:/devkitPro/libctru/lib\libctru.a(mem_pool.o)
                0x00000000001049a0                MemPool::GetFreeSpace()
 .text.__sync_init
                0x00000000001049d0        0xc C:/devkitPro/libctru/lib\libctru.a(synchronization.o)
                0x00000000001049d0                __sync_init
 .text.__sync_fini
                0x00000000001049dc       0x18 C:/devkitPro/libctru/lib\libctru.a(synchronization.o)
                0x00000000001049dc                __sync_fini
 .text.syncArbitrateAddress
                0x00000000001049f4       0x2c C:/devkitPro/libctru/lib\libctru.a(synchronization.o)
                0x00000000001049f4                syncArbitrateAddress
 .text.LightLock_Lock
                0x0000000000104a20       0xb0 C:/devkitPro/libctru/lib\libctru.a(synchronization.o)
                0x0000000000104a20                LightLock_Lock
 .text.RecursiveLock_Lock
                0x0000000000104ad0       0x30 C:/devkitPro/libctru/lib\libctru.a(synchronization.o)
                0x0000000000104ad0                RecursiveLock_Lock
 .text.RecursiveLock_Unlock
                0x0000000000104b00       0x54 C:/devkitPro/libctru/lib\libctru.a(synchronization.o)
                0x0000000000104b00                RecursiveLock_Unlock
 .text.LightEvent_Init
                0x0000000000104b54       0x40 C:/devkitPro/libctru/lib\libctru.a(synchronization.o)
                0x0000000000104b54                LightEvent_Init
 .text.LightEvent_Clear
                0x0000000000104b94       0xa4 C:/devkitPro/libctru/lib\libctru.a(synchronization.o)
                0x0000000000104b94                LightEvent_Clear
 .text.LightEvent_Signal
                0x0000000000104c38       0xc8 C:/devkitPro/libctru/lib\libctru.a(synchronization.o)
                0x0000000000104c38                LightEvent_Signal
 .text.LightEvent_TryWait
                0x0000000000104d00       0x50 C:/devkitPro/libctru/lib\libctru.a(synchronization.o)
                0x0000000000104d00                LightEvent_TryWait
 .text.LightEvent_Wait
                0x0000000000104d50       0xb0 C:/devkitPro/libctru/lib\libctru.a(synchronization.o)
                0x0000000000104d50                LightEvent_Wait
 .text.__ctru_speedup_config
                0x0000000000104e00       0x34 C:/devkitPro/libctru/lib\libctru.a(os.o)
                0x0000000000104e00                __ctru_speedup_config
 .text.srvInit  0x0000000000104e34      0x130 C:/devkitPro/libctru/lib\libctru.a(srv.o)
                0x0000000000104e34                srvInit
 .text.srvExit  0x0000000000104f64       0x58 C:/devkitPro/libctru/lib\libctru.a(srv.o)
                0x0000000000104f64                srvExit
 .text.srvGetServiceHandleDirect
                0x0000000000104fbc       0xa0 C:/devkitPro/libctru/lib\libctru.a(srv.o)
                0x0000000000104fbc                srvGetServiceHandleDirect
 .text.srvGetServiceHandle
                0x000000000010505c       0x38 C:/devkitPro/libctru/lib\libctru.a(srv.o)
                0x000000000010505c                srvGetServiceHandle
 .text.srvPublishToSubscriber
                0x0000000000105094       0x38 C:/devkitPro/libctru/lib\libctru.a(srv.o)
                0x0000000000105094                srvPublishToSubscriber
 .text.threadCreate
                0x00000000001050cc      0x178 C:/devkitPro/libctru/lib\libctru.a(thread.o)
                0x00000000001050cc                threadCreate
 .text.threadFree
                0x0000000000105244       0x2c C:/devkitPro/libctru/lib\libctru.a(thread.o)
                0x0000000000105244                threadFree
 .text.threadJoin
                0x0000000000105270       0x24 C:/devkitPro/libctru/lib\libctru.a(thread.o)
                0x0000000000105270                threadJoin
 .text.threadGetCurrent
                0x0000000000105294       0x30 C:/devkitPro/libctru/lib\libctru.a(thread.o)
                0x0000000000105294                threadGetCurrent
 .text.threadExit
                0x00000000001052c4       0x40 C:/devkitPro/libctru/lib\libctru.a(thread.o)
                0x00000000001052c4                threadExit
 .text._thread_begin
                0x0000000000105304       0x20 C:/devkitPro/libctru/lib\libctru.a(thread.o)
 .text.mappableFindAddressWithin
                0x0000000000105324       0xb4 C:/devkitPro/libctru/lib\libctru.a(mappable.o)
 .text.mappableInit
                0x00000000001053d8       0x28 C:/devkitPro/libctru/lib\libctru.a(mappable.o)
                0x00000000001053d8                mappableInit
 .text.mappableAlloc
                0x0000000000105400       0x80 C:/devkitPro/libctru/lib\libctru.a(mappable.o)
                0x0000000000105400                mappableAlloc
 .text.mappableFree
                0x0000000000105480        0x4 C:/devkitPro/libctru/lib\libctru.a(mappable.o)
                0x0000000000105480                mappableFree
 .text.irrstInit
                0x0000000000105484      0x164 C:/devkitPro/libctru/lib\libctru.a(irrst.o)
                0x0000000000105484                irrstInit
 .text.irrstExit
                0x00000000001055e8       0xcc C:/devkitPro/libctru/lib\libctru.a(irrst.o)
                0x00000000001055e8                irrstExit
 .text.irrstScanInput
                0x00000000001056b4       0xb4 C:/devkitPro/libctru/lib\libctru.a(irrst.o)
                0x00000000001056b4                irrstScanInput
 .text.irrstKeysHeld
                0x0000000000105768       0x24 C:/devkitPro/libctru/lib\libctru.a(irrst.o)
                0x0000000000105768                irrstKeysHeld
 .text.srvPmGetSessionHandle
                0x000000000010578c        0xc C:/devkitPro/libctru/lib\libctru.a(srvpm.o)
                0x000000000010578c                srvPmGetSessionHandle
 .text.ptmSysmInit
                0x0000000000105798       0x74 C:/devkitPro/libctru/lib\libctru.a(ptmsysm.o)
                0x0000000000105798                ptmSysmInit
 .text.ptmSysmExit
                0x000000000010580c       0x3c C:/devkitPro/libctru/lib\libctru.a(ptmsysm.o)
                0x000000000010580c                ptmSysmExit
 .text.PTMSYSM_ConfigureNew3DSCPU
                0x0000000000105848       0x34 C:/devkitPro/libctru/lib\libctru.a(ptmsysm.o)
                0x0000000000105848                PTMSYSM_ConfigureNew3DSCPU
 .text.rbtree_init
                0x000000000010587c       0x10 C:/devkitPro/libctru/lib\libctru.a(rbtree_init.o)
                0x000000000010587c                rbtree_init
 .text.do_insert
                0x000000000010588c      0x1b4 C:/devkitPro/libctru/lib\libctru.a(rbtree_insert.o)
 .text.rbtree_insert
                0x0000000000105a40        0x8 C:/devkitPro/libctru/lib\libctru.a(rbtree_insert.o)
                0x0000000000105a40                rbtree_insert
 .text.rbtree_rotate
                0x0000000000105a48       0x90 C:/devkitPro/libctru/lib\libctru.a(rbtree_rotate.o)
                0x0000000000105a48                rbtree_rotate
 .text.rbtree_remove
                0x0000000000105ad8      0x318 C:/devkitPro/libctru/lib\libctru.a(rbtree_remove.o)
                0x0000000000105ad8                rbtree_remove
 .text.rbtree_find
                0x0000000000105df0       0x74 C:/devkitPro/libctru/lib\libctru.a(rbtree_find.o)
                0x0000000000105df0                rbtree_find
 .text.__appInit
                0x0000000000105e64       0x30 C:/devkitPro/libctru/lib\libctru.a(appInit.o)
                0x0000000000105e64                __appInit
 .text.__syscall_getreent
                0x0000000000105e94       0x30 C:/devkitPro/libctru/lib\libctru.a(syscalls.o)
                0x0000000000105e94                __syscall_getreent
 .text.__syscall_lock_acquire_recursive
                0x0000000000105ec4        0x4 C:/devkitPro/libctru/lib\libctru.a(syscalls.o)
                0x0000000000105ec4                __syscall_lock_acquire_recursive
 .text.__syscall_lock_release_recursive
                0x0000000000105ec8        0x4 C:/devkitPro/libctru/lib\libctru.a(syscalls.o)
                0x0000000000105ec8                __syscall_lock_release_recursive
 .text.__syscall_exit
                0x0000000000105ecc        0x4 C:/devkitPro/libctru/lib\libctru.a(syscalls.o)
                0x0000000000105ecc                __syscall_exit
 .text.initThreadVars
                0x0000000000105ed0       0x50 C:/devkitPro/libctru/lib\libctru.a(syscalls.o)
                0x0000000000105ed0                initThreadVars
 .text.__system_initSyscalls
                0x0000000000105f20       0x68 C:/devkitPro/libctru/lib\libctru.a(syscalls.o)
                0x0000000000105f20                __system_initSyscalls
 .text.__system_allocateHeaps
                0x0000000000105f88      0x1e0 C:/devkitPro/libctru/lib\libctru.a(allocateHeaps.o)
                0x0000000000105f88                __system_allocateHeaps
 .text.__appExit
                0x0000000000106168       0x30 C:/devkitPro/libctru/lib\libctru.a(appExit.o)
                0x0000000000106168                __appExit
 .text.__libctru_exit
                0x0000000000106198       0x90 C:/devkitPro/libctru/lib\libctru.a(ctru_exit.o)
                0x0000000000106198                __libctru_exit
 .text.envGetHandle
                0x0000000000106228       0x84 C:/devkitPro/libctru/lib\libctru.a(env.o)
                0x0000000000106228                envGetHandle
 .text.envDestroyHandles
                0x00000000001062ac       0x50 C:/devkitPro/libctru/lib\libctru.a(env.o)
                0x00000000001062ac                envDestroyHandles
 .text.archive_link
                0x00000000001062fc       0x14 C:/devkitPro/libctru/lib\libctru.a(archive_dev.o)
 .text.archive_dirreset
                0x0000000000106310       0x14 C:/devkitPro/libctru/lib\libctru.a(archive_dev.o)
 .text.archive_chmod
                0x0000000000106324       0x14 C:/devkitPro/libctru/lib\libctru.a(archive_dev.o)
 .text.error_cmp
                0x0000000000106338       0x24 C:/devkitPro/libctru/lib\libctru.a(archive_dev.o)
 .text.archive_translate_error
                0x000000000010635c       0x50 C:/devkitPro/libctru/lib\libctru.a(archive_dev.o)
 .text.archive_seek
                0x00000000001063ac       0xc8 C:/devkitPro/libctru/lib\libctru.a(archive_dev.o)
 .text._archiveInit.part.0
                0x0000000000106474       0x7c C:/devkitPro/libctru/lib\libctru.a(archive_dev.o)
 .text.archiveFindDevice.part.0
                0x00000000001064f0       0xc4 C:/devkitPro/libctru/lib\libctru.a(archive_dev.o)
 .text.archive_utf16path
                0x00000000001065b4      0x25c C:/devkitPro/libctru/lib\libctru.a(archive_dev.o)
 .text._archiveUnmountDeviceStruct.part.0
                0x0000000000106810       0xa0 C:/devkitPro/libctru/lib\libctru.a(archive_dev.o)
 .text.archive_fchmod
                0x00000000001068b0       0x14 C:/devkitPro/libctru/lib\libctru.a(archive_dev.o)
 .text.archive_statvfs
                0x00000000001068c4       0x14 C:/devkitPro/libctru/lib\libctru.a(archive_dev.o)
 .text._archiveMountDevice
                0x00000000001068d8      0x164 C:/devkitPro/libctru/lib\libctru.a(archive_dev.o)
 .text.archive_diropen
                0x0000000000106a3c       0xe8 C:/devkitPro/libctru/lib\libctru.a(archive_dev.o)
 .text.archive_fstat
                0x0000000000106b24       0xa4 C:/devkitPro/libctru/lib\libctru.a(archive_dev.o)
 .text.archive_close
                0x0000000000106bc8       0x6c C:/devkitPro/libctru/lib\libctru.a(archive_dev.o)
 .text.archive_fsync
                0x0000000000106c34       0x6c C:/devkitPro/libctru/lib\libctru.a(archive_dev.o)
 .text.archive_dirclose
                0x0000000000106ca0       0x70 C:/devkitPro/libctru/lib\libctru.a(archive_dev.o)
 .text.sdmc_statvfs
                0x0000000000106d10       0xe8 C:/devkitPro/libctru/lib\libctru.a(archive_dev.o)
 .text.archive_chdir
                0x0000000000106df8       0xec C:/devkitPro/libctru/lib\libctru.a(archive_dev.o)
 .text.archive_ftruncate
                0x0000000000106ee4       0x7c C:/devkitPro/libctru/lib\libctru.a(archive_dev.o)
 .text.archive_read
                0x0000000000106f60       0xac C:/devkitPro/libctru/lib\libctru.a(archive_dev.o)
 .text.archive_unlink
                0x000000000010700c       0xa4 C:/devkitPro/libctru/lib\libctru.a(archive_dev.o)
 .text.archive_rmdir
                0x00000000001070b0       0xbc C:/devkitPro/libctru/lib\libctru.a(archive_dev.o)
 .text.archive_mkdir
                0x000000000010716c       0xdc C:/devkitPro/libctru/lib\libctru.a(archive_dev.o)
 .text.archive_stat
                0x0000000000107248      0x19c C:/devkitPro/libctru/lib\libctru.a(archive_dev.o)
 .text.archive_dirnext
                0x00000000001073e4      0x15c C:/devkitPro/libctru/lib\libctru.a(archive_dev.o)
 .text.archive_write
                0x0000000000107540       0xec C:/devkitPro/libctru/lib\libctru.a(archive_dev.o)
 .text.archive_open
                0x000000000010762c      0x1d4 C:/devkitPro/libctru/lib\libctru.a(archive_dev.o)
 .text.archive_rename
                0x0000000000107800      0x278 C:/devkitPro/libctru/lib\libctru.a(archive_dev.o)
 .text.archiveMountSdmc
                0x0000000000107a78      0x19c C:/devkitPro/libctru/lib\libctru.a(archive_dev.o)
                0x0000000000107a78                archiveMountSdmc
 .text.archiveUnmountAll
                0x0000000000107c14       0x54 C:/devkitPro/libctru/lib\libctru.a(archive_dev.o)
                0x0000000000107c14                archiveUnmountAll
 .text.fsInit   0x0000000000107c68       0xcc C:/devkitPro/libctru/lib\libctru.a(fs.o)
                0x0000000000107c68                fsInit
 .text.fsExit   0x0000000000107d34       0x3c C:/devkitPro/libctru/lib\libctru.a(fs.o)
                0x0000000000107d34                fsExit
 .text.fsExemptFromSession
                0x0000000000107d70       0x60 C:/devkitPro/libctru/lib\libctru.a(fs.o)
                0x0000000000107d70                fsExemptFromSession
 .text.fsUnexemptFromSession
                0x0000000000107dd0       0x50 C:/devkitPro/libctru/lib\libctru.a(fs.o)
                0x0000000000107dd0                fsUnexemptFromSession
 .text.FSUSER_OpenFile
                0x0000000000107e20       0xcc C:/devkitPro/libctru/lib\libctru.a(fs.o)
                0x0000000000107e20                FSUSER_OpenFile
 .text.FSUSER_DeleteFile
                0x0000000000107eec       0xbc C:/devkitPro/libctru/lib\libctru.a(fs.o)
                0x0000000000107eec                FSUSER_DeleteFile
 .text.FSUSER_RenameFile
                0x0000000000107fa8       0xf8 C:/devkitPro/libctru/lib\libctru.a(fs.o)
                0x0000000000107fa8                FSUSER_RenameFile
 .text.FSUSER_DeleteDirectory
                0x00000000001080a0       0xbc C:/devkitPro/libctru/lib\libctru.a(fs.o)
                0x00000000001080a0                FSUSER_DeleteDirectory
 .text.FSUSER_CreateFile
                0x000000000010815c       0xd4 C:/devkitPro/libctru/lib\libctru.a(fs.o)
                0x000000000010815c                FSUSER_CreateFile
 .text.FSUSER_CreateDirectory
                0x0000000000108230       0xc4 C:/devkitPro/libctru/lib\libctru.a(fs.o)
                0x0000000000108230                FSUSER_CreateDirectory
 .text.FSUSER_RenameDirectory
                0x00000000001082f4       0xf8 C:/devkitPro/libctru/lib\libctru.a(fs.o)
                0x00000000001082f4                FSUSER_RenameDirectory
 .text.FSUSER_OpenDirectory
                0x00000000001083ec       0xb4 C:/devkitPro/libctru/lib\libctru.a(fs.o)
                0x00000000001083ec                FSUSER_OpenDirectory
 .text.FSUSER_OpenArchive
                0x00000000001084a0       0x98 C:/devkitPro/libctru/lib\libctru.a(fs.o)
                0x00000000001084a0                FSUSER_OpenArchive
 .text.FSUSER_CloseArchive
                0x0000000000108538       0x8c C:/devkitPro/libctru/lib\libctru.a(fs.o)
                0x0000000000108538                FSUSER_CloseArchive
 .text.FSUSER_GetSdmcArchiveResource
                0x00000000001085c4       0x74 C:/devkitPro/libctru/lib\libctru.a(fs.o)
                0x00000000001085c4                FSUSER_GetSdmcArchiveResource
 .text.FSUSER_IsSdmcWritable
                0x0000000000108638       0x64 C:/devkitPro/libctru/lib\libctru.a(fs.o)
                0x0000000000108638                FSUSER_IsSdmcWritable
 .text.FSFILE_Read
                0x000000000010869c       0x58 C:/devkitPro/libctru/lib\libctru.a(fs.o)
                0x000000000010869c                FSFILE_Read
 .text.FSFILE_Write
                0x00000000001086f4       0x60 C:/devkitPro/libctru/lib\libctru.a(fs.o)
                0x00000000001086f4                FSFILE_Write
 .text.FSFILE_GetSize
                0x0000000000108754       0x3c C:/devkitPro/libctru/lib\libctru.a(fs.o)
                0x0000000000108754                FSFILE_GetSize
 .text.FSFILE_SetSize
                0x0000000000108790       0x28 C:/devkitPro/libctru/lib\libctru.a(fs.o)
                0x0000000000108790                FSFILE_SetSize
 .text.FSFILE_Close
                0x00000000001087b8       0x3c C:/devkitPro/libctru/lib\libctru.a(fs.o)
                0x00000000001087b8                FSFILE_Close
 .text.FSFILE_Flush
                0x00000000001087f4       0x24 C:/devkitPro/libctru/lib\libctru.a(fs.o)
                0x00000000001087f4                FSFILE_Flush
 .text.FSDIR_Read
                0x0000000000108818       0x50 C:/devkitPro/libctru/lib\libctru.a(fs.o)
                0x0000000000108818                FSDIR_Read
 .text.FSDIR_Close
                0x0000000000108868       0x3c C:/devkitPro/libctru/lib\libctru.a(fs.o)
                0x0000000000108868                FSDIR_Close
 .text.rbtree_node_next
                0x00000000001088a4       0x5c C:/devkitPro/libctru/lib\libctru.a(rbtree_iterator.o)
                0x00000000001088a4                rbtree_node_next
 .text.utf16_to_utf8
                0x0000000000108900       0xe8 C:/devkitPro/libctru/lib\libctru.a(utf16_to_utf8.o)
                0x0000000000108900                utf16_to_utf8
 .text.decode_utf16
                0x00000000001089e8       0x64 C:/devkitPro/libctru/lib\libctru.a(decode_utf16.o)
                0x00000000001089e8                decode_utf16
 .text.decode_utf8
                0x0000000000108a4c      0x13c C:/devkitPro/libctru/lib\libctru.a(decode_utf8.o)
                0x0000000000108a4c                decode_utf8
 .text.utf8_to_utf16
                0x0000000000108b88       0xc0 C:/devkitPro/libctru/lib\libctru.a(utf8_to_utf16.o)
                0x0000000000108b88                utf8_to_utf16
 .text.__aeabi_read_tp
                0x0000000000108c48        0xc C:/devkitPro/libctru/lib\libctru.a(readtp.o)
                0x0000000000108c48                __aeabi_read_tp
 .text.encode_utf16
                0x0000000000108c54       0x54 C:/devkitPro/libctru/lib\libctru.a(encode_utf16.o)
                0x0000000000108c54                encode_utf16
 .text.encode_utf8
                0x0000000000108ca8       0xe0 C:/devkitPro/libctru/lib\libctru.a(encode_utf8.o)
                0x0000000000108ca8                encode_utf8
 .text.bsearch  0x0000000000108d88       0x78 c:/devkitpro/devkitarm/bin/../lib/gcc/arm-none-eabi/12.2.0/../../../../arm-none-eabi/lib/armv6k/fpu\libg.a(lib_a-bsearch.o)
                0x0000000000108d88                bsearch
 .text.exit     0x0000000000108e00       0x34 c:/devkitpro/devkitarm/bin/../lib/gcc/arm-none-eabi/12.2.0/../../../../arm-none-eabi/lib/armv6k/fpu\libg.a(lib_a-exit.o)
                0x0000000000108e00                exit
 .text.__libc_fini_array
                0x0000000000108e34       0x3c c:/devkitpro/devkitarm/bin/../lib/gcc/arm-none-eabi/12.2.0/../../../../arm-none-eabi/lib/armv6k/fpu\libg.a(lib_a-fini.o)
                0x0000000000108e34                __libc_fini_array
 .text._malloc_trim_r
                0x0000000000108e70       0xf8 c:/devkitpro/devkitarm/bin/../lib/gcc/arm-none-eabi/12.2.0/../../../../arm-none-eabi/lib/armv6k/fpu\libg.a(lib_a-freer.o)
                0x0000000000108e70                _malloc_trim_r
 .text._free_r  0x0000000000108f68      0x2e8 c:/devkitpro/devkitarm/bin/../lib/gcc/arm-none-eabi/12.2.0/../../../../arm-none-eabi/lib/armv6k/fpu\libg.a(lib_a-freer.o)
                0x0000000000108f68                _free_r
 .text.__libc_init_array
                0x0000000000109250       0x84 c:/devkitpro/devkitarm/bin/../lib/gcc/arm-none-eabi/12.2.0/../../../../arm-none-eabi/lib/armv6k/fpu\libg.a(lib_a-init.o)
                0x0000000000109250                __libc_init_array
 .text.memalign
                0x00000000001092d4       0x20 c:/devkitpro/devkitarm/bin/../lib/gcc/arm-none-eabi/12.2.0/../../../../arm-none-eabi/lib/armv6k/fpu\libg.a(lib_a-malign.o)
                0x00000000001092d4                memalign
 .text._memalign_r
                0x00000000001092f4      0x14c c:/devkitpro/devkitarm/bin/../lib/gcc/arm-none-eabi/12.2.0/../../../../arm-none-eabi/lib/armv6k/fpu\libg.a(lib_a-malignr.o)
                0x00000000001092f4                _memalign_r
 .text.malloc   0x0000000000109440       0x18 c:/devkitpro/devkitarm/bin/../lib/gcc/arm-none-eabi/12.2.0/../../../../arm-none-eabi/lib/armv6k/fpu\libg.a(lib_a-malloc.o)
                0x0000000000109440                malloc
 .text.free     0x0000000000109458       0x18 c:/devkitpro/devkitarm/bin/../lib/gcc/arm-none-eabi/12.2.0/../../../../arm-none-eabi/lib/armv6k/fpu\libg.a(lib_a-malloc.o)
                0x0000000000109458                free
 .text._malloc_r
                0x0000000000109470      0x7e4 c:/devkitpro/devkitarm/bin/../lib/gcc/arm-none-eabi/12.2.0/../../../../arm-none-eabi/lib/armv6k/fpu\libg.a(lib_a-mallocr.o)
                0x0000000000109470                _malloc_r
 .text.memcpy   0x0000000000109c54      0x118 c:/devkitpro/devkitarm/bin/../lib/gcc/arm-none-eabi/12.2.0/../../../../arm-none-eabi/lib/armv6k/fpu\libg.a(lib_a-memcpy-stub.o)
                0x0000000000109c54                memcpy
 .text.memset   0x0000000000109d6c       0xf4 c:/devkitpro/devkitarm/bin/../lib/gcc/arm-none-eabi/12.2.0/../../../../arm-none-eabi/lib/armv6k/fpu\libg.a(lib_a-memset.o)
                0x0000000000109d6c                memset
 .text.__malloc_lock
                0x0000000000109e60        0xc c:/devkitpro/devkitarm/bin/../lib/gcc/arm-none-eabi/12.2.0/../../../../arm-none-eabi/lib/armv6k/fpu\libg.a(lib_a-mlock.o)
                0x0000000000109e60                __malloc_lock
 .text.__malloc_unlock
                0x0000000000109e6c        0xc c:/devkitpro/devkitarm/bin/../lib/gcc/arm-none-eabi/12.2.0/../../../../arm-none-eabi/lib/armv6k/fpu\libg.a(lib_a-mlock.o)
                0x0000000000109e6c                __malloc_unlock
 .text.strlen   0x0000000000109e78       0x5c c:/devkitpro/devkitarm/bin/../lib/gcc/arm-none-eabi/12.2.0/../../../../arm-none-eabi/lib/armv6k/fpu\libg.a(lib_a-strlen-stub.o)
                0x0000000000109e78                strlen
 .text.strncat  0x0000000000109ed4       0xe4 c:/devkitpro/devkitarm/bin/../lib/gcc/arm-none-eabi/12.2.0/../../../../arm-none-eabi/lib/armv6k/fpu\libg.a(lib_a-strncat.o)
                0x0000000000109ed4                strncat
 .text.strncmp  0x0000000000109fb8       0xe4 c:/devkitpro/devkitarm/bin/../lib/gcc/arm-none-eabi/12.2.0/../../../../arm-none-eabi/lib/armv6k/fpu\libg.a(lib_a-strncmp.o)
                0x0000000000109fb8                strncmp
 .text.strncpy  0x000000000010a09c       0xc4 c:/devkitpro/devkitarm/bin/../lib/gcc/arm-none-eabi/12.2.0/../../../../arm-none-eabi/lib/armv6k/fpu\libg.a(lib_a-strncpy.o)
                0x000000000010a09c                strncpy
 .text.strnlen  0x000000000010a160       0x48 c:/devkitpro/devkitarm/bin/../lib/gcc/arm-none-eabi/12.2.0/../../../../arm-none-eabi/lib/armv6k/fpu\libg.a(lib_a-strnlen.o)
                0x000000000010a160                strnlen
 .text._strtoul_l.constprop.0
                0x000000000010a1a8      0x1c4 c:/devkitpro/devkitarm/bin/../lib/gcc/arm-none-eabi/12.2.0/../../../../arm-none-eabi/lib/armv6k/fpu\libg.a(lib_a-strtoul.o)
 .text.strtoul  0x000000000010a36c       0x28 c:/devkitpro/devkitarm/bin/../lib/gcc/arm-none-eabi/12.2.0/../../../../arm-none-eabi/lib/armv6k/fpu\libg.a(lib_a-strtoul.o)
                0x000000000010a36c                strtoul
 .text.__call_exitprocs
                0x000000000010a394      0x114 c:/devkitpro/devkitarm/bin/../lib/gcc/arm-none-eabi/12.2.0/../../../../arm-none-eabi/lib/armv6k/fpu\libg.a(lib_a-__call_atexit.o)
                0x000000000010a394                __call_exitprocs
 .text.null_write
                0x000000000010a4a8        0x8 c:/devkitpro/devkitarm/bin/../lib/gcc/arm-none-eabi/12.2.0/../../../../arm-none-eabi/lib/armv6k/fpu\libsysbase.a(iosupport.o)
 .text.setDefaultDevice
                0x000000000010a4b0       0x18 c:/devkitpro/devkitarm/bin/../lib/gcc/arm-none-eabi/12.2.0/../../../../arm-none-eabi/lib/armv6k/fpu\libsysbase.a(iosupport.o)
                0x000000000010a4b0                setDefaultDevice
 .text.FindDevice
                0x000000000010a4c8       0xc8 c:/devkitpro/devkitarm/bin/../lib/gcc/arm-none-eabi/12.2.0/../../../../arm-none-eabi/lib/armv6k/fpu\libsysbase.a(iosupport.o)
                0x000000000010a4c8                FindDevice
 .text.RemoveDevice
                0x000000000010a590       0x28 c:/devkitpro/devkitarm/bin/../lib/gcc/arm-none-eabi/12.2.0/../../../../arm-none-eabi/lib/armv6k/fpu\libsysbase.a(iosupport.o)
                0x000000000010a590                RemoveDevice
 .text.AddDevice
                0x000000000010a5b8       0x9c c:/devkitpro/devkitarm/bin/../lib/gcc/arm-none-eabi/12.2.0/../../../../arm-none-eabi/lib/armv6k/fpu\libsysbase.a(iosupport.o)
                0x000000000010a5b8                AddDevice
 .text.GetDeviceOpTab
                0x000000000010a654       0x20 c:/devkitpro/devkitarm/bin/../lib/gcc/arm-none-eabi/12.2.0/../../../../arm-none-eabi/lib/armv6k/fpu\libsysbase.a(iosupport.o)
                0x000000000010a654                GetDeviceOpTab
 .text._sbrk_r  0x000000000010a674       0x78 c:/devkitpro/devkitarm/bin/../lib/gcc/arm-none-eabi/12.2.0/../../../../arm-none-eabi/lib/armv6k/fpu\libsysbase.a(sbrk.o)
                0x000000000010a674                _sbrk_r
 .text._exit    0x000000000010a6ec       0x20 c:/devkitpro/devkitarm/bin/../lib/gcc/arm-none-eabi/12.2.0/../../../../arm-none-eabi/lib/armv6k/fpu\libsysbase.a(_exit.o)
                0x000000000010a6ec                _exit
 .text._concatenate_path
                0x000000000010a70c      0x1a4 c:/devkitpro/devkitarm/bin/../lib/gcc/arm-none-eabi/12.2.0/../../../../arm-none-eabi/lib/armv6k/fpu\libsysbase.a(chdir.o)
                0x000000000010a70c                _concatenate_path
 .text.chdir    0x000000000010a8b0      0x140 c:/devkitpro/devkitarm/bin/../lib/gcc/arm-none-eabi/12.2.0/../../../../arm-none-eabi/lib/armv6k/fpu\libsysbase.a(chdir.o)
                0x000000000010a8b0                chdir
 .text.__getreent
                0x000000000010a9f0       0x2c c:/devkitpro/devkitarm/bin/../lib/gcc/arm-none-eabi/12.2.0/../../../../arm-none-eabi/lib/armv6k/fpu\libsysbase.a(getreent.o)
                0x000000000010a9f0                __getreent
 .text.__libc_lock_acquire_recursive
                0x000000000010aa1c       0x1c c:/devkitpro/devkitarm/bin/../lib/gcc/arm-none-eabi/12.2.0/../../../../arm-none-eabi/lib/armv6k/fpu\libsysbase.a(syscall_support.o)
                0x000000000010aa1c                __libc_lock_acquire_recursive
 .text.__libc_lock_release_recursive
                0x000000000010aa38       0x1c c:/devkitpro/devkitarm/bin/../lib/gcc/arm-none-eabi/12.2.0/../../../../arm-none-eabi/lib/armv6k/fpu\libsysbase.a(syscall_support.o)
                0x000000000010aa38                __libc_lock_release_recursive
 .text.strchr   0x000000000010aa54      0x130 c:/devkitpro/devkitarm/bin/../lib/gcc/arm-none-eabi/12.2.0/../../../../arm-none-eabi/lib/armv6k/fpu\libg.a(lib_a-strchr.o)
                0x000000000010aa54                strchr
 .text.strrchr  0x000000000010ab84       0x48 c:/devkitpro/devkitarm/bin/../lib/gcc/arm-none-eabi/12.2.0/../../../../arm-none-eabi/lib/armv6k/fpu\libg.a(lib_a-strrchr.o)
                0x000000000010ab84                strrchr
 *(.glue_7)
 .glue_7        0x000000000010abcc        0x0 linker stubs
 *(.glue_7t)
 .glue_7t       0x000000000010abcc        0x0 linker stubs
 *(.stub)
 *(.gnu.warning)
 *(.gnu.linkonce.t*)
                0x000000000010abcc                . = ALIGN (0x4)
 *(.fini)
 .fini          0x000000000010abcc        0xc c:/devkitpro/devkitarm/bin/../lib/gcc/arm-none-eabi/12.2.0/armv6k/fpu/crti.o
                0x000000000010abcc                _fini
 .fini          0x000000000010abd8        0xc c:/devkitpro/devkitarm/bin/../lib/gcc/arm-none-eabi/12.2.0/armv6k/fpu/crtn.o
                0x000000000010abe4                . = ALIGN (0x4)

.vfp11_veneer   0x000000000010abe4        0x0
 .vfp11_veneer  0x000000000010abe4        0x0 linker stubs

.v4_bx          0x000000000010abe4        0x0
 .v4_bx         0x000000000010abe4        0x0 linker stubs

.iplt           0x000000000010abe4        0x0
 .iplt          0x000000000010abe4        0x0 c:/devkitpro/devkitarm/bin/../lib/gcc/arm-none-eabi/12.2.0/../../../../arm-none-eabi/lib/armv6k/fpu/3dsx_crt0.o
                0x000000000010b000                . = ALIGN (0x1000)

.rodata         0x000000000010b000      0x2cc
 *(.rodata)
 .rodata        0x000000000010b000        0x3 C:/devkitPro/libctru/lib\libctru.a(apt.o)
 *fill*         0x000000000010b003        0x1 
 .rodata        0x000000000010b004        0xc C:/devkitPro/libctru/lib\libctru.a(archive_dev.o)
 *(.roda)
 *(.rodata.*)
 .rodata.gspInit.str1.4
                0x000000000010b010        0x9 C:/devkitPro/libctru/lib\libctru.a(gspgpu.o)
 *fill*         0x000000000010b019        0x3 
 .rodata.aptSendCommand.str1.4
                0x000000000010b01c       0x16 C:/devkitPro/libctru/lib\libctru.a(apt.o)
 *fill*         0x000000000010b032        0x2 
 .rodata.morton_y.2
                0x000000000010b034        0x8 C:/devkitPro/libctru/lib\libctru.a(apt.o)
 .rodata.morton_x.3
                0x000000000010b03c        0x8 C:/devkitPro/libctru/lib\libctru.a(apt.o)
 .rodata.s_sleepWakeEvents.4
                0x000000000010b044        0x8 C:/devkitPro/libctru/lib\libctru.a(apt.o)
 .rodata.hidInit.str1.4
                0x000000000010b04c       0x15 C:/devkitPro/libctru/lib\libctru.a(hid.o)
 *fill*         0x000000000010b061        0x3 
 .rodata.__system_initArgv.str1.4
                0x000000000010b064        0xa C:/devkitPro/libctru/lib\libctru.a(initArgv.o)
 *fill*         0x000000000010b06e        0x2 
 .rodata.srvInit.str1.4
                0x000000000010b070        0x5 C:/devkitPro/libctru/lib\libctru.a(srv.o)
 *fill*         0x000000000010b075        0x3 
 .rodata.irrstInit.str1.4
                0x000000000010b078        0x7 C:/devkitPro/libctru/lib\libctru.a(irrst.o)
 *fill*         0x000000000010b07f        0x1 
 .rodata.ptmSysmInit.str1.4
                0x000000000010b080        0x9 C:/devkitPro/libctru/lib\libctru.a(ptmsysm.o)
 *fill*         0x000000000010b089        0x3 
 .rodata._archiveUnmountDeviceStruct.part.0.str1.4
                0x000000000010b08c        0x2 C:/devkitPro/libctru/lib\libctru.a(archive_dev.o)
 *fill*         0x000000000010b08e        0x2 
 .rodata._archiveMountDevice.str1.4
                0x000000000010b090        0x8 C:/devkitPro/libctru/lib\libctru.a(archive_dev.o)
                                          0xc (size before relaxing)
 .rodata.archiveMountSdmc.str1.4
                0x000000000010b098        0x5 C:/devkitPro/libctru/lib\libctru.a(archive_dev.o)
 *fill*         0x000000000010b09d        0x3 
 .rodata.error_table
                0x000000000010b0a0       0x30 C:/devkitPro/libctru/lib\libctru.a(archive_dev.o)
 .rodata.str1.4
                0x000000000010b0d0        0x8 C:/devkitPro/libctru/lib\libctru.a(archive_dev.o)
 .rodata.archive_devoptab
                0x000000000010b0d8       0x70 C:/devkitPro/libctru/lib\libctru.a(archive_dev.o)
 .rodata.fsInit.str1.4
                0x000000000010b148        0x8 C:/devkitPro/libctru/lib\libctru.a(fs.o)
 .rodata._global_impure_ptr
                0x000000000010b150        0x4 c:/devkitpro/devkitarm/bin/../lib/gcc/arm-none-eabi/12.2.0/../../../../arm-none-eabi/lib/armv6k/fpu\libg.a(lib_a-impure.o)
                0x000000000010b150                _global_impure_ptr
 .rodata._ctype_
                0x000000000010b154      0x101 c:/devkitpro/devkitarm/bin/../lib/gcc/arm-none-eabi/12.2.0/../../../../arm-none-eabi/lib/armv6k/fpu\libg.a(lib_a-ctype_.o)
                0x000000000010b154                _ctype_
 .rodata.AddDevice.str1.4
                0x000000000010b255        0x8 c:/devkitpro/devkitarm/bin/../lib/gcc/arm-none-eabi/12.2.0/../../../../arm-none-eabi/lib/armv6k/fpu\libsysbase.a(iosupport.o)
 *fill*         0x000000000010b255        0x3 
 .rodata.dotab_stdnull
                0x000000000010b258       0x70 c:/devkitpro/devkitarm/bin/../lib/gcc/arm-none-eabi/12.2.0/../../../../arm-none-eabi/lib/armv6k/fpu\libsysbase.a(iosupport.o)
                0x000000000010b258                dotab_stdnull
 *all.rodata*(*)
 *(.gnu.linkonce.r*)
                0x000000000010b2c8                . = ALIGN (0x4)
                0x000000000010b2c8                __tdata_align = .
                0x000000000010b2c8        0x4 LONG 0x1 ALIGNOF (.tdata)
                0x000000000010b2cc                . = ALIGN (0x4)

.eh_frame       0x000000000010b2cc        0x0
 .eh_frame      0x000000000010b2cc        0x0 c:/devkitpro/devkitarm/bin/../lib/gcc/arm-none-eabi/12.2.0/armv6k/fpu/crtbegin.o

.rel.dyn        0x000000000010b2cc        0x0
 .rel.iplt      0x000000000010b2cc        0x0 c:/devkitpro/devkitarm/bin/../lib/gcc/arm-none-eabi/12.2.0/../../../../arm-none-eabi/lib/armv6k/fpu/3dsx_crt0.o
 .rel.got       0x000000000010b2cc        0x0 c:/devkitpro/devkitarm/bin/../lib/gcc/arm-none-eabi/12.2.0/../../../../arm-none-eabi/lib/armv6k/fpu/3dsx_crt0.o

.ARM.extab
 *(.ARM.extab* .gnu.linkonce.armextab.*)
                0x000000000010b2cc                __exidx_start = .

ARM.exidx
 *(.ARM.exidx* .gnu.linkonce.armexidx.*)
                0x000000000010b2cc                __exidx_end = .
                0x000000000010c000                . = ALIGN (0x1000)

.data           0x000000000010c000      0xd18
 *(.data)
 *(.data.*)
 .data.kCount   0x000000000010c000        0x4 C:/devkitPro/libctru/lib\libctru.a(hid.o)
 .data.kInterval
                0x000000000010c004        0x4 C:/devkitPro/libctru/lib\libctru.a(hid.o)
 .data.kDelay   0x000000000010c008        0x4 C:/devkitPro/libctru/lib\libctru.a(hid.o)
 .data.__stacksize__
                0x000000000010c00c        0x4 C:/devkitPro/libctru/lib\libctru.a(stack_adjust.o)
                0x000000000010c00c                __stacksize__
 .data._impure_ptr
                0x000000000010c010        0x4 c:/devkitpro/devkitarm/bin/../lib/gcc/arm-none-eabi/12.2.0/../../../../arm-none-eabi/lib/armv6k/fpu\libg.a(lib_a-impure.o)
                0x000000000010c010                _impure_ptr
 *fill*         0x000000000010c014        0x4 
 .data.impure_data
                0x000000000010c018      0x460 c:/devkitpro/devkitarm/bin/../lib/gcc/arm-none-eabi/12.2.0/../../../../arm-none-eabi/lib/armv6k/fpu\libg.a(lib_a-impure.o)
 .data.__malloc_sbrk_base
                0x000000000010c478        0x4 c:/devkitpro/devkitarm/bin/../lib/gcc/arm-none-eabi/12.2.0/../../../../arm-none-eabi/lib/armv6k/fpu\libg.a(lib_a-mallocr.o)
                0x000000000010c478                __malloc_sbrk_base
 .data.__malloc_trim_threshold
                0x000000000010c47c        0x4 c:/devkitpro/devkitarm/bin/../lib/gcc/arm-none-eabi/12.2.0/../../../../arm-none-eabi/lib/armv6k/fpu\libg.a(lib_a-mallocr.o)
                0x000000000010c47c                __malloc_trim_threshold
 .data.__malloc_av_
                0x000000000010c480      0x408 c:/devkitpro/devkitarm/bin/../lib/gcc/arm-none-eabi/12.2.0/../../../../arm-none-eabi/lib/armv6k/fpu\libg.a(lib_a-mallocr.o)
                0x000000000010c480                __malloc_av_
 .data.devoptab_list
                0x000000000010c888       0x8c c:/devkitpro/devkitarm/bin/../lib/gcc/arm-none-eabi/12.2.0/../../../../arm-none-eabi/lib/armv6k/fpu\libsysbase.a(iosupport.o)
                0x000000000010c888                devoptab_list
 .data.defaultDevice
                0x000000000010c914        0x4 c:/devkitpro/devkitarm/bin/../lib/gcc/arm-none-eabi/12.2.0/../../../../arm-none-eabi/lib/armv6k/fpu\libsysbase.a(iosupport.o)
 .data._current_working_directory
                0x000000000010c918      0x400 c:/devkitpro/devkitarm/bin/../lib/gcc/arm-none-eabi/12.2.0/../../../../arm-none-eabi/lib/armv6k/fpu\libsysbase.a(chdir.o)
 *(.gnu.linkonce.d*)
                0x000000000010cd18                . = ALIGN (0x4)

.igot.plt       0x000000000010cd18        0x0
 .igot.plt      0x000000000010cd18        0x0 c:/devkitpro/devkitarm/bin/../lib/gcc/arm-none-eabi/12.2.0/../../../../arm-none-eabi/lib/armv6k/fpu/3dsx_crt0.o

.got            0x000000000010cd18        0x8
 .got           0x000000000010cd18        0x8 c:/devkitpro/devkitarm/bin/../lib/gcc/arm-none-eabi/12.2.0/../../../../arm-none-eabi/lib/armv6k/fpu/3dsx_crt0.o

.got.plt        0x000000000010cd20        0xc
 .got.plt       0x000000000010cd20        0xc c:/devkitpro/devkitarm/bin/../lib/gcc/arm-none-eabi/12.2.0/../../../../arm-none-eabi/lib/armv6k/fpu/3dsx_crt0.o
                0x000000000010cd20                _GLOBAL_OFFSET_TABLE_

.tdata          0x000000000010cd2c        0x0
                0x000000000010cd2c                __tdata_lma = .
 *(.tdata)
 *(.tdata.*)
 *(.gnu.linkonce.td.*)
                0x000000000010cd2c                . = ALIGN (0x4)
                0x000000000010cd2c                __tdata_lma_end = .

.tbss           0x000000000010cd2c      0xc08
 *(.tbss)
 *(.tbss.*)
 .tbss.__ctru_dev_utf16_buf
                0x000000000010cd2c      0x802 C:/devkitPro/libctru/lib\libctru.a(path_buf.o)
                0x000000000010cd2c                __ctru_dev_utf16_buf
 *fill*         0x000000000010d52e        0x2 
 .tbss.__ctru_dev_path_buf
                0x000000000010d530      0x401 C:/devkitPro/libctru/lib\libctru.a(path_buf.o)
                0x000000000010d530                __ctru_dev_path_buf
 *(.gnu.linkonce.tb.*)
 *(.tcommon)
                0x000000000010d934                . = ALIGN (0x4)
 *fill*         0x000000000010d931        0x3 

.preinit_array  0x000000000010cd2c        0x0
                0x000000000010cd2c                PROVIDE (__preinit_array_start = .)
 *(.preinit_array)
                0x000000000010cd2c                PROVIDE (__preinit_array_end = .)

.init_array     0x000000000010cd2c        0x4
                0x000000000010cd2c                PROVIDE (__init_array_start = .)
 *(SORT_BY_NAME(.init_array.*))
 *(.init_array)
 .init_array    0x000000000010cd2c        0x4 c:/devkitpro/devkitarm/bin/../lib/gcc/arm-none-eabi/12.2.0/armv6k/fpu/crtbegin.o
                0x000000000010cd30                PROVIDE (__init_array_end = .)

.fini_array     0x000000000010cd30        0x4
                0x000000000010cd30                PROVIDE (__fini_array_start = .)
 *(.fini_array)
 .fini_array    0x000000000010cd30        0x4 c:/devkitpro/devkitarm/bin/../lib/gcc/arm-none-eabi/12.2.0/armv6k/fpu/crtbegin.o
 *(SORT_BY_NAME(.fini_array.*))
                0x000000000010cd34                PROVIDE (__fini_array_end = .)

.ctors
 *crtbegin.o(.ctors)
 *(EXCLUDE_FILE(*crtend.o) .ctors)
 *(SORT_BY_NAME(.ctors.*))
 *(.ctors)

.dtors
 *crtbegin.o(.dtors)
 *(EXCLUDE_FILE(*crtend.o) .dtors)
 *(SORT_BY_NAME(.dtors.*))
 *(.dtors)
                0x000000000010cd34                __bss_start__ = .

.bss            0x000000000010cd34     0x286c
 *(.dynbss)
 *(.bss)
 *(.bss.*)
 .bss.completed.1
                0x000000000010cd34        0x1 c:/devkitpro/devkitarm/bin/../lib/gcc/arm-none-eabi/12.2.0/armv6k/fpu/crtbegin.o
 *fill*         0x000000000010cd35        0x3 
 .bss.object.0  0x000000000010cd38       0x18 c:/devkitpro/devkitarm/bin/../lib/gcc/arm-none-eabi/12.2.0/armv6k/fpu/crtbegin.o
 .bss.screenAlloc
                0x000000000010cd50        0x4 C:/devkitPro/libctru/lib\libctru.a(gfx.o)
 .bss.screenFree
                0x000000000010cd54        0x4 C:/devkitPro/libctru/lib\libctru.a(gfx.o)
 .bss.gfxIsDoubleBuf
                0x000000000010cd58        0x2 C:/devkitPro/libctru/lib\libctru.a(gfx.o)
 *fill*         0x000000000010cd5a        0x2 
 .bss.gfxCurBuf
                0x000000000010cd5c        0x2 C:/devkitPro/libctru/lib\libctru.a(gfx.o)
 .bss.gfxIsVram
                0x000000000010cd5e        0x1 C:/devkitPro/libctru/lib\libctru.a(gfx.o)
 .bss.gfxTopMode
                0x000000000010cd5f        0x1 C:/devkitPro/libctru/lib\libctru.a(gfx.o)
 .bss.gfxFramebufferFormats
                0x000000000010cd60        0x2 C:/devkitPro/libctru/lib\libctru.a(gfx.o)
 *fill*         0x000000000010cd62        0x2 
 .bss.gfxBottomFramebufferMaxSize
                0x000000000010cd64        0x4 C:/devkitPro/libctru/lib\libctru.a(gfx.o)
 .bss.gfxTopFramebufferMaxSize
                0x000000000010cd68        0x4 C:/devkitPro/libctru/lib\libctru.a(gfx.o)
 *fill*         0x000000000010cd6c        0x4 
 .bss.gfxBottomFramebuffers
                0x000000000010cd70        0x8 C:/devkitPro/libctru/lib\libctru.a(gfx.o)
 .bss.gfxTopFramebuffers
                0x000000000010cd78        0x8 C:/devkitPro/libctru/lib\libctru.a(gfx.o)
 .bss.gspEventCbOneShot
                0x000000000010cd80        0x7 C:/devkitPro/libctru/lib\libctru.a(gspgpu.o)
 *fill*         0x000000000010cd87        0x1 
 .bss.gspEventCbData
                0x000000000010cd88       0x1c C:/devkitPro/libctru/lib\libctru.a(gspgpu.o)
 .bss.gspEventCb
                0x000000000010cda4       0x1c C:/devkitPro/libctru/lib\libctru.a(gspgpu.o)
 .bss.gspEvents
                0x000000000010cdc0       0x38 C:/devkitPro/libctru/lib\libctru.a(gspgpu.o)
 .bss.gspLastEvent
                0x000000000010cdf8        0x4 C:/devkitPro/libctru/lib\libctru.a(gspgpu.o)
 .bss.gspRunEvents
                0x000000000010cdfc        0x1 C:/devkitPro/libctru/lib\libctru.a(gspgpu.o)
 *fill*         0x000000000010cdfd        0x3 
 .bss.gspEventThread
                0x000000000010ce00        0x4 C:/devkitPro/libctru/lib\libctru.a(gspgpu.o)
 .bss.gspEvent  0x000000000010ce04        0x4 C:/devkitPro/libctru/lib\libctru.a(gspgpu.o)
 .bss.gspGpuRight
                0x000000000010ce08        0x1 C:/devkitPro/libctru/lib\libctru.a(gspgpu.o)
 .bss.gspThreadId
                0x000000000010ce09        0x1 C:/devkitPro/libctru/lib\libctru.a(gspgpu.o)
 *fill*         0x000000000010ce0a        0x2 
 .bss.gspSharedMem
                0x000000000010ce0c        0x4 C:/devkitPro/libctru/lib\libctru.a(gspgpu.o)
 .bss.gspSharedMemHandle
                0x000000000010ce10        0x4 C:/devkitPro/libctru/lib\libctru.a(gspgpu.o)
 .bss.gspRefCount
                0x000000000010ce14        0x4 C:/devkitPro/libctru/lib\libctru.a(gspgpu.o)
 .bss.gspGpuHandle
                0x000000000010ce18        0x4 C:/devkitPro/libctru/lib\libctru.a(gspgpu.o)
 .bss.flagValue.0
                0x000000000010ce1c        0x1 C:/devkitPro/libctru/lib\libctru.a(apt.o)
 .bss.flagInit.1
                0x000000000010ce1d        0x1 C:/devkitPro/libctru/lib\libctru.a(apt.o)
 *fill*         0x000000000010ce1e        0x2 
 .bss.serviceName.6
                0x000000000010ce20        0x4 C:/devkitPro/libctru/lib\libctru.a(apt.o)
 .bss.aptChainloadMediatype
                0x000000000010ce24        0x1 C:/devkitPro/libctru/lib\libctru.a(apt.o)
 *fill*         0x000000000010ce25        0x3 
 .bss.aptChainloadTid
                0x000000000010ce28        0x8 C:/devkitPro/libctru/lib\libctru.a(apt.o)
 .bss.aptChainloadFlags
                0x000000000010ce30        0x1 C:/devkitPro/libctru/lib\libctru.a(apt.o)
 *fill*         0x000000000010ce31        0x3 
 .bss.aptParameters
                0x000000000010ce34     0x1000 C:/devkitPro/libctru/lib\libctru.a(apt.o)
 .bss.aptFlags  0x000000000010de34        0x4 C:/devkitPro/libctru/lib\libctru.a(apt.o)
 .bss.aptHomeButtonState
                0x000000000010de38        0x1 C:/devkitPro/libctru/lib\libctru.a(apt.o)
 *fill*         0x000000000010de39        0x3 
 .bss.aptMessageFuncData
                0x000000000010de3c        0x4 C:/devkitPro/libctru/lib\libctru.a(apt.o)
 .bss.aptMessageFunc
                0x000000000010de40        0x4 C:/devkitPro/libctru/lib\libctru.a(apt.o)
 .bss.aptFirstHook
                0x000000000010de44        0xc C:/devkitPro/libctru/lib\libctru.a(apt.o)
 .bss.aptEventHandlerThreadQuit
                0x000000000010de50        0x1 C:/devkitPro/libctru/lib\libctru.a(apt.o)
 *fill*         0x000000000010de51        0x3 
 .bss.aptEventHandlerThread
                0x000000000010de54        0x4 C:/devkitPro/libctru/lib\libctru.a(apt.o)
 .bss.aptSleepEvent
                0x000000000010de58        0x8 C:/devkitPro/libctru/lib\libctru.a(apt.o)
 .bss.aptReceiveEvent
                0x000000000010de60        0x8 C:/devkitPro/libctru/lib\libctru.a(apt.o)
 .bss.aptEvents
                0x000000000010de68        0x8 C:/devkitPro/libctru/lib\libctru.a(apt.o)
 .bss.aptLockHandle
                0x000000000010de70        0x4 C:/devkitPro/libctru/lib\libctru.a(apt.o)
 .bss.aptRefCount
                0x000000000010de74        0x4 C:/devkitPro/libctru/lib\libctru.a(apt.o)
 .bss.usingIrrst
                0x000000000010de78        0x1 C:/devkitPro/libctru/lib\libctru.a(hid.o)
 *fill*         0x000000000010de79        0x3 
 .bss.hidRefCount
                0x000000000010de7c        0x4 C:/devkitPro/libctru/lib\libctru.a(hid.o)
 .bss.gRate     0x000000000010de80        0x6 C:/devkitPro/libctru/lib\libctru.a(hid.o)
 *fill*         0x000000000010de86        0x2 
 .bss.aVec      0x000000000010de88        0x6 C:/devkitPro/libctru/lib\libctru.a(hid.o)
 *fill*         0x000000000010de8e        0x2 
 .bss.cPos      0x000000000010de90        0x4 C:/devkitPro/libctru/lib\libctru.a(hid.o)
 .bss.tPos      0x000000000010de94        0x4 C:/devkitPro/libctru/lib\libctru.a(hid.o)
 .bss.kRepeat   0x000000000010de98        0x4 C:/devkitPro/libctru/lib\libctru.a(hid.o)
 .bss.kUp       0x000000000010de9c        0x4 C:/devkitPro/libctru/lib\libctru.a(hid.o)
 .bss.kDown     0x000000000010dea0        0x4 C:/devkitPro/libctru/lib\libctru.a(hid.o)
 .bss.kHeld     0x000000000010dea4        0x4 C:/devkitPro/libctru/lib\libctru.a(hid.o)
 .bss.kOld      0x000000000010dea8        0x4 C:/devkitPro/libctru/lib\libctru.a(hid.o)
 .bss.hidSharedMem
                0x000000000010deac        0x4 C:/devkitPro/libctru/lib\libctru.a(hid.o)
                0x000000000010deac                hidSharedMem
 .bss.hidEvents
                0x000000000010deb0       0x14 C:/devkitPro/libctru/lib\libctru.a(hid.o)
                0x000000000010deb0                hidEvents
 .bss.hidMemHandle
                0x000000000010dec4        0x4 C:/devkitPro/libctru/lib\libctru.a(hid.o)
                0x000000000010dec4                hidMemHandle
 .bss.hidHandle
                0x000000000010dec8        0x4 C:/devkitPro/libctru/lib\libctru.a(hid.o)
                0x000000000010dec8                hidHandle
 .bss.__system_retAddr
                0x000000000010decc        0x4 C:/devkitPro/libctru/lib\libctru.a(ctru_init.o)
                0x000000000010decc                __system_retAddr
 .bss.__system_argv
                0x000000000010ded0        0x4 C:/devkitPro/libctru/lib\libctru.a(initArgv.o)
                0x000000000010ded0                __system_argv
 .bss.__system_argc
                0x000000000010ded4        0x4 C:/devkitPro/libctru/lib\libctru.a(initArgv.o)
                0x000000000010ded4                __system_argc
 .bss.saved_stack.42
                0x000000000010ded8        0x8 C:/devkitPro/libctru/lib\libctru.a(stack_adjust.o)
 .bss._ZL10sVramPoolB
                0x000000000010dee0        0x8 C:/devkitPro/libctru/lib\libctru.a(vram.o)
 .bss._ZL10sVramPoolA
                0x000000000010dee8        0x8 C:/devkitPro/libctru/lib\libctru.a(vram.o)
 .bss._ZL8sAddrMap
                0x000000000010def0        0xc C:/devkitPro/libctru/lib\libctru.a(vram.o)
 *fill*         0x000000000010defc        0x4 
 .bss._ZL11sLinearPool
                0x000000000010df00        0x8 C:/devkitPro/libctru/lib\libctru.a(linear.o)
 .bss._ZL8sAddrMap
                0x000000000010df08        0xc C:/devkitPro/libctru/lib\libctru.a(linear.o)
 .bss.arbiter   0x000000000010df14        0x4 C:/devkitPro/libctru/lib\libctru.a(synchronization.o)
 .bss.__ctru_speedup
                0x000000000010df18        0x1 C:/devkitPro/libctru/lib\libctru.a(os.o)
                0x000000000010df18                __ctru_speedup
 *fill*         0x000000000010df19        0x3 
 .bss.__3dslink_host
                0x000000000010df1c        0x4 C:/devkitPro/libctru/lib\libctru.a(3dslink.o)
                0x000000000010df1c                __3dslink_host
 .bss.srvRefCount
                0x000000000010df20        0x4 C:/devkitPro/libctru/lib\libctru.a(srv.o)
 .bss.srvHandle
                0x000000000010df24        0x4 C:/devkitPro/libctru/lib\libctru.a(srv.o)
 .bss.currentAddr
                0x000000000010df28        0x4 C:/devkitPro/libctru/lib\libctru.a(mappable.o)
 .bss.maxAddr   0x000000000010df2c        0x4 C:/devkitPro/libctru/lib\libctru.a(mappable.o)
 .bss.minAddr   0x000000000010df30        0x4 C:/devkitPro/libctru/lib\libctru.a(mappable.o)
 .bss.irrstRefCount
                0x000000000010df34        0x4 C:/devkitPro/libctru/lib\libctru.a(irrst.o)
 .bss.csPos     0x000000000010df38        0x4 C:/devkitPro/libctru/lib\libctru.a(irrst.o)
 .bss.kHeld     0x000000000010df3c        0x4 C:/devkitPro/libctru/lib\libctru.a(irrst.o)
 .bss.irrstSharedMem
                0x000000000010df40        0x4 C:/devkitPro/libctru/lib\libctru.a(irrst.o)
                0x000000000010df40                irrstSharedMem
 .bss.irrstEvent
                0x000000000010df44        0x4 C:/devkitPro/libctru/lib\libctru.a(irrst.o)
                0x000000000010df44                irrstEvent
 .bss.irrstMemHandle
                0x000000000010df48        0x4 C:/devkitPro/libctru/lib\libctru.a(irrst.o)
                0x000000000010df48                irrstMemHandle
 .bss.irrstHandle
                0x000000000010df4c        0x4 C:/devkitPro/libctru/lib\libctru.a(irrst.o)
                0x000000000010df4c                irrstHandle
 .bss.srvPmHandle
                0x000000000010df50        0x4 C:/devkitPro/libctru/lib\libctru.a(srvpm.o)
 .bss.ptmSysmRefCount
                0x000000000010df54        0x4 C:/devkitPro/libctru/lib\libctru.a(ptmsysm.o)
 .bss.ptmSysmHandle
                0x000000000010df58        0x4 C:/devkitPro/libctru/lib\libctru.a(ptmsysm.o)
 .bss.__ctru_linear_heap_size
                0x000000000010df5c        0x4 C:/devkitPro/libctru/lib\libctru.a(allocateHeaps.o)
                0x000000000010df5c                __ctru_linear_heap_size
 .bss.__ctru_heap_size
                0x000000000010df60        0x4 C:/devkitPro/libctru/lib\libctru.a(allocateHeaps.o)
                0x000000000010df60                __ctru_heap_size
 .bss.__ctru_linear_heap
                0x000000000010df64        0x4 C:/devkitPro/libctru/lib\libctru.a(allocateHeaps.o)
                0x000000000010df64                __ctru_linear_heap
 .bss.__ctru_heap
                0x000000000010df68        0x4 C:/devkitPro/libctru/lib\libctru.a(allocateHeaps.o)
                0x000000000010df68                __ctru_heap
 *fill*         0x000000000010df6c        0x4 
 .bss.archive_devices
                0x000000000010df70      0x540 C:/devkitPro/libctru/lib\libctru.a(archive_dev.o)
 .bss.archive_device_cwd
                0x000000000010e4b0        0x4 C:/devkitPro/libctru/lib\libctru.a(archive_dev.o)
 .bss.archive_initialized
                0x000000000010e4b4        0x1 C:/devkitPro/libctru/lib\libctru.a(archive_dev.o)
 *fill*         0x000000000010e4b5        0x3 
 .bss.fsExemptArchives
                0x000000000010e4b8       0x80 C:/devkitPro/libctru/lib\libctru.a(fs.o)
 .bss.fsuRefCount
                0x000000000010e538        0x4 C:/devkitPro/libctru/lib\libctru.a(fs.o)
 .bss.fsuHandle
                0x000000000010e53c        0x4 C:/devkitPro/libctru/lib\libctru.a(fs.o)
 .bss.__malloc_current_mallinfo
                0x000000000010e540       0x28 c:/devkitpro/devkitarm/bin/../lib/gcc/arm-none-eabi/12.2.0/../../../../arm-none-eabi/lib/armv6k/fpu\libg.a(lib_a-mallocr.o)
                0x000000000010e540                __malloc_current_mallinfo
 .bss.__malloc_max_total_mem
                0x000000000010e568        0x4 c:/devkitpro/devkitarm/bin/../lib/gcc/arm-none-eabi/12.2.0/../../../../arm-none-eabi/lib/armv6k/fpu\libg.a(lib_a-mallocr.o)
                0x000000000010e568                __malloc_max_total_mem
 .bss.__malloc_max_sbrked_mem
                0x000000000010e56c        0x4 c:/devkitpro/devkitarm/bin/../lib/gcc/arm-none-eabi/12.2.0/../../../../arm-none-eabi/lib/armv6k/fpu\libg.a(lib_a-mallocr.o)
                0x000000000010e56c                __malloc_max_sbrked_mem
 .bss.__malloc_top_pad
                0x000000000010e570        0x4 c:/devkitpro/devkitarm/bin/../lib/gcc/arm-none-eabi/12.2.0/../../../../arm-none-eabi/lib/armv6k/fpu\libg.a(lib_a-mallocr.o)
                0x000000000010e570                __malloc_top_pad
 .bss.__malloc_recursive_mutex
                0x000000000010e574        0xc c:/devkitpro/devkitarm/bin/../lib/gcc/arm-none-eabi/12.2.0/../../../../arm-none-eabi/lib/armv6k/fpu\libg.a(lib_a-mlock.o)
 .bss.__atexit_recursive_mutex
                0x000000000010e580        0xc c:/devkitpro/devkitarm/bin/../lib/gcc/arm-none-eabi/12.2.0/../../../../arm-none-eabi/lib/armv6k/fpu\libg.a(lib_a-__call_atexit.o)
                0x000000000010e580                __atexit_recursive_mutex
 .bss.heap_start.0
                0x000000000010e58c        0x4 c:/devkitpro/devkitarm/bin/../lib/gcc/arm-none-eabi/12.2.0/../../../../arm-none-eabi/lib/armv6k/fpu\libsysbase.a(sbrk.o)
 .bss.fake_heap_start
                0x000000000010e590        0x4 c:/devkitpro/devkitarm/bin/../lib/gcc/arm-none-eabi/12.2.0/../../../../arm-none-eabi/lib/armv6k/fpu\libsysbase.a(malloc_vars.o)
                0x000000000010e590                fake_heap_start
 .bss.fake_heap_end
                0x000000000010e594        0x4 c:/devkitpro/devkitarm/bin/../lib/gcc/arm-none-eabi/12.2.0/../../../../arm-none-eabi/lib/armv6k/fpu\libsysbase.a(malloc_vars.o)
                0x000000000010e594                fake_heap_end
 .bss.temp_cwd  0x000000000010e598      0x400 c:/devkitpro/devkitarm/bin/../lib/gcc/arm-none-eabi/12.2.0/../../../../arm-none-eabi/lib/armv6k/fpu\libsysbase.a(chdir.o)
 *(.gnu.linkonce.b*)
 *(COMMON)
                0x000000000010e998                . = (0x8 + ABSOLUTE (ALIGN (ABSOLUTE ((. - 0x8)), MAX (0x4, ALIGNOF (.tdata)))))
                0x000000000010e998                __tls_start = .
                0x000000000010f5a0                . = (. + (SIZEOF (.tdata) + SIZEOF (.tbss)))
 *fill*         0x000000000010e998      0xc08 
                0x000000000010f5a0                __tls_end = .
                0x000000000010f5a0                __bss_end__ = .
                0x000000000010f5a0                __end__ = ABSOLUTE (.)

/DISCARD/
 *(.group .comment .note)

.stab
 *(.stab)

.stabstr
 *(.stabstr)

.stab.excl
 *(.stab.excl)

.stab.exclstr
 *(.stab.exclstr)

.stab.index
 *(.stab.index)

.stab.indexstr
 *(.stab.indexstr)

.debug
 *(.debug)

.line
 *(.line)

.debug_srcinfo
 *(.debug_srcinfo)

.debug_sfnames
 *(.debug_sfnames)

.debug_aranges  0x0000000000000000     0x1590
 *(.debug_aranges)
 .debug_aranges
                0x0000000000000000       0x20 main.o
 .debug_aranges
                0x0000000000000020       0xa0 C:/devkitPro/libctru/lib\libctru.a(gfx.o)
 .debug_aranges
                0x00000000000000c0      0x108 C:/devkitPro/libctru/lib\libctru.a(gspgpu.o)
 .debug_aranges
                0x00000000000001c8      0x258 C:/devkitPro/libctru/lib\libctru.a(apt.o)
 .debug_aranges
                0x0000000000000420       0xd0 C:/devkitPro/libctru/lib\libctru.a(hid.o)
 .debug_aranges
                0x00000000000004f0       0x20 C:/devkitPro/libctru/lib\libctru.a(ctru_init.o)
 .debug_aranges
                0x0000000000000510       0x20 C:/devkitPro/libctru/lib\libctru.a(initArgv.o)
 .debug_aranges
                0x0000000000000530      0x330 C:/devkitPro/libctru/lib\libctru.a(svc.o)
 .debug_aranges
                0x0000000000000860       0x28 C:/devkitPro/libctru/lib\libctru.a(stack_adjust.o)
 .debug_aranges
                0x0000000000000888       0x68 C:/devkitPro/libctru/lib\libctru.a(vram.o)
 .debug_aranges
                0x00000000000008f0       0x58 C:/devkitPro/libctru/lib\libctru.a(linear.o)
 .debug_aranges
                0x0000000000000948       0x38 C:/devkitPro/libctru/lib\libctru.a(mem_pool.o)
 .debug_aranges
                0x0000000000000980       0xf0 C:/devkitPro/libctru/lib\libctru.a(synchronization.o)
 .debug_aranges
                0x0000000000000a70       0x58 C:/devkitPro/libctru/lib\libctru.a(os.o)
 .debug_aranges
                0x0000000000000ac8       0x20 C:/devkitPro/libctru/lib\libctru.a(3dslink.o)
 .debug_aranges
                0x0000000000000ae8       0xc0 C:/devkitPro/libctru/lib\libctru.a(srv.o)
 .debug_aranges
                0x0000000000000ba8       0x60 C:/devkitPro/libctru/lib\libctru.a(thread.o)
 .debug_aranges
                0x0000000000000c08       0x38 C:/devkitPro/libctru/lib\libctru.a(mappable.o)
 .debug_aranges
                0x0000000000000c40       0x68 C:/devkitPro/libctru/lib\libctru.a(irrst.o)
 .debug_aranges
                0x0000000000000ca8       0x50 C:/devkitPro/libctru/lib\libctru.a(srvpm.o)
 .debug_aranges
                0x0000000000000cf8       0xa0 C:/devkitPro/libctru/lib\libctru.a(ptmsysm.o)
 .debug_aranges
                0x0000000000000d98       0x20 C:/devkitPro/libctru/lib\libctru.a(rbtree_init.o)
 .debug_aranges
                0x0000000000000db8       0x30 C:/devkitPro/libctru/lib\libctru.a(rbtree_insert.o)
 .debug_aranges
                0x0000000000000de8       0x20 C:/devkitPro/libctru/lib\libctru.a(rbtree_rotate.o)
 .debug_aranges
                0x0000000000000e08       0x20 C:/devkitPro/libctru/lib\libctru.a(rbtree_remove.o)
 .debug_aranges
                0x0000000000000e28       0x20 C:/devkitPro/libctru/lib\libctru.a(rbtree_find.o)
 .debug_aranges
                0x0000000000000e48       0x20 C:/devkitPro/libctru/lib\libctru.a(appInit.o)
 .debug_aranges
                0x0000000000000e68       0x88 C:/devkitPro/libctru/lib\libctru.a(syscalls.o)
 .debug_aranges
                0x0000000000000ef0       0x20 C:/devkitPro/libctru/lib\libctru.a(allocateHeaps.o)
 .debug_aranges
                0x0000000000000f10       0x20 C:/devkitPro/libctru/lib\libctru.a(appExit.o)
 .debug_aranges
                0x0000000000000f30       0x20 C:/devkitPro/libctru/lib\libctru.a(ctru_exit.o)
 .debug_aranges
                0x0000000000000f50       0x28 C:/devkitPro/libctru/lib\libctru.a(env.o)
 .debug_aranges
                0x0000000000000f78      0x140 C:/devkitPro/libctru/lib\libctru.a(archive_dev.o)
 .debug_aranges
                0x00000000000010b8      0x3b8 C:/devkitPro/libctru/lib\libctru.a(fs.o)
 .debug_aranges
                0x0000000000001470       0x28 C:/devkitPro/libctru/lib\libctru.a(rbtree_iterator.o)
 .debug_aranges
                0x0000000000001498       0x20 C:/devkitPro/libctru/lib\libctru.a(utf16_to_utf8.o)
 .debug_aranges
                0x00000000000014b8       0x20 C:/devkitPro/libctru/lib\libctru.a(decode_utf16.o)
 .debug_aranges
                0x00000000000014d8       0x20 C:/devkitPro/libctru/lib\libctru.a(decode_utf8.o)
 .debug_aranges
                0x00000000000014f8       0x20 C:/devkitPro/libctru/lib\libctru.a(utf8_to_utf16.o)
 .debug_aranges
                0x0000000000001518       0x20 C:/devkitPro/libctru/lib\libctru.a(readtp.o)
 .debug_aranges
                0x0000000000001538       0x18 C:/devkitPro/libctru/lib\libctru.a(path_buf.o)
 .debug_aranges
                0x0000000000001550       0x20 C:/devkitPro/libctru/lib\libctru.a(encode_utf16.o)
 .debug_aranges
                0x0000000000001570       0x20 C:/devkitPro/libctru/lib\libctru.a(encode_utf8.o)

.debug_pubnames
 *(.debug_pubnames)

.debug_info     0x0000000000000000    0x2cc1d
 *(.debug_info)
 .debug_info    0x0000000000000000     0x1f7c main.o
 .debug_info    0x0000000000001f7c      0xcd3 C:/devkitPro/libctru/lib\libctru.a(gfx.o)
 .debug_info    0x0000000000002c4f     0x5bd1 C:/devkitPro/libctru/lib\libctru.a(gspgpu.o)
 .debug_info    0x0000000000008820     0x5336 C:/devkitPro/libctru/lib\libctru.a(apt.o)
 .debug_info    0x000000000000db56     0x13cb C:/devkitPro/libctru/lib\libctru.a(hid.o)
 .debug_info    0x000000000000ef21      0x185 C:/devkitPro/libctru/lib\libctru.a(ctru_init.o)
 .debug_info    0x000000000000f0a6      0x2bc C:/devkitPro/libctru/lib\libctru.a(initArgv.o)
 .debug_info    0x000000000000f362       0x23 C:/devkitPro/libctru/lib\libctru.a(svc.o)
 .debug_info    0x000000000000f385       0x23 C:/devkitPro/libctru/lib\libctru.a(stack_adjust.o)
 .debug_info    0x000000000000f3a8     0x1712 C:/devkitPro/libctru/lib\libctru.a(vram.o)
 .debug_info    0x0000000000010aba     0x1148 C:/devkitPro/libctru/lib\libctru.a(linear.o)
 .debug_info    0x0000000000011c02      0xffa C:/devkitPro/libctru/lib\libctru.a(mem_pool.o)
 .debug_info    0x0000000000012bfc     0x2868 C:/devkitPro/libctru/lib\libctru.a(synchronization.o)
 .debug_info    0x0000000000015464      0x6cc C:/devkitPro/libctru/lib\libctru.a(os.o)
 .debug_info    0x0000000000015b30      0xbdd C:/devkitPro/libctru/lib\libctru.a(3dslink.o)
 .debug_info    0x000000000001670d     0x1c7a C:/devkitPro/libctru/lib\libctru.a(srv.o)
 .debug_info    0x0000000000018387     0x1190 C:/devkitPro/libctru/lib\libctru.a(thread.o)
 .debug_info    0x0000000000019517      0x36d C:/devkitPro/libctru/lib\libctru.a(mappable.o)
 .debug_info    0x0000000000019884      0xb04 C:/devkitPro/libctru/lib\libctru.a(irrst.o)
 .debug_info    0x000000000001a388      0x872 C:/devkitPro/libctru/lib\libctru.a(srvpm.o)
 .debug_info    0x000000000001abfa      0xb06 C:/devkitPro/libctru/lib\libctru.a(ptmsysm.o)
 .debug_info    0x000000000001b700      0x17c C:/devkitPro/libctru/lib\libctru.a(rbtree_init.o)
 .debug_info    0x000000000001b87c      0x653 C:/devkitPro/libctru/lib\libctru.a(rbtree_insert.o)
 .debug_info    0x000000000001becf      0x358 C:/devkitPro/libctru/lib\libctru.a(rbtree_rotate.o)
 .debug_info    0x000000000001c227      0x967 C:/devkitPro/libctru/lib\libctru.a(rbtree_remove.o)
 .debug_info    0x000000000001cb8e      0x1e0 C:/devkitPro/libctru/lib\libctru.a(rbtree_find.o)
 .debug_info    0x000000000001cd6e      0x148 C:/devkitPro/libctru/lib\libctru.a(appInit.o)
 .debug_info    0x000000000001ceb6     0x11e0 C:/devkitPro/libctru/lib\libctru.a(syscalls.o)
 .debug_info    0x000000000001e096      0x529 C:/devkitPro/libctru/lib\libctru.a(allocateHeaps.o)
 .debug_info    0x000000000001e5bf      0x13d C:/devkitPro/libctru/lib\libctru.a(appExit.o)
 .debug_info    0x000000000001e6fc      0x2bd C:/devkitPro/libctru/lib\libctru.a(ctru_exit.o)
 .debug_info    0x000000000001e9b9      0x2a9 C:/devkitPro/libctru/lib\libctru.a(env.o)
 .debug_info    0x000000000001ec62     0x4251 C:/devkitPro/libctru/lib\libctru.a(archive_dev.o)
 .debug_info    0x0000000000022eb3     0x9076 C:/devkitPro/libctru/lib\libctru.a(fs.o)
 .debug_info    0x000000000002bf29      0x351 C:/devkitPro/libctru/lib\libctru.a(rbtree_iterator.o)
 .debug_info    0x000000000002c27a      0x205 C:/devkitPro/libctru/lib\libctru.a(utf16_to_utf8.o)
 .debug_info    0x000000000002c47f      0x134 C:/devkitPro/libctru/lib\libctru.a(decode_utf16.o)
 .debug_info    0x000000000002c5b3      0x158 C:/devkitPro/libctru/lib\libctru.a(decode_utf8.o)
 .debug_info    0x000000000002c70b      0x205 C:/devkitPro/libctru/lib\libctru.a(utf8_to_utf16.o)
 .debug_info    0x000000000002c910       0x24 C:/devkitPro/libctru/lib\libctru.a(readtp.o)
 .debug_info    0x000000000002c934       0xd7 C:/devkitPro/libctru/lib\libctru.a(path_buf.o)
 .debug_info    0x000000000002ca0b      0x109 C:/devkitPro/libctru/lib\libctru.a(encode_utf16.o)
 .debug_info    0x000000000002cb14      0x109 C:/devkitPro/libctru/lib\libctru.a(encode_utf8.o)

.debug_abbrev   0x0000000000000000     0x6b5b
 *(.debug_abbrev)
 .debug_abbrev  0x0000000000000000      0x2b6 main.o
 .debug_abbrev  0x00000000000002b6      0x389 C:/devkitPro/libctru/lib\libctru.a(gfx.o)
 .debug_abbrev  0x000000000000063f      0x5fd C:/devkitPro/libctru/lib\libctru.a(gspgpu.o)
 .debug_abbrev  0x0000000000000c3c      0x75b C:/devkitPro/libctru/lib\libctru.a(apt.o)
 .debug_abbrev  0x0000000000001397      0x516 C:/devkitPro/libctru/lib\libctru.a(hid.o)
 .debug_abbrev  0x00000000000018ad      0x129 C:/devkitPro/libctru/lib\libctru.a(ctru_init.o)
 .debug_abbrev  0x00000000000019d6      0x198 C:/devkitPro/libctru/lib\libctru.a(initArgv.o)
 .debug_abbrev  0x0000000000001b6e       0x12 C:/devkitPro/libctru/lib\libctru.a(svc.o)
 .debug_abbrev  0x0000000000001b80       0x12 C:/devkitPro/libctru/lib\libctru.a(stack_adjust.o)
 .debug_abbrev  0x0000000000001b92      0x47e C:/devkitPro/libctru/lib\libctru.a(vram.o)
 .debug_abbrev  0x0000000000002010      0x432 C:/devkitPro/libctru/lib\libctru.a(linear.o)
 .debug_abbrev  0x0000000000002442      0x398 C:/devkitPro/libctru/lib\libctru.a(mem_pool.o)
 .debug_abbrev  0x00000000000027da      0x507 C:/devkitPro/libctru/lib\libctru.a(synchronization.o)
 .debug_abbrev  0x0000000000002ce1      0x2b2 C:/devkitPro/libctru/lib\libctru.a(os.o)
 .debug_abbrev  0x0000000000002f93      0x28c C:/devkitPro/libctru/lib\libctru.a(3dslink.o)
 .debug_abbrev  0x000000000000321f      0x522 C:/devkitPro/libctru/lib\libctru.a(srv.o)
 .debug_abbrev  0x0000000000003741      0x476 C:/devkitPro/libctru/lib\libctru.a(thread.o)
 .debug_abbrev  0x0000000000003bb7      0x1d3 C:/devkitPro/libctru/lib\libctru.a(mappable.o)
 .debug_abbrev  0x0000000000003d8a      0x38b C:/devkitPro/libctru/lib\libctru.a(irrst.o)
 .debug_abbrev  0x0000000000004115      0x2f1 C:/devkitPro/libctru/lib\libctru.a(srvpm.o)
 .debug_abbrev  0x0000000000004406      0x24f C:/devkitPro/libctru/lib\libctru.a(ptmsysm.o)
 .debug_abbrev  0x0000000000004655       0xc1 C:/devkitPro/libctru/lib\libctru.a(rbtree_init.o)
 .debug_abbrev  0x0000000000004716      0x228 C:/devkitPro/libctru/lib\libctru.a(rbtree_insert.o)
 .debug_abbrev  0x000000000000493e      0x1bc C:/devkitPro/libctru/lib\libctru.a(rbtree_rotate.o)
 .debug_abbrev  0x0000000000004afa      0x275 C:/devkitPro/libctru/lib\libctru.a(rbtree_remove.o)
 .debug_abbrev  0x0000000000004d6f      0x107 C:/devkitPro/libctru/lib\libctru.a(rbtree_find.o)
 .debug_abbrev  0x0000000000004e76       0x93 C:/devkitPro/libctru/lib\libctru.a(appInit.o)
 .debug_abbrev  0x0000000000004f09      0x423 C:/devkitPro/libctru/lib\libctru.a(syscalls.o)
 .debug_abbrev  0x000000000000532c      0x193 C:/devkitPro/libctru/lib\libctru.a(allocateHeaps.o)
 .debug_abbrev  0x00000000000054bf       0x9e C:/devkitPro/libctru/lib\libctru.a(appExit.o)
 .debug_abbrev  0x000000000000555d      0x15f C:/devkitPro/libctru/lib\libctru.a(ctru_exit.o)
 .debug_abbrev  0x00000000000056bc      0x1bf C:/devkitPro/libctru/lib\libctru.a(env.o)
 .debug_abbrev  0x000000000000587b      0x673 C:/devkitPro/libctru/lib\libctru.a(archive_dev.o)
 .debug_abbrev  0x0000000000005eee      0x62e C:/devkitPro/libctru/lib\libctru.a(fs.o)
 .debug_abbrev  0x000000000000651c      0x1a6 C:/devkitPro/libctru/lib\libctru.a(rbtree_iterator.o)
 .debug_abbrev  0x00000000000066c2      0x104 C:/devkitPro/libctru/lib\libctru.a(utf16_to_utf8.o)
 .debug_abbrev  0x00000000000067c6       0x93 C:/devkitPro/libctru/lib\libctru.a(decode_utf16.o)
 .debug_abbrev  0x0000000000006859       0x93 C:/devkitPro/libctru/lib\libctru.a(decode_utf8.o)
 .debug_abbrev  0x00000000000068ec      0x104 C:/devkitPro/libctru/lib\libctru.a(utf8_to_utf16.o)
 .debug_abbrev  0x00000000000069f0       0x14 C:/devkitPro/libctru/lib\libctru.a(readtp.o)
 .debug_abbrev  0x0000000000006a04       0x6f C:/devkitPro/libctru/lib\libctru.a(path_buf.o)
 .debug_abbrev  0x0000000000006a73       0x74 C:/devkitPro/libctru/lib\libctru.a(encode_utf16.o)
 .debug_abbrev  0x0000000000006ae7       0x74 C:/devkitPro/libctru/lib\libctru.a(encode_utf8.o)

.debug_line     0x0000000000000000    0x19eea
 *(.debug_line)
 .debug_line    0x0000000000000000      0x3ad main.o
 .debug_line    0x00000000000003ad      0x8a4 C:/devkitPro/libctru/lib\libctru.a(gfx.o)
 .debug_line    0x0000000000000c51     0x2f16 C:/devkitPro/libctru/lib\libctru.a(gspgpu.o)
 .debug_line    0x0000000000003b67     0x31a9 C:/devkitPro/libctru/lib\libctru.a(apt.o)
 .debug_line    0x0000000000006d10      0xd7b C:/devkitPro/libctru/lib\libctru.a(hid.o)
 .debug_line    0x0000000000007a8b      0x1a9 C:/devkitPro/libctru/lib\libctru.a(ctru_init.o)
 .debug_line    0x0000000000007c34      0x3f0 C:/devkitPro/libctru/lib\libctru.a(initArgv.o)
 .debug_line    0x0000000000008024      0x78f C:/devkitPro/libctru/lib\libctru.a(svc.o)
 .debug_line    0x00000000000087b3       0x70 C:/devkitPro/libctru/lib\libctru.a(stack_adjust.o)
 .debug_line    0x0000000000008823      0x842 C:/devkitPro/libctru/lib\libctru.a(vram.o)
 .debug_line    0x0000000000009065      0x65a C:/devkitPro/libctru/lib\libctru.a(linear.o)
 .debug_line    0x00000000000096bf      0x7e8 C:/devkitPro/libctru/lib\libctru.a(mem_pool.o)
 .debug_line    0x0000000000009ea7     0x1659 C:/devkitPro/libctru/lib\libctru.a(synchronization.o)
 .debug_line    0x000000000000b500      0x4a5 C:/devkitPro/libctru/lib\libctru.a(os.o)
 .debug_line    0x000000000000b9a5      0x3e3 C:/devkitPro/libctru/lib\libctru.a(3dslink.o)
 .debug_line    0x000000000000bd88      0xf21 C:/devkitPro/libctru/lib\libctru.a(srv.o)
 .debug_line    0x000000000000cca9      0x59a C:/devkitPro/libctru/lib\libctru.a(thread.o)
 .debug_line    0x000000000000d243      0x2ca C:/devkitPro/libctru/lib\libctru.a(mappable.o)
 .debug_line    0x000000000000d50d      0x7ec C:/devkitPro/libctru/lib\libctru.a(irrst.o)
 .debug_line    0x000000000000dcf9      0x60b C:/devkitPro/libctru/lib\libctru.a(srvpm.o)
 .debug_line    0x000000000000e304      0x8fe C:/devkitPro/libctru/lib\libctru.a(ptmsysm.o)
 .debug_line    0x000000000000ec02      0x1d7 C:/devkitPro/libctru/lib\libctru.a(rbtree_init.o)
 .debug_line    0x000000000000edd9      0x59a C:/devkitPro/libctru/lib\libctru.a(rbtree_insert.o)
 .debug_line    0x000000000000f373      0x2e4 C:/devkitPro/libctru/lib\libctru.a(rbtree_rotate.o)
 .debug_line    0x000000000000f657      0x780 C:/devkitPro/libctru/lib\libctru.a(rbtree_remove.o)
 .debug_line    0x000000000000fdd7      0x231 C:/devkitPro/libctru/lib\libctru.a(rbtree_find.o)
 .debug_line    0x0000000000010008      0x21a C:/devkitPro/libctru/lib\libctru.a(appInit.o)
 .debug_line    0x0000000000010222      0x5c7 C:/devkitPro/libctru/lib\libctru.a(syscalls.o)
 .debug_line    0x00000000000107e9      0x331 C:/devkitPro/libctru/lib\libctru.a(allocateHeaps.o)
 .debug_line    0x0000000000010b1a      0x219 C:/devkitPro/libctru/lib\libctru.a(appExit.o)
 .debug_line    0x0000000000010d33      0x1ab C:/devkitPro/libctru/lib\libctru.a(ctru_exit.o)
 .debug_line    0x0000000000010ede      0x23b C:/devkitPro/libctru/lib\libctru.a(env.o)
 .debug_line    0x0000000000011119     0x1b82 C:/devkitPro/libctru/lib\libctru.a(archive_dev.o)
 .debug_line    0x0000000000012c9b     0x613d C:/devkitPro/libctru/lib\libctru.a(fs.o)
 .debug_line    0x0000000000018dd8      0x2e2 C:/devkitPro/libctru/lib\libctru.a(rbtree_iterator.o)
 .debug_line    0x00000000000190ba      0x2b9 C:/devkitPro/libctru/lib\libctru.a(utf16_to_utf8.o)
 .debug_line    0x0000000000019373      0x192 C:/devkitPro/libctru/lib\libctru.a(decode_utf16.o)
 .debug_line    0x0000000000019505      0x271 C:/devkitPro/libctru/lib\libctru.a(decode_utf8.o)
 .debug_line    0x0000000000019776      0x28c C:/devkitPro/libctru/lib\libctru.a(utf8_to_utf16.o)
 .debug_line    0x0000000000019a02       0x49 C:/devkitPro/libctru/lib\libctru.a(readtp.o)
 .debug_line    0x0000000000019a4b      0x10d C:/devkitPro/libctru/lib\libctru.a(path_buf.o)
 .debug_line    0x0000000000019b58      0x180 C:/devkitPro/libctru/lib\libctru.a(encode_utf16.o)
 .debug_line    0x0000000000019cd8      0x212 C:/devkitPro/libctru/lib\libctru.a(encode_utf8.o)

.debug_frame    0x0000000000000000     0x3b48
 *(.debug_frame)
 .debug_frame   0x0000000000000000       0x2c main.o
 .debug_frame   0x000000000000002c      0x1dc C:/devkitPro/libctru/lib\libctru.a(gfx.o)
 .debug_frame   0x0000000000000208      0x34c C:/devkitPro/libctru/lib\libctru.a(gspgpu.o)
 .debug_frame   0x0000000000000554      0x8ec C:/devkitPro/libctru/lib\libctru.a(apt.o)
 .debug_frame   0x0000000000000e40      0x258 C:/devkitPro/libctru/lib\libctru.a(hid.o)
 .debug_frame   0x0000000000001098       0x2c C:/devkitPro/libctru/lib\libctru.a(ctru_init.o)
 .debug_frame   0x00000000000010c4       0x34 C:/devkitPro/libctru/lib\libctru.a(initArgv.o)
 .debug_frame   0x00000000000010f8      0x640 C:/devkitPro/libctru/lib\libctru.a(svc.o)
 .debug_frame   0x0000000000001738       0x30 C:/devkitPro/libctru/lib\libctru.a(stack_adjust.o)
 .debug_frame   0x0000000000001768      0x108 C:/devkitPro/libctru/lib\libctru.a(vram.o)
 .debug_frame   0x0000000000001870       0xd0 C:/devkitPro/libctru/lib\libctru.a(linear.o)
 .debug_frame   0x0000000000001940       0x98 C:/devkitPro/libctru/lib\libctru.a(mem_pool.o)
 .debug_frame   0x00000000000019d8      0x2c4 C:/devkitPro/libctru/lib\libctru.a(synchronization.o)
 .debug_frame   0x0000000000001c9c       0xd0 C:/devkitPro/libctru/lib\libctru.a(os.o)
 .debug_frame   0x0000000000001d6c       0x34 C:/devkitPro/libctru/lib\libctru.a(3dslink.o)
 .debug_frame   0x0000000000001da0      0x258 C:/devkitPro/libctru/lib\libctru.a(srv.o)
 .debug_frame   0x0000000000001ff8       0xf0 C:/devkitPro/libctru/lib\libctru.a(thread.o)
 .debug_frame   0x00000000000020e8       0x70 C:/devkitPro/libctru/lib\libctru.a(mappable.o)
 .debug_frame   0x0000000000002158      0x104 C:/devkitPro/libctru/lib\libctru.a(irrst.o)
 .debug_frame   0x000000000000225c       0xb0 C:/devkitPro/libctru/lib\libctru.a(srvpm.o)
 .debug_frame   0x000000000000230c      0x1a4 C:/devkitPro/libctru/lib\libctru.a(ptmsysm.o)
 .debug_frame   0x00000000000024b0       0x20 C:/devkitPro/libctru/lib\libctru.a(rbtree_init.o)
 .debug_frame   0x00000000000024d0       0x54 C:/devkitPro/libctru/lib\libctru.a(rbtree_insert.o)
 .debug_frame   0x0000000000002524       0x2c C:/devkitPro/libctru/lib\libctru.a(rbtree_rotate.o)
 .debug_frame   0x0000000000002550       0x40 C:/devkitPro/libctru/lib\libctru.a(rbtree_remove.o)
 .debug_frame   0x0000000000002590       0x30 C:/devkitPro/libctru/lib\libctru.a(rbtree_find.o)
 .debug_frame   0x00000000000025c0       0x28 C:/devkitPro/libctru/lib\libctru.a(appInit.o)