Archive member included to satisfy reference by file (symbol)

C:/devkitPro/libctru/lib\libctru.a(console.o)
                              main.o (consoleInit)
C:/devkitPro/libctru/lib\libctru.a(gfx.o)
                              main.o (gfxSet3D)
C:/devkitPro/libctru/lib\libctru.a(gspgpu.o)
                              C:/devkitPro/libctru/lib\libctru.a(gfx.o) (gspInit)
C:/devkitPro/libctru/lib\libctru.a(hid.o)
                              main.o (hidScanInput)
C:/devkitPro/libctru/lib\libctru.a(initArgv.o)
                              c:/devkitpro/devkitarm/bin/../lib/gcc/arm-none-eabi/12.2.0/../../../../arm-none-eabi/lib/armv6k/fpu/3dsx_crt0.o (__system_argc)
C:/devkitPro/libctru/lib\libctru.a(svc.o)
                              C:/devkitPro/libctru/lib\libctru.a(gspgpu.o) (svcCreateEvent)
C:/devkitPro/libctru/lib\libctru.a(stack_adjust.o)
                              c:/devkitpro/devkitarm/bin/../lib/gcc/arm-none-eabi/12.2.0/../../../../arm-none-eabi/lib/armv6k/fpu/3dsx_crt0.o (initSystem)
C:/devkitPro/libctru/lib\libctru.a(default_font.bin.o)
                              C:/devkitPro/libctru/lib\libctru.a(console.o) (default_font_bin)
C:/devkitPro/libctru/lib\libctru.a(vram.o)
                              C:/devkitPro/libctru/lib\libctru.a(gfx.o) (vramAlloc)
C:/devkitPro/libctru/lib\libctru.a(linear.o)
                              C:/devkitPro/libctru/lib\libctru.a(gfx.o) (linearAlloc)
C:/devkitPro/libctru/lib\libctru.a(mem_pool.o)
                              C:/devkitPro/libctru/lib\libctru.a(vram.o) (MemPool::Allocate(MemChunk&, unsigned long, int))
C:/devkitPro/libctru/lib\libctru.a(synchronization.o)
                              C:/devkitPro/libctru/lib\libctru.a(gspgpu.o) (syncArbitrateAddress)
C:/devkitPro/libctru/lib\libctru.a(3dslink.o)
                              C:/devkitPro/libctru/lib\libctru.a(initArgv.o) (__3dslink_host)
C:/devkitPro/libctru/lib\libctru.a(srv.o)
                              C:/devkitPro/libctru/lib\libctru.a(gspgpu.o) (srvGetServiceHandle)
C:/devkitPro/libctru/lib\libctru.a(thread.o)
                              C:/devkitPro/libctru/lib\libctru.a(gspgpu.o) (threadCreate)
C:/devkitPro/libctru/lib\libctru.a(mappable.o)
                              C:/devkitPro/libctru/lib\libctru.a(gspgpu.o) (mappableAlloc)
C:/devkitPro/libctru/lib\libctru.a(irrst.o)
                              C:/devkitPro/libctru/lib\libctru.a(hid.o) (irrstInit)
C:/devkitPro/libctru/lib\libctru.a(apt.o)
                              C:/devkitPro/libctru/lib\libctru.a(hid.o) (APT_CheckNew3DS)
C:/devkitPro/libctru/lib\libctru.a(srvpm.o)
                              C:/devkitPro/libctru/lib\libctru.a(srv.o) (srvPmGetSessionHandle)
C:/devkitPro/libctru/lib\libctru.a(soc_socket.o)
                              C:/devkitPro/libctru/lib\libctru.a(3dslink.o) (socket)
C:/devkitPro/libctru/lib\libctru.a(soc_connect.o)
                              C:/devkitPro/libctru/lib\libctru.a(3dslink.o) (connect)
C:/devkitPro/libctru/lib\libctru.a(soc_common.o)
                              C:/devkitPro/libctru/lib\libctru.a(soc_socket.o) (_net_convert_error)
C:/devkitPro/libctru/lib\libctru.a(rbtree_init.o)
                              C:/devkitPro/libctru/lib\libctru.a(vram.o) (rbtree_init)
C:/devkitPro/libctru/lib\libctru.a(rbtree_insert.o)
                              C:/devkitPro/libctru/lib\libctru.a(vram.o) (rbtree_insert)
C:/devkitPro/libctru/lib\libctru.a(rbtree_rotate.o)
                              C:/devkitPro/libctru/lib\libctru.a(rbtree_insert.o) (rbtree_rotate)
C:/devkitPro/libctru/lib\libctru.a(rbtree_remove.o)
                              C:/devkitPro/libctru/lib\libctru.a(vram.o) (rbtree_remove)
C:/devkitPro/libctru/lib\libctru.a(rbtree_find.o)
                              C:/devkitPro/libctru/lib\libctru.a(vram.o) (rbtree_find)
C:/devkitPro/libctru/lib\libctru.a(appInit.o)
                              C:/devkitPro/libctru/lib\libctru.a(stack_adjust.o) (__appInit)
C:/devkitPro/libctru/lib\libctru.a(syscalls.o)
                              C:/devkitPro/libctru/lib\libctru.a(thread.o) (initThreadVars)
C:/devkitPro/libctru/lib\libctru.a(allocateHeaps.o)
                              C:/devkitPro/libctru/lib\libctru.a(linear.o) (__ctru_linear_heap_size)
C:/devkitPro/libctru/lib\libctru.a(appExit.o)
                              C:/devkitPro/libctru/lib\libctru.a(stack_adjust.o) (__appExit)
C:/devkitPro/libctru/lib\libctru.a(ctru_init.o)
                              C:/devkitPro/libctru/lib\libctru.a(stack_adjust.o) (__libctru_init)
C:/devkitPro/libctru/lib\libctru.a(ctru_exit.o)
                              C:/devkitPro/libctru/lib\libctru.a(stack_adjust.o) (__libctru_exit)
C:/devkitPro/libctru/lib\libctru.a(env.o)
                              C:/devkitPro/libctru/lib\libctru.a(srv.o) (envGetHandle)
C:/devkitPro/libctru/lib\libctru.a(os.o)
[...]
Memory Configuration

Name             Origin             Length             Attributes
*default*        0x0000000000000000 0xffffffffffffffff

Linker script and memory map

                0x0000000000100000                PROVIDE (__start__ = 0x100000)
                0x0000000000100000                . = __start__

.text           0x0000000000100000    0x22600
 *(.crt0)
 .crt0          0x0000000000100000       0x94 c:/devkitpro/devkitarm/bin/../lib/gcc/arm-none-eabi/12.2.0/../../../../arm-none-eabi/lib/armv6k/fpu/3dsx_crt0.o
                0x0000000000100000                _start
                0x0000000000100008                __service_ptr
                0x000000000010000c                __apt_appid
                0x0000000000100010                __heap_size
                0x0000000000100014                __linear_heap_size
                0x0000000000100018                __system_arglist
                0x000000000010001c                __system_runflags
 *(.init)
 .init          0x0000000000100094        0xc c:/devkitpro/devkitarm/bin/../lib/gcc/arm-none-eabi/12.2.0/armv6k/fpu/crti.o
                0x0000000000100094                _init
 .init          0x00000000001000a0        0xc c:/devkitpro/devkitarm/bin/../lib/gcc/arm-none-eabi/12.2.0/armv6k/fpu/crtn.o
                0x00000000001000ac                . = ALIGN (0x4)
 *(.text)
 .text          0x00000000001000ac      0x240 c:/devkitpro/devkitarm/bin/../lib/gcc/arm-none-eabi/12.2.0/armv6k/fpu\libgcc.a(_divsi3.o)
                0x00000000001000ac                __divsi3
                0x00000000001000ac                __aeabi_idiv
                0x00000000001002cc                __aeabi_idivmod
 .text          0x00000000001002ec        0x4 c:/devkitpro/devkitarm/bin/../lib/gcc/arm-none-eabi/12.2.0/armv6k/fpu\libgcc.a(_dvmd_tls.o)
                0x00000000001002ec                __aeabi_idiv0
                0x00000000001002ec                __aeabi_ldiv0
 .text          0x00000000001002f0       0x3c c:/devkitpro/devkitarm/bin/../lib/gcc/arm-none-eabi/12.2.0/armv6k/fpu\libgcc.a(_aeabi_uldivmod.o)
                0x00000000001002f0                __aeabi_uldivmod
 *fill*         0x000000000010032c       0x14 
 .text          0x0000000000100340      0x390 c:/devkitpro/devkitarm/bin/../lib/gcc/arm-none-eabi/12.2.0/../../../../arm-none-eabi/lib/armv6k/fpu\libg.a(lib_a-strcmp.o)
                0x0000000000100348                strcmp
 .text          0x00000000001006d0      0x20c c:/devkitpro/devkitarm/bin/../lib/gcc/arm-none-eabi/12.2.0/armv6k/fpu\libgcc.a(_udivsi3.o)
                0x00000000001006d0                __aeabi_uidiv
                0x00000000001006d0                __udivsi3
                0x00000000001008bc                __aeabi_uidivmod
 .text          0x00000000001008dc      0x3c0 c:/devkitpro/devkitarm/bin/../lib/gcc/arm-none-eabi/12.2.0/armv6k/fpu\libgcc.a(_arm_addsubdf3.o)
                0x00000000001008dc                __aeabi_drsub
                0x00000000001008e4                __aeabi_dsub
                0x00000000001008e4                __subdf3
                0x00000000001008e8                __aeabi_dadd
                0x00000000001008e8                __adddf3
                0x0000000000100b94                __floatunsidf
                0x0000000000100b94                __aeabi_ui2d
                0x0000000000100bb8                __floatsidf
                0x0000000000100bb8                __aeabi_i2d
                0x0000000000100be0                __aeabi_f2d
                0x0000000000100be0                __extendsfdf2
                0x0000000000100c28                __floatundidf
                0x0000000000100c28                __aeabi_ul2d
                0x0000000000100c3c                __floatdidf
                0x0000000000100c3c                __aeabi_l2d
 *(.text.*)
 .text.__do_global_dtors_aux
                0x0000000000100c9c       0x40 c:/devkitpro/devkitarm/bin/../lib/gcc/arm-none-eabi/12.2.0/armv6k/fpu/crtbegin.o
 .text.frame_dummy
                0x0000000000100cdc       0x2c c:/devkitpro/devkitarm/bin/../lib/gcc/arm-none-eabi/12.2.0/armv6k/fpu/crtbegin.o
 .text._Z5pixeliii
                0x0000000000100d08       0xfc main.o
                0x0000000000100d08                pixel(int, int, int)
 .text._Z6pixelriii
                0x0000000000100e04       0xfc main.o
                0x0000000000100e04                pixelr(int, int, int)
 .text._Z10movePlayerv
                0x0000000000100f00      0x178 main.o
                0x0000000000100f00                movePlayer()
 .text._Z15clearBackgroundv
                0x0000000000101078       0x5c main.o
                0x0000000000101078                clearBackground()
 .text._Z16clearBackgroundrv
                0x00000000001010d4       0x5c main.o
                0x00000000001010d4                clearBackgroundr()
 .text._Z16clipBehindPlayerPiS_S_iii
                0x0000000000101130       0xa0 main.o
                0x0000000000101130                clipBehindPlayer(int*, int*, int*, int, int, int)
 .text._Z8drawWalliiiiiiii
                0x00000000001011d0      0x410 main.o
                0x00000000001011d0                drawWall(int, int, int, int, int, int, int, int)
 .text._Z6draw3Dv
                0x00000000001015e0      0x57c main.o
                0x00000000001015e0                draw3D()
 *fill*         0x0000000000101b5c        0x4 
 .text._Z4initv
                0x0000000000101b60      0x158 main.o
                0x0000000000101b60                init()
 .text.startup.main
                0x0000000000101cb8       0xe0 main.o
                0x0000000000101cb8                main
 .text.parseColor
                0x0000000000101d98      0x1e8 C:/devkitPro/libctru/lib\libctru.a(console.o)
 .text.consoleDrawChar
                0x0000000000101f80      0x1ac C:/devkitPro/libctru/lib\libctru.a(console.o)
                0x0000000000101f80                consoleDrawChar
 .text.consolePrintChar
                0x000000000010212c      0x124 C:/devkitPro/libctru/lib\libctru.a(console.o)
                0x000000000010212c                consolePrintChar
 .text.con_write
                0x0000000000102250      0xb94 C:/devkitPro/libctru/lib\libctru.a(console.o)
                0x0000000000102250                con_write
 .text.newRow   0x0000000000102de4       0xfc C:/devkitPro/libctru/lib\libctru.a(console.o)
 .text.consoleInit
                0x0000000000102ee0      0x168 C:/devkitPro/libctru/lib\libctru.a(console.o)
                0x0000000000102ee0                consoleInit
 .text.gfxPresentFramebuffer
                0x0000000000103048       0xd0 C:/devkitPro/libctru/lib\libctru.a(gfx.o)
 .text.gfxSet3D
                0x0000000000103118       0x10 C:/devkitPro/libctru/lib\libctru.a(gfx.o)
                0x0000000000103118                gfxSet3D
 .text.gfxIsWide
                0x0000000000103128       0x1c C:/devkitPro/libctru/lib\libctru.a(gfx.o)
                0x0000000000103128                gfxIsWide
 .text.gfxSetScreenFormat
                0x0000000000103144       0xec C:/devkitPro/libctru/lib\libctru.a(gfx.o)
                0x0000000000103144                gfxSetScreenFormat
 .text.gfxSetDoubleBuffering
                0x0000000000103230       0x10 C:/devkitPro/libctru/lib\libctru.a(gfx.o)
                0x0000000000103230                gfxSetDoubleBuffering
 .text.gfxInit  0x0000000000103240       0xe0 C:/devkitPro/libctru/lib\libctru.a(gfx.o)
                0x0000000000103240                gfxInit
 .text.gfxInitDefault
                0x0000000000103320       0x10 C:/devkitPro/libctru/lib\libctru.a(gfx.o)
                0x0000000000103320                gfxInitDefault
 .text.gfxExit  0x0000000000103330       0xb4 C:/devkitPro/libctru/lib\libctru.a(gfx.o)
                0x0000000000103330                gfxExit
 .text.gfxGetFramebuffer
                0x00000000001033e4       0xa0 C:/devkitPro/libctru/lib\libctru.a(gfx.o)
                0x00000000001033e4                gfxGetFramebuffer
 .text.gfxFlushBuffers
                0x0000000000103484      0x104 C:/devkitPro/libctru/lib\libctru.a(gfx.o)
                0x0000000000103484                gfxFlushBuffers
 .text.gfxSwapBuffers
                0x0000000000103588       0x50 C:/devkitPro/libctru/lib\libctru.a(gfx.o)
                0x0000000000103588                gfxSwapBuffers
 .text.gfxSwapBuffersGpu
                0x00000000001035d8       0x50 C:/devkitPro/libctru/lib\libctru.a(gfx.o)
                0x00000000001035d8                gfxSwapBuffersGpu
 .text.gspHardwareInit
                0x0000000000103628      0xc58 C:/devkitPro/libctru/lib\libctru.a(gspgpu.o)
 .text.gspInit  0x0000000000104280      0x248 C:/devkitPro/libctru/lib\libctru.a(gspgpu.o)
                0x0000000000104280                gspInit
 .text.gspExit  0x00000000001044c8       0xf0 C:/devkitPro/libctru/lib\libctru.a(gspgpu.o)
                0x00000000001044c8                gspExit
 .text.gspHasGpuRight
                0x00000000001045b8       0x10 C:/devkitPro/libctru/lib\libctru.a(gspgpu.o)
                0x00000000001045b8                gspHasGpuRight
 .text.gspPresentBuffer
                0x00000000001045c8       0xa0 C:/devkitPro/libctru/lib\libctru.a(gspgpu.o)
                0x00000000001045c8                gspPresentBuffer
 .text.gspWaitForEvent
                0x0000000000104668       0x44 C:/devkitPro/libctru/lib\libctru.a(gspgpu.o)
                0x0000000000104668                gspWaitForEvent
 .text.gxCmdQueueInterrupt
                0x00000000001046ac        0x4 C:/devkitPro/libctru/lib\libctru.a(gspgpu.o)
                0x00000000001046ac                gxCmdQueueInterrupt
 .text.gspEventThreadMain
                0x00000000001046b0      0x158 C:/devkitPro/libctru/lib\libctru.a(gspgpu.o)
 .text.GSPGPU_FlushDataCache
                0x0000000000104808       0x50 C:/devkitPro/libctru/lib\libctru.a(gspgpu.o)
                0x0000000000104808                GSPGPU_FlushDataCache
 .text.GSPGPU_SetLcdForceBlack
                0x0000000000104858       0x34 C:/devkitPro/libctru/lib\libctru.a(gspgpu.o)
                0x0000000000104858                GSPGPU_SetLcdForceBlack
 .text.GSPGPU_AcquireRight
                0x000000000010488c       0x68 C:/devkitPro/libctru/lib\libctru.a(gspgpu.o)
                0x000000000010488c                GSPGPU_AcquireRight
 .text.GSPGPU_RestoreVramSysArea
                0x00000000001048f4       0x2c C:/devkitPro/libctru/lib\libctru.a(gspgpu.o)
                0x00000000001048f4                GSPGPU_RestoreVramSysArea
 .text.hidShouldUseIrrst
                0x0000000000104920       0x24 C:/devkitPro/libctru/lib\libctru.a(hid.o)
                0x0000000000104920                hidShouldUseIrrst
 .text.hidInit  0x0000000000104944      0x18c C:/devkitPro/libctru/lib\libctru.a(hid.o)
                0x0000000000104944                hidInit
 .text.hidExit  0x0000000000104ad0       0xe8 C:/devkitPro/libctru/lib\libctru.a(hid.o)
                0x0000000000104ad0                hidExit
 .text.hidScanInput
                0x0000000000104bb8      0x2a4 C:/devkitPro/libctru/lib\libctru.a(hid.o)
                0x0000000000104bb8                hidScanInput
 .text.hidKeysHeld
                0x0000000000104e5c       0x10 C:/devkitPro/libctru/lib\libctru.a(hid.o)
                0x0000000000104e5c                hidKeysHeld
 .text.hidKeysDown
                0x0000000000104e6c       0x10 C:/devkitPro/libctru/lib\libctru.a(hid.o)
                0x0000000000104e6c                hidKeysDown
 .text.hidKeysUp
                0x0000000000104e7c       0x10 C:/devkitPro/libctru/lib\libctru.a(hid.o)
                0x0000000000104e7c                hidKeysUp
 .text.__system_initArgv
                0x0000000000104e8c      0x170 C:/devkitPro/libctru/lib\libctru.a(initArgv.o)
                0x0000000000104e8c                __system_initArgv
 .text.svcControlMemory
                0x0000000000104ffc       0x20 C:/devkitPro/libctru/lib\libctru.a(svc.o)
                0x0000000000104ffc                svcControlMemory
 .text.svcQueryMemory
                0x000000000010501c       0x30 C:/devkitPro/libctru/lib\libctru.a(svc.o)
                0x000000000010501c                svcQueryMemory
 .text.svcExitProcess
                0x000000000010504c        0x8 C:/devkitPro/libctru/lib\libctru.a(svc.o)
                0x000000000010504c                svcExitProcess
 .text.svcCreateThread
                0x0000000000105054       0x20 C:/devkitPro/libctru/lib\libctru.a(svc.o)
                0x0000000000105054                svcCreateThread
 .text.svcExitThread
                0x0000000000105074        0x8 C:/devkitPro/libctru/lib\libctru.a(svc.o)
                0x0000000000105074                svcExitThread
 .text.svcSleepThread
                0x000000000010507c        0x8 C:/devkitPro/libctru/lib\libctru.a(svc.o)
                0x000000000010507c                svcSleepThread
 .text.svcReleaseMutex
                0x0000000000105084        0x8 C:/devkitPro/libctru/lib\libctru.a(svc.o)
                0x0000000000105084                svcReleaseMutex
 .text.svcCreateEvent
                0x000000000010508c       0x14 C:/devkitPro/libctru/lib\libctru.a(svc.o)
                0x000000000010508c                svcCreateEvent
 .text.svcSignalEvent
                0x00000000001050a0        0x8 C:/devkitPro/libctru/lib\libctru.a(svc.o)
                0x00000000001050a0                svcSignalEvent
 .text.svcClearEvent
                0x00000000001050a8        0x8 C:/devkitPro/libctru/lib\libctru.a(svc.o)
                0x00000000001050a8                svcClearEvent
 .text.svcMapMemoryBlock
                0x00000000001050b0        0x8 C:/devkitPro/libctru/lib\libctru.a(svc.o)
                0x00000000001050b0                svcMapMemoryBlock
 .text.svcUnmapMemoryBlock
                0x00000000001050b8        0x8 C:/devkitPro/libctru/lib\libctru.a(svc.o)
                0x00000000001050b8                svcUnmapMemoryBlock
 .text.svcCreateAddressArbiter
                0x00000000001050c0       0x14 C:/devkitPro/libctru/lib\libctru.a(svc.o)
                0x00000000001050c0                svcCreateAddressArbiter
 .text.svcArbitrateAddressNoTimeout
                0x00000000001050d4        0x8 C:/devkitPro/libctru/lib\libctru.a(svc.o)
                0x00000000001050d4                svcArbitrateAddressNoTimeout
 .text.svcCloseHandle
                0x00000000001050dc        0x8 C:/devkitPro/libctru/lib\libctru.a(svc.o)
                0x00000000001050dc                svcCloseHandle
 .text.svcWaitSynchronization
                0x00000000001050e4        0x8 C:/devkitPro/libctru/lib\libctru.a(svc.o)
                0x00000000001050e4                svcWaitSynchronization
 .text.svcWaitSynchronizationN
                0x00000000001050ec       0x28 C:/devkitPro/libctru/lib\libctru.a(svc.o)
                0x00000000001050ec                svcWaitSynchronizationN
 .text.svcDuplicateHandle
                0x0000000000105114       0x14 C:/devkitPro/libctru/lib\libctru.a(svc.o)
                0x0000000000105114                svcDuplicateHandle
 .text.svcConnectToPort
                0x0000000000105128       0x14 C:/devkitPro/libctru/lib\libctru.a(svc.o)
                0x0000000000105128                svcConnectToPort
 .text.svcSendSyncRequest
                0x000000000010513c        0x8 C:/devkitPro/libctru/lib\libctru.a(svc.o)
                0x000000000010513c                svcSendSyncRequest
 .text.svcGetResourceLimit
                0x0000000000105144       0x14 C:/devkitPro/libctru/lib\libctru.a(svc.o)
                0x0000000000105144                svcGetResourceLimit
 .text.svcGetResourceLimitLimitValues
                0x0000000000105158        0x8 C:/devkitPro/libctru/lib\libctru.a(svc.o)
                0x0000000000105158                svcGetResourceLimitLimitValues
 .text.svcGetResourceLimitCurrentValues
                0x0000000000105160        0x8 C:/devkitPro/libctru/lib\libctru.a(svc.o)
                0x0000000000105160                svcGetResourceLimitCurrentValues
 .text.svcBreak
                0x0000000000105168        0x8 C:/devkitPro/libctru/lib\libctru.a(svc.o)
                0x0000000000105168                svcBreak
 .text.initSystem
                0x0000000000105170       0x50 C:/devkitPro/libctru/lib\libctru.a(stack_adjust.o)
                0x0000000000105170                initSystem
 .text.__ctru_exit
                0x00000000001051c0       0x18 C:/devkitPro/libctru/lib\libctru.a(stack_adjust.o)
                0x00000000001051c0                __ctru_exit
 .text._ZL21addrMapNodeComparatorPK11rbtree_nodeS1_
                0x00000000001051d8       0x24 C:/devkitPro/libctru/lib\libctru.a(vram.o)
 .text._ZL21addrMapNodeDestructorP11rbtree_node
                0x00000000001051fc        0x4 C:/devkitPro/libctru/lib\libctru.a(vram.o)
 .text.vramMemAlignAt
                0x0000000000105200      0x250 C:/devkitPro/libctru/lib\libctru.a(vram.o)
                0x0000000000105200                vramMemAlignAt
 .text.vramAlloc
                0x0000000000105450        0xc C:/devkitPro/libctru/lib\libctru.a(vram.o)
                0x0000000000105450                vramAlloc
 .text.vramFree
                0x000000000010545c       0x90 C:/devkitPro/libctru/lib\libctru.a(vram.o)
                0x000000000010545c                vramFree
 .text._ZL21addrMapNodeComparatorPK11rbtree_nodeS1_
                0x00000000001054ec       0x24 C:/devkitPro/libctru/lib\libctru.a(linear.o)
 .text._ZL21addrMapNodeDestructorP11rbtree_node
                0x0000000000105510        0x4 C:/devkitPro/libctru/lib\libctru.a(linear.o)
 .text.linearMemAlign
                0x0000000000105514      0x120 C:/devkitPro/libctru/lib\libctru.a(linear.o)
                0x0000000000105514                linearMemAlign
 .text.linearAlloc
                0x0000000000105634        0x8 C:/devkitPro/libctru/lib\libctru.a(linear.o)
                0x0000000000105634                linearAlloc
 .text.linearFree
                0x000000000010563c       0x5c C:/devkitPro/libctru/lib\libctru.a(linear.o)
                0x000000000010563c                linearFree
 .text._ZN7MemPool13CoalesceRightEP8MemBlock
                0x0000000000105698       0x80 C:/devkitPro/libctru/lib\libctru.a(mem_pool.o)
                0x0000000000105698                MemPool::CoalesceRight(MemBlock*)
 .text._ZN7MemPool8AllocateER8MemChunkmi
                0x0000000000105718      0x16c C:/devkitPro/libctru/lib\libctru.a(mem_pool.o)
                0x0000000000105718                MemPool::Allocate(MemChunk&, unsigned long, int)
 .text._ZN7MemPool10DeallocateERK8MemChunk
                0x0000000000105884       0xfc C:/devkitPro/libctru/lib\libctru.a(mem_pool.o)
                0x0000000000105884                MemPool::Deallocate(MemChunk const&)
 .text._ZN7MemPool12GetFreeSpaceEv
                0x0000000000105980       0x30 C:/devkitPro/libctru/lib\libctru.a(mem_pool.o)
                0x0000000000105980                MemPool::GetFreeSpace()
 .text.__sync_init
                0x00000000001059b0        0xc C:/devkitPro/libctru/lib\libctru.a(synchronization.o)
                0x00000000001059b0                __sync_init
 .text.__sync_fini
                0x00000000001059bc       0x18 C:/devkitPro/libctru/lib\libctru.a(synchronization.o)
                0x00000000001059bc                __sync_fini
 .text.syncArbitrateAddress
                0x00000000001059d4       0x2c C:/devkitPro/libctru/lib\libctru.a(synchronization.o)
                0x00000000001059d4                syncArbitrateAddress
 .text.LightLock_Lock
                0x0000000000105a00       0xb0 C:/devkitPro/libctru/lib\libctru.a(synchronization.o)
                0x0000000000105a00                LightLock_Lock
 .text.LightLock_Unlock
                0x0000000000105ab0       0x40 C:/devkitPro/libctru/lib\libctru.a(synchronization.o)
                0x0000000000105ab0                LightLock_Unlock
 .text.RecursiveLock_Init
                0x0000000000105af0       0x24 C:/devkitPro/libctru/lib\libctru.a(synchronization.o)
                0x0000000000105af0                RecursiveLock_Init
 .text.RecursiveLock_Lock
                0x0000000000105b14       0x30 C:/devkitPro/libctru/lib\libctru.a(synchronization.o)
                0x0000000000105b14                RecursiveLock_Lock
 .text.RecursiveLock_Unlock
                0x0000000000105b44       0x54 C:/devkitPro/libctru/lib\libctru.a(synchronization.o)
                0x0000000000105b44                RecursiveLock_Unlock
 .text.LightEvent_Init
                0x0000000000105b98       0x40 C:/devkitPro/libctru/lib\libctru.a(synchronization.o)
                0x0000000000105b98                LightEvent_Init
 .text.LightEvent_Clear
                0x0000000000105bd8       0xa4 C:/devkitPro/libctru/lib\libctru.a(synchronization.o)
                0x0000000000105bd8                LightEvent_Clear
 .text.LightEvent_Signal
                0x0000000000105c7c       0xc8 C:/devkitPro/libctru/lib\libctru.a(synchronization.o)
                0x0000000000105c7c                LightEvent_Signal
 .text.LightEvent_TryWait
                0x0000000000105d44       0x50 C:/devkitPro/libctru/lib\libctru.a(synchronization.o)
                0x0000000000105d44                LightEvent_TryWait
 .text.LightEvent_Wait
                0x0000000000105d94       0xb0 C:/devkitPro/libctru/lib\libctru.a(synchronization.o)
                0x0000000000105d94                LightEvent_Wait
 .text.srvInit  0x0000000000105e44      0x130 C:/devkitPro/libctru/lib\libctru.a(srv.o)
                0x0000000000105e44                srvInit
 .text.srvExit  0x0000000000105f74       0x58 C:/devkitPro/libctru/lib\libctru.a(srv.o)
                0x0000000000105f74                srvExit
 .text.srvGetServiceHandleDirect
                0x0000000000105fcc       0xa0 C:/devkitPro/libctru/lib\libctru.a(srv.o)
                0x0000000000105fcc                srvGetServiceHandleDirect
 .text.srvGetServiceHandle
                0x000000000010606c       0x38 C:/devkitPro/libctru/lib\libctru.a(srv.o)
                0x000000000010606c                srvGetServiceHandle
 .text.srvPublishToSubscriber
                0x00000000001060a4       0x38 C:/devkitPro/libctru/lib\libctru.a(srv.o)
                0x00000000001060a4                srvPublishToSubscriber
 .text.threadCreate
                0x00000000001060dc      0x178 C:/devkitPro/libctru/lib\libctru.a(thread.o)
                0x00000000001060dc                threadCreate
 .text.threadFree
                0x0000000000106254       0x2c C:/devkitPro/libctru/lib\libctru.a(thread.o)
                0x0000000000106254                threadFree
 .text.threadJoin
                0x0000000000106280       0x24 C:/devkitPro/libctru/lib\libctru.a(thread.o)
                0x0000000000106280                threadJoin
 .text.threadGetCurrent
                0x00000000001062a4       0x30 C:/devkitPro/libctru/lib\libctru.a(thread.o)
                0x00000000001062a4                threadGetCurrent
 .text.threadExit
                0x00000000001062d4       0x40 C:/devkitPro/libctru/lib\libctru.a(thread.o)
                0x00000000001062d4                threadExit
 .text._thread_begin
                0x0000000000106314       0x20 C:/devkitPro/libctru/lib\libctru.a(thread.o)
 .text.mappableFindAddressWithin
                0x0000000000106334       0xb4 C:/devkitPro/libctru/lib\libctru.a(mappable.o)
 .text.mappableInit
                0x00000000001063e8       0x28 C:/devkitPro/libctru/lib\libctru.a(mappable.o)
                0x00000000001063e8                mappableInit
 .text.mappableAlloc
                0x0000000000106410       0x80 C:/devkitPro/libctru/lib\libctru.a(mappable.o)
                0x0000000000106410                mappableAlloc
 .text.mappableFree
                0x0000000000106490        0x4 C:/devkitPro/libctru/lib\libctru.a(mappable.o)
                0x0000000000106490                mappableFree
 .text.irrstInit
                0x0000000000106494      0x164 C:/devkitPro/libctru/lib\libctru.a(irrst.o)
                0x0000000000106494                irrstInit
 .text.irrstExit
                0x00000000001065f8       0xcc C:/devkitPro/libctru/lib\libctru.a(irrst.o)
                0x00000000001065f8                irrstExit
 .text.irrstScanInput
                0x00000000001066c4       0xb4 C:/devkitPro/libctru/lib\libctru.a(irrst.o)
                0x00000000001066c4                irrstScanInput
 .text.irrstKeysHeld
                0x0000000000106778       0x24 C:/devkitPro/libctru/lib\libctru.a(irrst.o)
                0x0000000000106778                irrstKeysHeld
 .text.aptDspSleep
                0x000000000010679c        0x8 C:/devkitPro/libctru/lib\libctru.a(apt.o)
                0x000000000010679c                aptDspSleep
 .text.aptDspWakeup
                0x00000000001067a4        0x4 C:/devkitPro/libctru/lib\libctru.a(apt.o)
                0x00000000001067a4                aptDspWakeup
 .text.aptDspCancel
                0x00000000001067a8        0x4 C:/devkitPro/libctru/lib\libctru.a(apt.o)
                0x00000000001067a8                aptDspCancel
 .text.aptSendCommand
                0x00000000001067ac      0x158 C:/devkitPro/libctru/lib\libctru.a(apt.o)
                0x00000000001067ac                aptSendCommand
 *fill*         0x0000000000106904        0x4 
 .text.aptExitProcess
                0x0000000000106908       0x44 C:/devkitPro/libctru/lib\libctru.a(apt.o)
 .text.aptExit  0x000000000010694c      0x2f4 C:/devkitPro/libctru/lib\libctru.a(apt.o)
                0x000000000010694c                aptExit
 .text.APT_SleepIfShellClosed
                0x0000000000106c40       0x84 C:/devkitPro/libctru/lib\libctru.a(apt.o)
                0x0000000000106c40                APT_SleepIfShellClosed
 .text.APT_UnlockTransition
                0x0000000000106cc4       0x84 C:/devkitPro/libctru/lib\libctru.a(apt.o)
                0x0000000000106cc4                APT_UnlockTransition
 .text.aptEventHandler
                0x0000000000106d48      0x4a4 C:/devkitPro/libctru/lib\libctru.a(apt.o)
 .text.APT_ReceiveParameter
                0x00000000001071ec       0xb0 C:/devkitPro/libctru/lib\libctru.a(apt.o)
                0x00000000001071ec                APT_ReceiveParameter
 .text.aptReceiveParameter.constprop.0
                0x000000000010729c       0xb0 C:/devkitPro/libctru/lib\libctru.a(apt.o)
 .text.aptWaitForWakeUp.isra.0
                0x000000000010734c      0x344 C:/devkitPro/libctru/lib\libctru.a(apt.o)
 .text.aptInit  0x0000000000107690      0x22c C:/devkitPro/libctru/lib\libctru.a(apt.o)
                0x0000000000107690                aptInit
 .text.APT_CheckNew3DS
                0x00000000001078bc       0x7c C:/devkitPro/libctru/lib\libctru.a(apt.o)
                0x00000000001078bc                APT_CheckNew3DS
 .text.srvPmGetSessionHandle
                0x0000000000107938        0xc C:/devkitPro/libctru/lib\libctru.a(srvpm.o)
                0x0000000000107938                srvPmGetSessionHandle
 .text.rbtree_init
                0x0000000000107944       0x10 C:/devkitPro/libctru/lib\libctru.a(rbtree_init.o)
                0x0000000000107944                rbtree_init
 .text.do_insert
                0x0000000000107954      0x1b4 C:/devkitPro/libctru/lib\libctru.a(rbtree_insert.o)
 .text.rbtree_insert
                0x0000000000107b08        0x8 C:/devkitPro/libctru/lib\libctru.a(rbtree_insert.o)
                0x0000000000107b08                rbtree_insert
 .text.rbtree_rotate
                0x0000000000107b10       0x90 C:/devkitPro/libctru/lib\libctru.a(rbtree_rotate.o)
                0x0000000000107b10                rbtree_rotate
 .text.rbtree_remove
                0x0000000000107ba0      0x318 C:/devkitPro/libctru/lib\libctru.a(rbtree_remove.o)
                0x0000000000107ba0                rbtree_remove
 .text.rbtree_find
                0x0000000000107eb8       0x74 C:/devkitPro/libctru/lib\libctru.a(rbtree_find.o)
                0x0000000000107eb8                rbtree_find
 .text.__appInit
                0x0000000000107f2c       0x30 C:/devkitPro/libctru/lib\libctru.a(appInit.o)
                0x0000000000107f2c                __appInit
 .text.__syscall_getreent
                0x0000000000107f5c       0x30 C:/devkitPro/libctru/lib\libctru.a(syscalls.o)
                0x0000000000107f5c                __syscall_getreent
 .text.__syscall_lock_acquire
                0x0000000000107f8c        0x4 C:/devkitPro/libctru/lib\libctru.a(syscalls.o)
                0x0000000000107f8c                __syscall_lock_acquire
 .text.__syscall_lock_release
                0x0000000000107f90        0x4 C:/devkitPro/libctru/lib\libctru.a(syscalls.o)
                0x0000000000107f90                __syscall_lock_release
 .text.__syscall_lock_init_recursive
                0x0000000000107f94        0x4 C:/devkitPro/libctru/lib\libctru.a(syscalls.o)
                0x0000000000107f94                __syscall_lock_init_recursive
 .text.__syscall_lock_acquire_recursive
                0x0000000000107f98        0x4 C:/devkitPro/libctru/lib\libctru.a(syscalls.o)
                0x0000000000107f98                __syscall_lock_acquire_recursive
 .text.__syscall_lock_release_recursive
                0x0000000000107f9c        0x4 C:/devkitPro/libctru/lib\libctru.a(syscalls.o)
                0x0000000000107f9c                __syscall_lock_release_recursive
 .text.__syscall_exit
                0x0000000000107fa0        0x4 C:/devkitPro/libctru/lib\libctru.a(syscalls.o)
                0x0000000000107fa0                __syscall_exit
 .text.initThreadVars
                0x0000000000107fa4       0x50 C:/devkitPro/libctru/lib\libctru.a(syscalls.o)
                0x0000000000107fa4                initThreadVars
 .text.__system_initSyscalls
                0x0000000000107ff4       0x68 C:/devkitPro/libctru/lib\libctru.a(syscalls.o)
                0x0000000000107ff4                __system_initSyscalls
 *fill*         0x000000000010805c        0x4 
 .text.__system_allocateHeaps
                0x0000000000108060      0x1e0 C:/devkitPro/libctru/lib\libctru.a(allocateHeaps.o)
                0x0000000000108060                __system_allocateHeaps
 .text.__appExit
                0x0000000000108240       0x30 C:/devkitPro/libctru/lib\libctru.a(appExit.o)
                0x0000000000108240                __appExit
 .text.__libctru_init
                0x0000000000108270       0x38 C:/devkitPro/libctru/lib\libctru.a(ctru_init.o)
                0x0000000000108270                __libctru_init
 .text.__libctru_exit
                0x00000000001082a8       0x90 C:/devkitPro/libctru/lib\libctru.a(ctru_exit.o)
                0x00000000001082a8                __libctru_exit
 .text.envGetHandle
                0x0000000000108338       0x84 C:/devkitPro/libctru/lib\libctru.a(env.o)
                0x0000000000108338                envGetHandle
 .text.envDestroyHandles
                0x00000000001083bc       0x50 C:/devkitPro/libctru/lib\libctru.a(env.o)
                0x00000000001083bc                envDestroyHandles
 .text.__ctru_speedup_config
                0x000000000010840c       0x34 C:/devkitPro/libctru/lib\libctru.a(os.o)
                0x000000000010840c                __ctru_speedup_config
 .text.archive_link
                0x0000000000108440       0x14 C:/devkitPro/libctru/lib\libctru.a(archive_dev.o)
 .text.archive_dirreset
                0x0000000000108454       0x14 C:/devkitPro/libctru/lib\libctru.a(archive_dev.o)
 .text.archive_chmod
                0x0000000000108468       0x14 C:/devkitPro/libctru/lib\libctru.a(archive_dev.o)
 .text.error_cmp
                0x000000000010847c       0x24 C:/devkitPro/libctru/lib\libctru.a(archive_dev.o)
 .text.archive_translate_error
                0x00000000001084a0       0x50 C:/devkitPro/libctru/lib\libctru.a(archive_dev.o)
 .text.archive_seek
                0x00000000001084f0       0xc8 C:/devkitPro/libctru/lib\libctru.a(archive_dev.o)
 .text._archiveInit.part.0
                0x00000000001085b8       0x7c C:/devkitPro/libctru/lib\libctru.a(archive_dev.o)
 .text.archiveFindDevice.part.0
                0x0000000000108634       0xc4 C:/devkitPro/libctru/lib\libctru.a(archive_dev.o)
 .text.archive_utf16path
                0x00000000001086f8      0x25c C:/devkitPro/libctru/lib\libctru.a(archive_dev.o)
 .text._archiveUnmountDeviceStruct.part.0
                0x0000000000108954       0xa0 C:/devkitPro/libctru/lib\libctru.a(archive_dev.o)
 .text.archive_fchmod
                0x00000000001089f4       0x14 C:/devkitPro/libctru/lib\libctru.a(archive_dev.o)
 .text.archive_statvfs
                0x0000000000108a08       0x14 C:/devkitPro/libctru/lib\libctru.a(archive_dev.o)
 .text._archiveMountDevice
                0x0000000000108a1c      0x164 C:/devkitPro/libctru/lib\libctru.a(archive_dev.o)
 .text.archive_diropen
                0x0000000000108b80       0xe8 C:/devkitPro/libctru/lib\libctru.a(archive_dev.o)
 .text.archive_fstat
                0x0000000000108c68       0xa4 C:/devkitPro/libctru/lib\libctru.a(archive_dev.o)
 .text.archive_close
                0x0000000000108d0c       0x6c C:/devkitPro/libctru/lib\libctru.a(archive_dev.o)
 .text.archive_fsync
                0x0000000000108d78       0x6c C:/devkitPro/libctru/lib\libctru.a(archive_dev.o)
 .text.archive_dirclose
                0x0000000000108de4       0x70 C:/devkitPro/libctru/lib\libctru.a(archive_dev.o)
 .text.sdmc_statvfs
                0x0000000000108e54       0xe8 C:/devkitPro/libctru/lib\libctru.a(archive_dev.o)
 .text.archive_chdir
                0x0000000000108f3c       0xec C:/devkitPro/libctru/lib\libctru.a(archive_dev.o)
 .text.archive_ftruncate
                0x0000000000109028       0x7c C:/devkitPro/libctru/lib\libctru.a(archive_dev.o)
 .text.archive_read
                0x00000000001090a4       0xac C:/devkitPro/libctru/lib\libctru.a(archive_dev.o)
 .text.archive_unlink
                0x0000000000109150       0xa4 C:/devkitPro/libctru/lib\libctru.a(archive_dev.o)
 .text.archive_rmdir
                0x00000000001091f4       0xbc C:/devkitPro/libctru/lib\libctru.a(archive_dev.o)
 .text.archive_mkdir
                0x00000000001092b0       0xdc C:/devkitPro/libctru/lib\libctru.a(archive_dev.o)
 .text.archive_stat
                0x000000000010938c      0x19c C:/devkitPro/libctru/lib\libctru.a(archive_dev.o)
 .text.archive_dirnext
                0x0000000000109528      0x15c C:/devkitPro/libctru/lib\libctru.a(archive_dev.o)
 .text.archive_write
                0x0000000000109684       0xec C:/devkitPro/libctru/lib\libctru.a(archive_dev.o)
 .text.archive_open
                0x0000000000109770      0x1d4 C:/devkitPro/libctru/lib\libctru.a(archive_dev.o)
 .text.archive_rename
                0x0000000000109944      0x278 C:/devkitPro/libctru/lib\libctru.a(archive_dev.o)
 .text.archiveMountSdmc
                0x0000000000109bbc      0x19c C:/devkitPro/libctru/lib\libctru.a(archive_dev.o)
                0x0000000000109bbc                archiveMountSdmc
 .text.archiveUnmountAll
                0x0000000000109d58       0x54 C:/devkitPro/libctru/lib\libctru.a(archive_dev.o)
                0x0000000000109d58                archiveUnmountAll
 .text.ptmSysmInit
                0x0000000000109dac       0x74 C:/devkitPro/libctru/lib\libctru.a(ptmsysm.o)
                0x0000000000109dac                ptmSysmInit
 .text.ptmSysmExit
                0x0000000000109e20       0x3c C:/devkitPro/libctru/lib\libctru.a(ptmsysm.o)
                0x0000000000109e20                ptmSysmExit
 .text.PTMSYSM_ConfigureNew3DSCPU
                0x0000000000109e5c       0x34 C:/devkitPro/libctru/lib\libctru.a(ptmsysm.o)
                0x0000000000109e5c                PTMSYSM_ConfigureNew3DSCPU
 .text.fsInit   0x0000000000109e90       0xcc C:/devkitPro/libctru/lib\libctru.a(fs.o)
                0x0000000000109e90                fsInit
 .text.fsExit   0x0000000000109f5c       0x3c C:/devkitPro/libctru/lib\libctru.a(fs.o)
                0x0000000000109f5c                fsExit
 .text.fsExemptFromSession
                0x0000000000109f98       0x60 C:/devkitPro/libctru/lib\libctru.a(fs.o)
                0x0000000000109f98                fsExemptFromSession
 .text.fsUnexemptFromSession
                0x0000000000109ff8       0x50 C:/devkitPro/libctru/lib\libctru.a(fs.o)
                0x0000000000109ff8                fsUnexemptFromSession
 .text.FSUSER_OpenFile
                0x000000000010a048       0xcc C:/devkitPro/libctru/lib\libctru.a(fs.o)
                0x000000000010a048                FSUSER_OpenFile
 .text.FSUSER_DeleteFile
                0x000000000010a114       0xbc C:/devkitPro/libctru/lib\libctru.a(fs.o)
                0x000000000010a114                FSUSER_DeleteFile
 .text.FSUSER_RenameFile
                0x000000000010a1d0       0xf8 C:/devkitPro/libctru/lib\libctru.a(fs.o)
                0x000000000010a1d0                FSUSER_RenameFile
 .text.FSUSER_DeleteDirectory
                0x000000000010a2c8       0xbc C:/devkitPro/libctru/lib\libctru.a(fs.o)
                0x000000000010a2c8                FSUSER_DeleteDirectory
 .text.FSUSER_CreateFile
                0x000000000010a384       0xd4 C:/devkitPro/libctru/lib\libctru.a(fs.o)
                0x000000000010a384                FSUSER_CreateFile
 .text.FSUSER_CreateDirectory
                0x000000000010a458       0xc4 C:/devkitPro/libctru/lib\libctru.a(fs.o)
                0x000000000010a458                FSUSER_CreateDirectory
 .text.FSUSER_RenameDirectory
                0x000000000010a51c       0xf8 C:/devkitPro/libctru/lib\libctru.a(fs.o)
                0x000000000010a51c                FSUSER_RenameDirectory
 .text.FSUSER_OpenDirectory
                0x000000000010a614       0xb4 C:/devkitPro/libctru/lib\libctru.a(fs.o)
                0x000000000010a614                FSUSER_OpenDirectory
 .text.FSUSER_OpenArchive
                0x000000000010a6c8       0x98 C:/devkitPro/libctru/lib\libctru.a(fs.o)
                0x000000000010a6c8                FSUSER_OpenArchive
 .text.FSUSER_CloseArchive
                0x000000000010a760       0x8c C:/devkitPro/libctru/lib\libctru.a(fs.o)
                0x000000000010a760                FSUSER_CloseArchive
 .text.FSUSER_GetSdmcArchiveResource
                0x000000000010a7ec       0x74 C:/devkitPro/libctru/lib\libctru.a(fs.o)
                0x000000000010a7ec                FSUSER_GetSdmcArchiveResource
 .text.FSUSER_IsSdmcWritable
                0x000000000010a860       0x64 C:/devkitPro/libctru/lib\libctru.a(fs.o)
                0x000000000010a860                FSUSER_IsSdmcWritable
 .text.FSFILE_Read
                0x000000000010a8c4       0x58 C:/devkitPro/libctru/lib\libctru.a(fs.o)
                0x000000000010a8c4                FSFILE_Read
 .text.FSFILE_Write
                0x000000000010a91c       0x60 C:/devkitPro/libctru/lib\libctru.a(fs.o)
                0x000000000010a91c                FSFILE_Write
 .text.FSFILE_GetSize
                0x000000000010a97c       0x3c C:/devkitPro/libctru/lib\libctru.a(fs.o)
                0x000000000010a97c                FSFILE_GetSize
 .text.FSFILE_SetSize
                0x000000000010a9b8       0x28 C:/devkitPro/libctru/lib\libctru.a(fs.o)
                0x000000000010a9b8                FSFILE_SetSize
 .text.FSFILE_Close
                0x000000000010a9e0       0x3c C:/devkitPro/libctru/lib\libctru.a(fs.o)
                0x000000000010a9e0                FSFILE_Close
 .text.FSFILE_Flush
                0x000000000010aa1c       0x24 C:/devkitPro/libctru/lib\libctru.a(fs.o)
                0x000000000010aa1c                FSFILE_Flush
 .text.FSDIR_Read
                0x000000000010aa40       0x50 C:/devkitPro/libctru/lib\libctru.a(fs.o)
                0x000000000010aa40                FSDIR_Read
 .text.FSDIR_Close
                0x000000000010aa90       0x3c C:/devkitPro/libctru/lib\libctru.a(fs.o)
                0x000000000010aa90                FSDIR_Close
 .text.rbtree_node_next
                0x000000000010aacc       0x5c C:/devkitPro/libctru/lib\libctru.a(rbtree_iterator.o)
                0x000000000010aacc                rbtree_node_next
 .text.utf16_to_utf8
                0x000000000010ab28       0xe8 C:/devkitPro/libctru/lib\libctru.a(utf16_to_utf8.o)
                0x000000000010ab28                utf16_to_utf8
 .text.decode_utf16
                0x000000000010ac10       0x64 C:/devkitPro/libctru/lib\libctru.a(decode_utf16.o)
                0x000000000010ac10                decode_utf16
 .text.decode_utf8
                0x000000000010ac74      0x13c C:/devkitPro/libctru/lib\libctru.a(decode_utf8.o)
                0x000000000010ac74                decode_utf8
 .text.utf8_to_utf16
                0x000000000010adb0       0xc0 C:/devkitPro/libctru/lib\libctru.a(utf8_to_utf16.o)
                0x000000000010adb0                utf8_to_utf16
 .text.__aeabi_read_tp
                0x000000000010ae70        0xc C:/devkitPro/libctru/lib\libctru.a(readtp.o)
                0x000000000010ae70                __aeabi_read_tp
 .text.encode_utf16
                0x000000000010ae7c       0x54 C:/devkitPro/libctru/lib\libctru.a(encode_utf16.o)
                0x000000000010ae7c                encode_utf16
 .text.encode_utf8
                0x000000000010aed0       0xe0 C:/devkitPro/libctru/lib\libctru.a(encode_utf8.o)
                0x000000000010aed0                encode_utf8
 .text.cos      0x000000000010afb0       0xc0 c:/devkitpro/devkitarm/bin/../lib/gcc/arm-none-eabi/12.2.0/../../../../arm-none-eabi/lib/armv6k/fpu\libm.a(lib_a-s_cos.o)
                0x000000000010afb0                cos
 .text.sin      0x000000000010b070       0xc8 c:/devkitpro/devkitarm/bin/../lib/gcc/arm-none-eabi/12.2.0/../../../../arm-none-eabi/lib/armv6k/fpu\libm.a(lib_a-s_sin.o)
                0x000000000010b070                sin
 .text.sqrt     0x000000000010b138       0x58 c:/devkitpro/devkitarm/bin/../lib/gcc/arm-none-eabi/12.2.0/../../../../arm-none-eabi/lib/armv6k/fpu\libm.a(lib_a-w_sqrt.o)
                0x000000000010b138                sqrt
 .text.__ieee754_rem_pio2
                0x000000000010b190      0x308 c:/devkitpro/devkitarm/bin/../lib/gcc/arm-none-eabi/12.2.0/../../../../arm-none-eabi/lib/armv6k/fpu\libm.a(lib_a-e_rem_pio2.o)
                0x000000000010b190                __ieee754_rem_pio2
 .text.__ieee754_sqrt
                0x000000000010b498        0x8 c:/devkitpro/devkitarm/bin/../lib/gcc/arm-none-eabi/12.2.0/../../../../arm-none-eabi/lib/armv6k/fpu\libm.a(lib_a-e_sqrt.o)
                0x000000000010b498                __ieee754_sqrt
 .text.__kernel_cos
                0x000000000010b4a0      0x158 c:/devkitpro/devkitarm/bin/../lib/gcc/arm-none-eabi/12.2.0/../../../../arm-none-eabi/lib/armv6k/fpu\libm.a(lib_a-k_cos.o)
                0x000000000010b4a0                __kernel_cos
 .text.__kernel_rem_pio2
                0x000000000010b5f8      0x8c0 c:/devkitpro/devkitarm/bin/../lib/gcc/arm-none-eabi/12.2.0/../../../../arm-none-eabi/lib/armv6k/fpu\libm.a(lib_a-k_rem_pio2.o)
                0x000000000010b5f8                __kernel_rem_pio2
 .text.__kernel_sin
                0x000000000010beb8       0xc0 c:/devkitpro/devkitarm/bin/../lib/gcc/arm-none-eabi/12.2.0/../../../../arm-none-eabi/lib/armv6k/fpu\libm.a(lib_a-k_sin.o)
                0x000000000010beb8                __kernel_sin
 .text.fabs     0x000000000010bf78       0x14 c:/devkitpro/devkitarm/bin/../lib/gcc/arm-none-eabi/12.2.0/../../../../arm-none-eabi/lib/armv6k/fpu\libm.a(lib_a-s_fabs.o)
                0x000000000010bf78                fabs
 *fill*         0x000000000010bf8c        0x4 
 .text.floor    0x000000000010bf90      0x144 c:/devkitpro/devkitarm/bin/../lib/gcc/arm-none-eabi/12.2.0/../../../../arm-none-eabi/lib/armv6k/fpu\libm.a(lib_a-s_floor.o)
                0x000000000010bf90                floor
 *fill*         0x000000000010c0d4        0x4 
 .text.scalbn   0x000000000010c0d8      0x140 c:/devkitpro/devkitarm/bin/../lib/gcc/arm-none-eabi/12.2.0/../../../../arm-none-eabi/lib/armv6k/fpu\libm.a(lib_a-s_scalbn.o)
                0x000000000010c0d8                scalbn
 .text.__udivmoddi4
                0x000000000010c218      0x120 c:/devkitpro/devkitarm/bin/../lib/gcc/arm-none-eabi/12.2.0/armv6k/fpu\libgcc.a(_udivmoddi4.o)
                0x000000000010c218                __udivmoddi4
 .text.bsearch  0x000000000010c338       0x78 c:/devkitpro/devkitarm/bin/../lib/gcc/arm-none-eabi/12.2.0/../../../../arm-none-eabi/lib/armv6k/fpu\libg.a(lib_a-bsearch.o)
                0x000000000010c338                bsearch
 .text.__errno  0x000000000010c3b0        0xc c:/devkitpro/devkitarm/bin/../lib/gcc/arm-none-eabi/12.2.0/../../../../arm-none-eabi/lib/armv6k/fpu\libg.a(lib_a-errno.o)
                0x000000000010c3b0                __errno
 .text.exit     0x000000000010c3bc       0x34 c:/devkitpro/devkitarm/bin/../lib/gcc/arm-none-eabi/12.2.0/../../../../arm-none-eabi/lib/armv6k/fpu\libg.a(lib_a-exit.o)
                0x000000000010c3bc                exit
 .text.__sflush_r
                0x000000000010c3f0      0x234 c:/devkitpro/devkitarm/bin/../lib/gcc/arm-none-eabi/12.2.0/../../../../arm-none-eabi/lib/armv6k/fpu\libg.a(lib_a-fflush.o)
                0x000000000010c3f0                __sflush_r
 .text._fflush_r
                0x000000000010c624       0x94 c:/devkitpro/devkitarm/bin/../lib/gcc/arm-none-eabi/12.2.0/../../../../arm-none-eabi/lib/armv6k/fpu\libg.a(lib_a-fflush.o)
                0x000000000010c624                _fflush_r
 .text._cleanup_r
                0x000000000010c6b8        0xc c:/devkitpro/devkitarm/bin/../lib/gcc/arm-none-eabi/12.2.0/../../../../arm-none-eabi/lib/armv6k/fpu\libg.a(lib_a-findfp.o)
                0x000000000010c6b8                _cleanup_r
 .text.__sinit  0x000000000010c6c4      0x184 c:/devkitpro/devkitarm/bin/../lib/gcc/arm-none-eabi/12.2.0/../../../../arm-none-eabi/lib/armv6k/fpu\libg.a(lib_a-findfp.o)
                0x000000000010c6c4                __sinit
 .text.__sfp_lock_acquire
                0x000000000010c848        0xc c:/devkitpro/devkitarm/bin/../lib/gcc/arm-none-eabi/12.2.0/../../../../arm-none-eabi/lib/armv6k/fpu\libg.a(lib_a-findfp.o)
                0x000000000010c848                __sfp_lock_acquire
 .text.__sfp_lock_release
                0x000000000010c854        0xc c:/devkitpro/devkitarm/bin/../lib/gcc/arm-none-eabi/12.2.0/../../../../arm-none-eabi/lib/armv6k/fpu\libg.a(lib_a-findfp.o)
                0x000000000010c854                __sfp_lock_release
 .text.__libc_fini_array
                0x000000000010c860       0x3c c:/devkitpro/devkitarm/bin/../lib/gcc/arm-none-eabi/12.2.0/../../../../arm-none-eabi/lib/armv6k/fpu\libg.a(lib_a-fini.o)
                0x000000000010c860                __libc_fini_array
 .text._malloc_trim_r
                0x000000000010c89c       0xf8 c:/devkitpro/devkitarm/bin/../lib/gcc/arm-none-eabi/12.2.0/../../../../arm-none-eabi/lib/armv6k/fpu\libg.a(lib_a-freer.o)
                0x000000000010c89c                _malloc_trim_r
 .text._free_r  0x000000000010c994      0x2e8 c:/devkitpro/devkitarm/bin/../lib/gcc/arm-none-eabi/12.2.0/../../../../arm-none-eabi/lib/armv6k/fpu\libg.a(lib_a-freer.o)
                0x000000000010c994                _free_r
 .text._fwalk_reent
                0x000000000010cc7c       0x70 c:/devkitpro/devkitarm/bin/../lib/gcc/arm-none-eabi/12.2.0/../../../../arm-none-eabi/lib/armv6k/fpu\libg.a(lib_a-fwalk.o)
                0x000000000010cc7c                _fwalk_reent
 .text.__libc_init_array
                0x000000000010ccec       0x84 c:/devkitpro/devkitarm/bin/../lib/gcc/arm-none-eabi/12.2.0/../../../../arm-none-eabi/lib/armv6k/fpu\libg.a(lib_a-init.o)
                0x000000000010ccec                __libc_init_array
 .text.memalign
                0x000000000010cd70       0x20 c:/devkitpro/devkitarm/bin/../lib/gcc/arm-none-eabi/12.2.0/../../../../arm-none-eabi/lib/armv6k/fpu\libg.a(lib_a-malign.o)
                0x000000000010cd70                memalign
 .text._memalign_r
                0x000000000010cd90      0x14c c:/devkitpro/devkitarm/bin/../lib/gcc/arm-none-eabi/12.2.0/../../../../arm-none-eabi/lib/armv6k/fpu\libg.a(lib_a-malignr.o)
                0x000000000010cd90                _memalign_r
 .text.malloc   0x000000000010cedc       0x18 c:/devkitpro/devkitarm/bin/../lib/gcc/arm-none-eabi/12.2.0/../../../../arm-none-eabi/lib/armv6k/fpu\libg.a(lib_a-malloc.o)
                0x000000000010cedc                malloc
 .text.free     0x000000000010cef4       0x18 c:/devkitpro/devkitarm/bin/../lib/gcc/arm-none-eabi/12.2.0/../../../../arm-none-eabi/lib/armv6k/fpu\libg.a(lib_a-malloc.o)
                0x000000000010cef4                free
 .text._malloc_r
                0x000000000010cf0c      0x7e4 c:/devkitpro/devkitarm/bin/../lib/gcc/arm-none-eabi/12.2.0/../../../../arm-none-eabi/lib/armv6k/fpu\libg.a(lib_a-mallocr.o)
                0x000000000010cf0c                _malloc_r
 .text.memchr   0x000000000010d6f0       0xe4 c:/devkitpro/devkitarm/bin/../lib/gcc/arm-none-eabi/12.2.0/../../../../arm-none-eabi/lib/armv6k/fpu\libg.a(lib_a-memchr-stub.o)
                0x000000000010d6f0                memchr
 .text.memcpy   0x000000000010d7d4      0x118 c:/devkitpro/devkitarm/bin/../lib/gcc/arm-none-eabi/12.2.0/../../../../arm-none-eabi/lib/armv6k/fpu\libg.a(lib_a-memcpy-stub.o)
                0x000000000010d7d4                memcpy
 .text.memset   0x000000000010d8ec       0xf4 c:/devkitpro/devkitarm/bin/../lib/gcc/arm-none-eabi/12.2.0/../../../../arm-none-eabi/lib/armv6k/fpu\libg.a(lib_a-memset.o)
                0x000000000010d8ec                memset
 .text.__malloc_lock
                0x000000000010d9e0        0xc c:/devkitpro/devkitarm/bin/../lib/gcc/arm-none-eabi/12.2.0/../../../../arm-none-eabi/lib/armv6k/fpu\libg.a(lib_a-mlock.o)
                0x000000000010d9e0                __malloc_lock
 .text.__malloc_unlock
                0x000000000010d9ec        0xc c:/devkitpro/devkitarm/bin/../lib/gcc/arm-none-eabi/12.2.0/../../../../arm-none-eabi/lib/armv6k/fpu\libg.a(lib_a-mlock.o)
                0x000000000010d9ec                __malloc_unlock
 .text.printf   0x000000000010d9f8       0x34 c:/devkitpro/devkitarm/bin/../lib/gcc/arm-none-eabi/12.2.0/../../../../arm-none-eabi/lib/armv6k/fpu\libg.a(lib_a-printf.o)
                0x000000000010d9f8                printf
 .text.setvbuf  0x000000000010da2c      0x25c c:/devkitpro/devkitarm/bin/../lib/gcc/arm-none-eabi/12.2.0/../../../../arm-none-eabi/lib/armv6k/fpu\libg.a(lib_a-setvbuf.o)
                0x000000000010da2c                setvbuf
 .text.sscanf   0x000000000010dc88       0x74 c:/devkitpro/devkitarm/bin/../lib/gcc/arm-none-eabi/12.2.0/../../../../arm-none-eabi/lib/armv6k/fpu\libg.a(lib_a-sscanf.o)
                0x000000000010dc88                sscanf
 .text.__sread  0x000000000010dcfc       0x44 c:/devkitpro/devkitarm/bin/../lib/gcc/arm-none-eabi/12.2.0/../../../../arm-none-eabi/lib/armv6k/fpu\libg.a(lib_a-stdio.o)
                0x000000000010dcfc                __sread
 .text.__seofread
                0x000000000010dd40        0x8 c:/devkitpro/devkitarm/bin/../lib/gcc/arm-none-eabi/12.2.0/../../../../arm-none-eabi/lib/armv6k/fpu\libg.a(lib_a-stdio.o)
                0x000000000010dd40                __seofread
 .text.__swrite
                0x000000000010dd48       0x68 c:/devkitpro/devkitarm/bin/../lib/gcc/arm-none-eabi/12.2.0/../../../../arm-none-eabi/lib/armv6k/fpu\libg.a(lib_a-stdio.o)
                0x000000000010dd48                __swrite
 .text.__sseek  0x000000000010ddb0       0x44 c:/devkitpro/devkitarm/bin/../lib/gcc/arm-none-eabi/12.2.0/../../../../arm-none-eabi/lib/armv6k/fpu\libg.a(lib_a-stdio.o)
                0x000000000010ddb0                __sseek
 .text.__sclose
                0x000000000010ddf4        0x8 c:/devkitpro/devkitarm/bin/../lib/gcc/arm-none-eabi/12.2.0/../../../../arm-none-eabi/lib/armv6k/fpu\libg.a(lib_a-stdio.o)
                0x000000000010ddf4                __sclose
 .text.strlen   0x000000000010ddfc       0x5c c:/devkitpro/devkitarm/bin/../lib/gcc/arm-none-eabi/12.2.0/../../../../arm-none-eabi/lib/armv6k/fpu\libg.a(lib_a-strlen-stub.o)
                0x000000000010ddfc                strlen
 .text.strncat  0x000000000010de58       0xe4 c:/devkitpro/devkitarm/bin/../lib/gcc/arm-none-eabi/12.2.0/../../../../arm-none-eabi/lib/armv6k/fpu\libg.a(lib_a-strncat.o)
                0x000000000010de58                strncat
 .text.strncmp  0x000000000010df3c       0xe4 c:/devkitpro/devkitarm/bin/../lib/gcc/arm-none-eabi/12.2.0/../../../../arm-none-eabi/lib/armv6k/fpu\libg.a(lib_a-strncmp.o)
                0x000000000010df3c                strncmp
 .text.strncpy  0x000000000010e020       0xc4 c:/devkitpro/devkitarm/bin/../lib/gcc/arm-none-eabi/12.2.0/../../../../arm-none-eabi/lib/armv6k/fpu\libg.a(lib_a-strncpy.o)
                0x000000000010e020                strncpy
 .text.strnlen  0x000000000010e0e4       0x48 c:/devkitpro/devkitarm/bin/../lib/gcc/arm-none-eabi/12.2.0/../../../../arm-none-eabi/lib/armv6k/fpu\libg.a(lib_a-strnlen.o)
                0x000000000010e0e4                strnlen
 .text._strtoul_l.constprop.0
                0x000000000010e12c      0x1c4 c:/devkitpro/devkitarm/bin/../lib/gcc/arm-none-eabi/12.2.0/../../../../arm-none-eabi/lib/armv6k/fpu\libg.a(lib_a-strtoul.o)
 .text._strtoul_r
                0x000000000010e2f0        0x4 c:/devkitpro/devkitarm/bin/../lib/gcc/arm-none-eabi/12.2.0/../../../../arm-none-eabi/lib/armv6k/fpu\libg.a(lib_a-strtoul.o)
                0x000000000010e2f0                _strtoul_r
 .text.strtoul  0x000000000010e2f4       0x28 c:/devkitpro/devkitarm/bin/../lib/gcc/arm-none-eabi/12.2.0/../../../../arm-none-eabi/lib/armv6k/fpu\libg.a(lib_a-strtoul.o)
                0x000000000010e2f4                strtoul
 .text.get_arg  0x000000000010e31c       0x50 c:/devkitpro/devkitarm/bin/../lib/gcc/arm-none-eabi/12.2.0/../../../../arm-none-eabi/lib/armv6k/fpu\libg.a(lib_a-svfscanf.o)
 .text.__ssvfscanf_r
                0x000000000010e36c     0x2c38 c:/devkitpro/devkitarm/bin/../lib/gcc/arm-none-eabi/12.2.0/../../../../arm-none-eabi/lib/armv6k/fpu\libg.a(lib_a-svfscanf.o)
                0x000000000010e36c                __ssvfscanf_r
 .text.get_arg  0x0000000000110fa4      0x66c c:/devkitpro/devkitarm/bin/../lib/gcc/arm-none-eabi/12.2.0/../../../../arm-none-eabi/lib/armv6k/fpu\libg.a(lib_a-vfprintf.o)
 .text._vfprintf_r
                0x0000000000111610     0x339c c:/devkitpro/devkitarm/bin/../lib/gcc/arm-none-eabi/12.2.0/../../../../arm-none-eabi/lib/armv6k/fpu\libg.a(lib_a-vfprintf.o)
                0x0000000000111610                _vfprintf_r
 .text.__sbprintf
                0x00000000001149ac       0xd0 c:/devkitpro/devkitarm/bin/../lib/gcc/arm-none-eabi/12.2.0/../../../../arm-none-eabi/lib/armv6k/fpu\libg.a(lib_a-vfprintf.o)
 .text._wcrtomb_r
                0x0000000000114a7c       0x54 c:/devkitpro/devkitarm/bin/../lib/gcc/arm-none-eabi/12.2.0/../../../../arm-none-eabi/lib/armv6k/fpu\libg.a(lib_a-wcrtomb.o)
                0x0000000000114a7c                _wcrtomb_r
 .text._wcsrtombs_r
                0x0000000000114ad0       0x28 c:/devkitpro/devkitarm/bin/../lib/gcc/arm-none-eabi/12.2.0/../../../../arm-none-eabi/lib/armv6k/fpu\libg.a(lib_a-wcsrtombs.o)
                0x0000000000114ad0                _wcsrtombs_r
 .text.__swsetup_r
                0x0000000000114af8      0x13c c:/devkitpro/devkitarm/bin/../lib/gcc/arm-none-eabi/12.2.0/../../../../arm-none-eabi/lib/armv6k/fpu\libg.a(lib_a-wsetup.o)
                0x0000000000114af8                __swsetup_r
 .text.__call_exitprocs
                0x0000000000114c34      0x114 c:/devkitpro/devkitarm/bin/../lib/gcc/arm-none-eabi/12.2.0/../../../../arm-none-eabi/lib/armv6k/fpu\libg.a(lib_a-__call_atexit.o)
                0x0000000000114c34                __call_exitprocs
 .text.quorem   0x0000000000114d48      0x1b0 c:/devkitpro/devkitarm/bin/../lib/gcc/arm-none-eabi/12.2.0/../../../../arm-none-eabi/lib/armv6k/fpu\libg.a(lib_a-dtoa.o)
 .text._dtoa_r  0x0000000000114ef8     0x11f8 c:/devkitpro/devkitarm/bin/../lib/gcc/arm-none-eabi/12.2.0/../../../../arm-none-eabi/lib/armv6k/fpu\libg.a(lib_a-dtoa.o)
                0x0000000000114ef8                _dtoa_r
 .text._fclose_r
                0x00000000001160f0      0x15c c:/devkitpro/devkitarm/bin/../lib/gcc/arm-none-eabi/12.2.0/../../../../arm-none-eabi/lib/armv6k/fpu\libg.a(lib_a-fclose.o)
                0x00000000001160f0                _fclose_r
 .text.iswspace
                0x000000000011624c        0x8 c:/devkitpro/devkitarm/bin/../lib/gcc/arm-none-eabi/12.2.0/../../../../arm-none-eabi/lib/armv6k/fpu\libg.a(lib_a-iswspace.o)
                0x000000000011624c                iswspace
 .text._localeconv_r
                0x0000000000116254        0xc c:/devkitpro/devkitarm/bin/../lib/gcc/arm-none-eabi/12.2.0/../../../../arm-none-eabi/lib/armv6k/fpu\libg.a(lib_a-localeconv.o)
                0x0000000000116254                _localeconv_r
 .text.__locale_mb_cur_max
                0x0000000000116260       0x10 c:/devkitpro/devkitarm/bin/../lib/gcc/arm-none-eabi/12.2.0/../../../../arm-none-eabi/lib/armv6k/fpu\libg.a(lib_a-locale.o)
                0x0000000000116260                __locale_mb_cur_max
 .text.__smakebuf_r
                0x0000000000116270      0x138 c:/devkitpro/devkitarm/bin/../lib/gcc/arm-none-eabi/12.2.0/../../../../arm-none-eabi/lib/armv6k/fpu\libg.a(lib_a-makebuf.o)
                0x0000000000116270                __smakebuf_r
 .text.__swhatbuf_r
                0x00000000001163a8       0x8c c:/devkitpro/devkitarm/bin/../lib/gcc/arm-none-eabi/12.2.0/../../../../arm-none-eabi/lib/armv6k/fpu\libg.a(lib_a-makebuf.o)
                0x00000000001163a8                __swhatbuf_r
 .text._mbrtowc_r
                0x0000000000116434       0x68 c:/devkitpro/devkitarm/bin/../lib/gcc/arm-none-eabi/12.2.0/../../../../arm-none-eabi/lib/armv6k/fpu\libg.a(lib_a-mbrtowc.o)
                0x0000000000116434                _mbrtowc_r
 .text.__utf8_mbtowc
                0x000000000011649c      0x2f8 c:/devkitpro/devkitarm/bin/../lib/gcc/arm-none-eabi/12.2.0/../../../../arm-none-eabi/lib/armv6k/fpu\libg.a(lib_a-mbtowc_r.o)
                0x000000000011649c                __utf8_mbtowc
 .text._Balloc  0x0000000000116794       0x88 c:/devkitpro/devkitarm/bin/../lib/gcc/arm-none-eabi/12.2.0/../../../../arm-none-eabi/lib/armv6k/fpu\libg.a(lib_a-mprec.o)
                0x0000000000116794                _Balloc
 .text._Bfree   0x000000000011681c       0x1c c:/devkitpro/devkitarm/bin/../lib/gcc/arm-none-eabi/12.2.0/../../../../arm-none-eabi/lib/armv6k/fpu\libg.a(lib_a-mprec.o)
                0x000000000011681c                _Bfree
 .text.__multadd
                0x0000000000116838       0xf4 c:/devkitpro/devkitarm/bin/../lib/gcc/arm-none-eabi/12.2.0/../../../../arm-none-eabi/lib/armv6k/fpu\libg.a(lib_a-mprec.o)
                0x0000000000116838                __multadd
 .text.__s2b    0x000000000011692c      0x110 c:/devkitpro/devkitarm/bin/../lib/gcc/arm-none-eabi/12.2.0/../../../../arm-none-eabi/lib/armv6k/fpu\libg.a(lib_a-mprec.o)
                0x000000000011692c                __s2b
 .text.__hi0bits
                0x0000000000116a3c       0x60 c:/devkitpro/devkitarm/bin/../lib/gcc/arm-none-eabi/12.2.0/../../../../arm-none-eabi/lib/armv6k/fpu\libg.a(lib_a-mprec.o)
                0x0000000000116a3c                __hi0bits
 .text.__lo0bits
                0x0000000000116a9c       0x9c c:/devkitpro/devkitarm/bin/../lib/gcc/arm-none-eabi/12.2.0/../../../../arm-none-eabi/lib/armv6k/fpu\libg.a(lib_a-mprec.o)
                0x0000000000116a9c                __lo0bits
 .text.__i2b    0x0000000000116b38       0xa8 c:/devkitpro/devkitarm/bin/../lib/gcc/arm-none-eabi/12.2.0/../../../../arm-none-eabi/lib/armv6k/fpu\libg.a(lib_a-mprec.o)
                0x0000000000116b38                __i2b
 .text.__multiply
                0x0000000000116be0      0x204 c:/devkitpro/devkitarm/bin/../lib/gcc/arm-none-eabi/12.2.0/../../../../arm-none-eabi/lib/armv6k/fpu\libg.a(lib_a-mprec.o)
                0x0000000000116be0                __multiply
 .text.__pow5mult
                0x0000000000116de4      0x124 c:/devkitpro/devkitarm/bin/../lib/gcc/arm-none-eabi/12.2.0/../../../../arm-none-eabi/lib/armv6k/fpu\libg.a(lib_a-mprec.o)
                0x0000000000116de4                __pow5mult
 .text.__lshift
                0x0000000000116f08      0x140 c:/devkitpro/devkitarm/bin/../lib/gcc/arm-none-eabi/12.2.0/../../../../arm-none-eabi/lib/armv6k/fpu\libg.a(lib_a-mprec.o)
                0x0000000000116f08                __lshift
 .text.__mcmp   0x0000000000117048       0x58 c:/devkitpro/devkitarm/bin/../lib/gcc/arm-none-eabi/12.2.0/../../../../arm-none-eabi/lib/armv6k/fpu\libg.a(lib_a-mprec.o)
                0x0000000000117048                __mcmp
 .text.__mdiff  0x00000000001170a0      0x1ec c:/devkitpro/devkitarm/bin/../lib/gcc/arm-none-eabi/12.2.0/../../../../arm-none-eabi/lib/armv6k/fpu\libg.a(lib_a-mprec.o)
                0x00000000001170a0                __mdiff
 .text.__ulp    0x000000000011728c       0x68 c:/devkitpro/devkitarm/bin/../lib/gcc/arm-none-eabi/12.2.0/../../../../arm-none-eabi/lib/armv6k/fpu\libg.a(lib_a-mprec.o)
                0x000000000011728c                __ulp
 .text.__b2d    0x00000000001172f4       0xd0 c:/devkitpro/devkitarm/bin/../lib/gcc/arm-none-eabi/12.2.0/../../../../arm-none-eabi/lib/armv6k/fpu\libg.a(lib_a-mprec.o)
                0x00000000001172f4                __b2d
 .text.__d2b    0x00000000001173c4      0x120 c:/devkitpro/devkitarm/bin/../lib/gcc/arm-none-eabi/12.2.0/../../../../arm-none-eabi/lib/armv6k/fpu\libg.a(lib_a-mprec.o)
                0x00000000001173c4                __d2b
 .text.__ratio  0x00000000001174e4       0x78 c:/devkitpro/devkitarm/bin/../lib/gcc/arm-none-eabi/12.2.0/../../../../arm-none-eabi/lib/armv6k/fpu\libg.a(lib_a-mprec.o)
                0x00000000001174e4                __ratio
 .text.__copybits
                0x000000000011755c       0x88 c:/devkitpro/devkitarm/bin/../lib/gcc/arm-none-eabi/12.2.0/../../../../arm-none-eabi/lib/armv6k/fpu\libg.a(lib_a-mprec.o)
                0x000000000011755c                __copybits
 .text.__any_on
                0x00000000001175e4       0x5c c:/devkitpro/devkitarm/bin/../lib/gcc/arm-none-eabi/12.2.0/../../../../arm-none-eabi/lib/armv6k/fpu\libg.a(lib_a-mprec.o)
                0x00000000001175e4                __any_on
 .text.realloc  0x0000000000117640       0x20 c:/devkitpro/devkitarm/bin/../lib/gcc/arm-none-eabi/12.2.0/../../../../arm-none-eabi/lib/armv6k/fpu\libg.a(lib_a-realloc.o)
                0x0000000000117640                realloc
 .text._realloc_r
                0x0000000000117660      0x4a0 c:/devkitpro/devkitarm/bin/../lib/gcc/arm-none-eabi/12.2.0/../../../../arm-none-eabi/lib/armv6k/fpu\libg.a(lib_a-reallocr.o)
                0x0000000000117660                _realloc_r
 .text.__sccl   0x0000000000117b00       0xf4 c:/devkitpro/devkitarm/bin/../lib/gcc/arm-none-eabi/12.2.0/../../../../arm-none-eabi/lib/armv6k/fpu\libg.a(lib_a-sccl.o)
                0x0000000000117b00                __sccl
 .text.nanf     0x0000000000117bf4        0xc c:/devkitpro/devkitarm/bin/../lib/gcc/arm-none-eabi/12.2.0/../../../../arm-none-eabi/lib/armv6k/fpu\libg.a(lib_a-sf_nan.o)
                0x0000000000117bf4                nanf
 .text.frexp    0x0000000000117c00       0x88 c:/devkitpro/devkitarm/bin/../lib/gcc/arm-none-eabi/12.2.0/../../../../arm-none-eabi/lib/armv6k/fpu\libg.a(lib_a-s_frexp.o)
                0x0000000000117c00                frexp
 .text.sprintf  0x0000000000117c88       0x64 c:/devkitpro/devkitarm/bin/../lib/gcc/arm-none-eabi/12.2.0/../../../../arm-none-eabi/lib/armv6k/fpu\libg.a(lib_a-sprintf.o)
                0x0000000000117c88                sprintf
 .text.stpncpy  0x0000000000117cec       0xcc c:/devkitpro/devkitarm/bin/../lib/gcc/arm-none-eabi/12.2.0/../../../../arm-none-eabi/lib/armv6k/fpu\libg.a(lib_a-stpncpy.o)
                0x0000000000117cec                stpncpy
 .text.strchr   0x0000000000117db8      0x130 c:/devkitpro/devkitarm/bin/../lib/gcc/arm-none-eabi/12.2.0/../../../../arm-none-eabi/lib/armv6k/fpu\libg.a(lib_a-strchr.o)
                0x0000000000117db8                strchr
 .text.sulp     0x0000000000117ee8       0x64 c:/devkitpro/devkitarm/bin/../lib/gcc/arm-none-eabi/12.2.0/../../../../arm-none-eabi/lib/armv6k/fpu\libg.a(lib_a-strtod.o)
 *fill*         0x0000000000117f4c        0x4 
 .text._strtod_l
                0x0000000000117f50     0x13a8 c:/devkitpro/devkitarm/bin/../lib/gcc/arm-none-eabi/12.2.0/../../../../arm-none-eabi/lib/armv6k/fpu\libg.a(lib_a-strtod.o)
                0x0000000000117f50                _strtod_l
 .text._strtod_r
                0x00000000001192f8        0xc c:/devkitpro/devkitarm/bin/../lib/gcc/arm-none-eabi/12.2.0/../../../../arm-none-eabi/lib/armv6k/fpu\libg.a(lib_a-strtod.o)
                0x00000000001192f8                _strtod_r
 .text._strtoll_l.constprop.0
                0x0000000000119304      0x22c c:/devkitpro/devkitarm/bin/../lib/gcc/arm-none-eabi/12.2.0/../../../../arm-none-eabi/lib/armv6k/fpu\libg.a(lib_a-strtoll.o)
 .text._strtoll_r
                0x0000000000119530        0x4 c:/devkitpro/devkitarm/bin/../lib/gcc/arm-none-eabi/12.2.0/../../../../arm-none-eabi/lib/armv6k/fpu\libg.a(lib_a-strtoll.o)
                0x0000000000119530                _strtoll_r
 .text._strtol_l.part.0
                0x0000000000119534      0x1a4 c:/devkitpro/devkitarm/bin/../lib/gcc/arm-none-eabi/12.2.0/../../../../arm-none-eabi/lib/armv6k/fpu\libg.a(lib_a-strtol.o)
 .text._strtol_r
                0x00000000001196d8       0x3c c:/devkitpro/devkitarm/bin/../lib/gcc/arm-none-eabi/12.2.0/../../../../arm-none-eabi/lib/armv6k/fpu\libg.a(lib_a-strtol.o)
                0x00000000001196d8                _strtol_r
 .text._strtoull_l.constprop.0
                0x0000000000119714      0x244 c:/devkitpro/devkitarm/bin/../lib/gcc/arm-none-eabi/12.2.0/../../../../arm-none-eabi/lib/armv6k/fpu\libg.a(lib_a-strtoull.o)
 .text._strtoull_r
                0x0000000000119958        0x4 c:/devkitpro/devkitarm/bin/../lib/gcc/arm-none-eabi/12.2.0/../../../../arm-none-eabi/lib/armv6k/fpu\libg.a(lib_a-strtoull.o)
                0x0000000000119958                _strtoull_r
 .text.__ssprint_r
                0x000000000011995c      0x188 c:/devkitpro/devkitarm/bin/../lib/gcc/arm-none-eabi/12.2.0/../../../../arm-none-eabi/lib/armv6k/fpu\libg.a(lib_a-svfiprintf.o)
                0x000000000011995c                __ssprint_r
 .text._sungetc_r
                0x0000000000119ae4       0xd4 c:/devkitpro/devkitarm/bin/../lib/gcc/arm-none-eabi/12.2.0/../../../../arm-none-eabi/lib/armv6k/fpu\libg.a(lib_a-svfiscanf.o)
                0x0000000000119ae4                _sungetc_r
 .text.__ssrefill_r
                0x0000000000119bb8       0x6c c:/devkitpro/devkitarm/bin/../lib/gcc/arm-none-eabi/12.2.0/../../../../arm-none-eabi/lib/armv6k/fpu\libg.a(lib_a-svfiscanf.o)
                0x0000000000119bb8                __ssrefill_r
 .text._sfread_r
                0x0000000000119c24       0xc4 c:/devkitpro/devkitarm/bin/../lib/gcc/arm-none-eabi/12.2.0/../../../../arm-none-eabi/lib/armv6k/fpu\libg.a(lib_a-svfiscanf.o)
                0x0000000000119c24                _sfread_r
 .text.get_arg  0x0000000000119ce8      0x66c c:/devkitpro/devkitarm/bin/../lib/gcc/arm-none-eabi/12.2.0/../../../../arm-none-eabi/lib/armv6k/fpu\libg.a(lib_a-svfprintf.o)
 *fill*         0x000000000011a354        0x4 
 .text._svfprintf_r
                0x000000000011a358     0x3334 c:/devkitpro/devkitarm/bin/../lib/gcc/arm-none-eabi/12.2.0/../../../../arm-none-eabi/lib/armv6k/fpu\libg.a(lib_a-svfprintf.o)
                0x000000000011a358                _svfprintf_r
 .text.__submore
                0x000000000011d68c       0xa8 c:/devkitpro/devkitarm/bin/../lib/gcc/arm-none-eabi/12.2.0/../../../../arm-none-eabi/lib/armv6k/fpu\libg.a(lib_a-ungetc.o)
                0x000000000011d68c                __submore
 .text.get_arg  0x000000000011d734      0x66c c:/devkitpro/devkitarm/bin/../lib/gcc/arm-none-eabi/12.2.0/../../../../arm-none-eabi/lib/armv6k/fpu\libg.a(lib_a-vfiprintf.o)
 .text.__sprint_r
                0x000000000011dda0       0x30 c:/devkitpro/devkitarm/bin/../lib/gcc/arm-none-eabi/12.2.0/../../../../arm-none-eabi/lib/armv6k/fpu\libg.a(lib_a-vfiprintf.o)
                0x000000000011dda0                __sprint_r
 .text._vfiprintf_r
                0x000000000011ddd0     0x22ec c:/devkitpro/devkitarm/bin/../lib/gcc/arm-none-eabi/12.2.0/../../../../arm-none-eabi/lib/armv6k/fpu\libg.a(lib_a-vfiprintf.o)
                0x000000000011ddd0                _vfiprintf_r
 .text.__sbprintf
                0x00000000001200bc       0xd0 c:/devkitpro/devkitarm/bin/../lib/gcc/arm-none-eabi/12.2.0/../../../../arm-none-eabi/lib/armv6k/fpu\libg.a(lib_a-vfiprintf.o)
 .text._wcsnrtombs_l
                0x000000000012018c      0x188 c:/devkitpro/devkitarm/bin/../lib/gcc/arm-none-eabi/12.2.0/../../../../arm-none-eabi/lib/armv6k/fpu\libg.a(lib_a-wcsnrtombs.o)
                0x000000000012018c                _wcsnrtombs_l
 .text._wcsnrtombs_r
                0x0000000000120314       0x4c c:/devkitpro/devkitarm/bin/../lib/gcc/arm-none-eabi/12.2.0/../../../../arm-none-eabi/lib/armv6k/fpu\libg.a(lib_a-wcsnrtombs.o)
                0x0000000000120314                _wcsnrtombs_r
 .text.__utf8_wctomb
                0x0000000000120360       0xf0 c:/devkitpro/devkitarm/bin/../lib/gcc/arm-none-eabi/12.2.0/../../../../arm-none-eabi/lib/armv6k/fpu\libg.a(lib_a-wctomb_r.o)
                0x0000000000120360                __utf8_wctomb
 .text.__assert_func
                0x0000000000120450       0x5c c:/devkitpro/devkitarm/bin/../lib/gcc/arm-none-eabi/12.2.0/../../../../arm-none-eabi/lib/armv6k/fpu\libg.a(lib_a-assert.o)
                0x0000000000120450                __assert_func
 .text._calloc_r
                0x00000000001204ac       0xc0 c:/devkitpro/devkitarm/bin/../lib/gcc/arm-none-eabi/12.2.0/../../../../arm-none-eabi/lib/armv6k/fpu\libg.a(lib_a-callocr.o)
                0x00000000001204ac                _calloc_r
 .text.fiprintf
                0x000000000012056c       0x3c c:/devkitpro/devkitarm/bin/../lib/gcc/arm-none-eabi/12.2.0/../../../../arm-none-eabi/lib/armv6k/fpu\libg.a(lib_a-fiprintf.o)
                0x000000000012056c                fiprintf
 .text.__sfvwrite_r
                0x00000000001205a8      0x4b4 c:/devkitpro/devkitarm/bin/../lib/gcc/arm-none-eabi/12.2.0/../../../../arm-none-eabi/lib/armv6k/fpu\libg.a(lib_a-fvwrite.o)
                0x00000000001205a8                __sfvwrite_r
 .text.rshift   0x0000000000120a5c       0xf0 c:/devkitpro/devkitarm/bin/../lib/gcc/arm-none-eabi/12.2.0/../../../../arm-none-eabi/lib/armv6k/fpu\libg.a(lib_a-gdtoa-gethex.o)
 .text.__gethex
                0x0000000000120b4c      0x814 c:/devkitpro/devkitarm/bin/../lib/gcc/arm-none-eabi/12.2.0/../../../../arm-none-eabi/lib/armv6k/fpu\libg.a(lib_a-gdtoa-gethex.o)
                0x0000000000120b4c                __gethex
 .text.__match  0x0000000000121360       0x4c c:/devkitpro/devkitarm/bin/../lib/gcc/arm-none-eabi/12.2.0/../../../../arm-none-eabi/lib/armv6k/fpu\libg.a(lib_a-gdtoa-hexnan.o)
                0x0000000000121360                __match
 .text.__hexnan
                0x00000000001213ac      0x29c c:/devkitpro/devkitarm/bin/../lib/gcc/arm-none-eabi/12.2.0/../../../../arm-none-eabi/lib/armv6k/fpu\libg.a(lib_a-gdtoa-hexnan.o)
                0x00000000001213ac                __hexnan
 .text.iswspace_l
                0x0000000000121648       0x3c c:/devkitpro/devkitarm/bin/../lib/gcc/arm-none-eabi/12.2.0/../../../../arm-none-eabi/lib/armv6k/fpu\libg.a(lib_a-iswspace_l.o)
                0x0000000000121648                iswspace_l
 .text.__jp2uc  0x0000000000121684      0x1d8 c:/devkitpro/devkitarm/bin/../lib/gcc/arm-none-eabi/12.2.0/../../../../arm-none-eabi/lib/armv6k/fpu\libg.a(lib_a-jp2uc.o)
 .text._jp2uc_l
                0x000000000012185c       0x9c c:/devkitpro/devkitarm/bin/../lib/gcc/arm-none-eabi/12.2.0/../../../../arm-none-eabi/lib/armv6k/fpu\libg.a(lib_a-jp2uc.o)
                0x000000000012185c                _jp2uc_l
 .text.memmove  0x00000000001218f8      0x150 c:/devkitpro/devkitarm/bin/../lib/gcc/arm-none-eabi/12.2.0/../../../../arm-none-eabi/lib/armv6k/fpu\libg.a(lib_a-memmove.o)
                0x00000000001218f8                memmove
 .text.nan      0x0000000000121a48       0x10 c:/devkitpro/devkitarm/bin/../lib/gcc/arm-none-eabi/12.2.0/../../../../arm-none-eabi/lib/armv6k/fpu\libg.a(lib_a-s_nan.o)
                0x0000000000121a48                nan
 .text.abort    0x0000000000121a58       0x14 c:/devkitpro/devkitarm/bin/../lib/gcc/arm-none-eabi/12.2.0/../../../../arm-none-eabi/lib/armv6k/fpu\libg.a(lib_a-abort.o)
                0x0000000000121a58                abort
 .text.category
                0x0000000000121a6c       0x8c c:/devkitpro/devkitarm/bin/../lib/gcc/arm-none-eabi/12.2.0/../../../../arm-none-eabi/lib/armv6k/fpu\libg.a(lib_a-categories.o)
                0x0000000000121a6c                category
 .text._raise_r
                0x0000000000121af8       0x90 c:/devkitpro/devkitarm/bin/../lib/gcc/arm-none-eabi/12.2.0/../../../../arm-none-eabi/lib/armv6k/fpu\libg.a(lib_a-signal.o)
                0x0000000000121af8                _raise_r
 .text.raise    0x0000000000121b88       0x18 c:/devkitpro/devkitarm/bin/../lib/gcc/arm-none-eabi/12.2.0/../../../../arm-none-eabi/lib/armv6k/fpu\libg.a(lib_a-signal.o)
                0x0000000000121b88                raise
 .text.null_write
                0x0000000000121ba0        0x8 c:/devkitpro/devkitarm/bin/../lib/gcc/arm-none-eabi/12.2.0/../../../../arm-none-eabi/lib/armv6k/fpu\libsysbase.a(iosupport.o)
 .text.setDefaultDevice
                0x0000000000121ba8       0x18 c:/devkitpro/devkitarm/bin/../lib/gcc/arm-none-eabi/12.2.0/../../../../arm-none-eabi/lib/armv6k/fpu\libsysbase.a(iosupport.o)
                0x0000000000121ba8                setDefaultDevice
 .text.FindDevice
                0x0000000000121bc0       0xc8 c:/devkitpro/devkitarm/bin/../lib/gcc/arm-none-eabi/12.2.0/../../../../arm-none-eabi/lib/armv6k/fpu\libsysbase.a(iosupport.o)
                0x0000000000121bc0                FindDevice
 .text.RemoveDevice
                0x0000000000121c88       0x28 c:/devkitpro/devkitarm/bin/../lib/gcc/arm-none-eabi/12.2.0/../../../../arm-none-eabi/lib/armv6k/fpu\libsysbase.a(iosupport.o)
                0x0000000000121c88                RemoveDevice
 .text.AddDevice
                0x0000000000121cb0       0x9c c:/devkitpro/devkitarm/bin/../lib/gcc/arm-none-eabi/12.2.0/../../../../arm-none-eabi/lib/armv6k/fpu\libsysbase.a(iosupport.o)
                0x0000000000121cb0                AddDevice
 .text.GetDeviceOpTab
                0x0000000000121d4c       0x20 c:/devkitpro/devkitarm/bin/../lib/gcc/arm-none-eabi/12.2.0/../../../../arm-none-eabi/lib/armv6k/fpu\libsysbase.a(iosupport.o)
                0x0000000000121d4c                GetDeviceOpTab
 .text._fstat_r
                0x0000000000121d6c       0x78 c:/devkitpro/devkitarm/bin/../lib/gcc/arm-none-eabi/12.2.0/../../../../arm-none-eabi/lib/armv6k/fpu\libsysbase.a(fstat.o)
                0x0000000000121d6c                _fstat_r
 .text._getpid_r
                0x0000000000121de4       0x14 c:/devkitpro/devkitarm/bin/../lib/gcc/arm-none-eabi/12.2.0/../../../../arm-none-eabi/lib/armv6k/fpu\libsysbase.a(getpid.o)
                0x0000000000121de4                _getpid_r
 .text._isatty_r
                0x0000000000121df8        0x8 c:/devkitpro/devkitarm/bin/../lib/gcc/arm-none-eabi/12.2.0/../../../../arm-none-eabi/lib/armv6k/fpu\libsysbase.a(isatty.o)
                0x0000000000121df8                _isatty_r
 .text._kill_r  0x0000000000121e00       0x14 c:/devkitpro/devkitarm/bin/../lib/gcc/arm-none-eabi/12.2.0/../../../../arm-none-eabi/lib/armv6k/fpu\libsysbase.a(kill.o)
                0x0000000000121e00                _kill_r
 .text._lseek_r
                0x0000000000121e14       0x84 c:/devkitpro/devkitarm/bin/../lib/gcc/arm-none-eabi/12.2.0/../../../../arm-none-eabi/lib/armv6k/fpu\libsysbase.a(lseek.o)
                0x0000000000121e14                _lseek_r
 .text._read_r  0x0000000000121e98       0x80 c:/devkitpro/devkitarm/bin/../lib/gcc/arm-none-eabi/12.2.0/../../../../arm-none-eabi/lib/armv6k/fpu\libsysbase.a(read.o)
                0x0000000000121e98                _read_r
 .text._sbrk_r  0x0000000000121f18       0x78 c:/devkitpro/devkitarm/bin/../lib/gcc/arm-none-eabi/12.2.0/../../../../arm-none-eabi/lib/armv6k/fpu\libsysbase.a(sbrk.o)
                0x0000000000121f18                _sbrk_r
 .text._write_r
                0x0000000000121f90       0x80 c:/devkitpro/devkitarm/bin/../lib/gcc/arm-none-eabi/12.2.0/../../../../arm-none-eabi/lib/armv6k/fpu\libsysbase.a(write.o)
                0x0000000000121f90                _write_r
 .text._exit    0x0000000000122010       0x20 c:/devkitpro/devkitarm/bin/../lib/gcc/arm-none-eabi/12.2.0/../../../../arm-none-eabi/lib/armv6k/fpu\libsysbase.a(_exit.o)
                0x0000000000122010                _exit
 .text._concatenate_path
                0x0000000000122030      0x1a4 c:/devkitpro/devkitarm/bin/../lib/gcc/arm-none-eabi/12.2.0/../../../../arm-none-eabi/lib/armv6k/fpu\libsysbase.a(chdir.o)
                0x0000000000122030                _concatenate_path
 .text.chdir    0x00000000001221d4      0x140 c:/devkitpro/devkitarm/bin/../lib/gcc/arm-none-eabi/12.2.0/../../../../arm-none-eabi/lib/armv6k/fpu\libsysbase.a(chdir.o)
                0x00000000001221d4                chdir
 .text.__flockfile
                0x0000000000122314        0x8 c:/devkitpro/devkitarm/bin/../lib/gcc/arm-none-eabi/12.2.0/../../../../arm-none-eabi/lib/armv6k/fpu\libsysbase.a(flock.o)
                0x0000000000122314                __flockfile
 .text.__funlockfile
                0x000000000012231c        0x8 c:/devkitpro/devkitarm/bin/../lib/gcc/arm-none-eabi/12.2.0/../../../../arm-none-eabi/lib/armv6k/fpu\libsysbase.a(flock.o)
                0x000000000012231c                __funlockfile
 .text.__get_handle
                0x0000000000122324       0x3c c:/devkitpro/devkitarm/bin/../lib/gcc/arm-none-eabi/12.2.0/../../../../arm-none-eabi/lib/armv6k/fpu\libsysbase.a(handle_manager.o)
                0x0000000000122324                __get_handle
 .text._close_r
                0x0000000000122360       0xf4 c:/devkitpro/devkitarm/bin/../lib/gcc/arm-none-eabi/12.2.0/../../../../arm-none-eabi/lib/armv6k/fpu\libsysbase.a(handle_manager.o)
                0x0000000000122360                _close_r
 .text.__getreent
                0x0000000000122454       0x2c c:/devkitpro/devkitarm/bin/../lib/gcc/arm-none-eabi/12.2.0/../../../../arm-none-eabi/lib/armv6k/fpu\libsysbase.a(getreent.o)
                0x0000000000122454                __getreent
 .text.__libc_lock_acquire
                0x0000000000122480       0x1c c:/devkitpro/devkitarm/bin/../lib/gcc/arm-none-eabi/12.2.0/../../../../arm-none-eabi/lib/armv6k/fpu\libsysbase.a(syscall_support.o)
                0x0000000000122480                __libc_lock_acquire
 .text.__libc_lock_release
                0x000000000012249c       0x1c c:/devkitpro/devkitarm/bin/../lib/gcc/arm-none-eabi/12.2.0/../../../../arm-none-eabi/lib/armv6k/fpu\libsysbase.a(syscall_support.o)
                0x000000000012249c                __libc_lock_release
 .text.__libc_lock_init_recursive
                0x00000000001224b8       0x1c c:/devkitpro/devkitarm/bin/../lib/gcc/arm-none-eabi/12.2.0/../../../../arm-none-eabi/lib/armv6k/fpu\libsysbase.a(syscall_support.o)
                0x00000000001224b8                __libc_lock_init_recursive
 .text.__libc_lock_acquire_recursive
                0x00000000001224d4       0x1c c:/devkitpro/devkitarm/bin/../lib/gcc/arm-none-eabi/12.2.0/../../../../arm-none-eabi/lib/armv6k/fpu\libsysbase.a(syscall_support.o)
                0x00000000001224d4                __libc_lock_acquire_recursive
 .text.__libc_lock_release_recursive
                0x00000000001224f0       0x1c c:/devkitpro/devkitarm/bin/../lib/gcc/arm-none-eabi/12.2.0/../../../../arm-none-eabi/lib/armv6k/fpu\libsysbase.a(syscall_support.o)
                0x00000000001224f0                __libc_lock_release_recursive
 .text.__libc_lock_close_recursive
                0x000000000012250c       0x1c c:/devkitpro/devkitarm/bin/../lib/gcc/arm-none-eabi/12.2.0/../../../../arm-none-eabi/lib/armv6k/fpu\libsysbase.a(syscall_support.o)
                0x000000000012250c                __libc_lock_close_recursive
 .text.__fixdfdi
                0x0000000000122528       0x38 c:/devkitpro/devkitarm/bin/../lib/gcc/arm-none-eabi/12.2.0/armv6k/fpu\libgcc.a(_fixdfdi.o)
                0x0000000000122528                __fixdfdi
                0x0000000000122528                __aeabi_d2lz
 .text.__fixunsdfdi
                0x0000000000122560       0x40 c:/devkitpro/devkitarm/bin/../lib/gcc/arm-none-eabi/12.2.0/armv6k/fpu\libgcc.a(_fixunsdfdi.o)
                0x0000000000122560                __fixunsdfdi
                0x0000000000122560                __aeabi_d2ulz
 .text.strrchr  0x00000000001225a0       0x48 c:/devkitpro/devkitarm/bin/../lib/gcc/arm-none-eabi/12.2.0/../../../../arm-none-eabi/lib/armv6k/fpu\libg.a(lib_a-strrchr.o)
                0x00000000001225a0                strrchr
 *(.glue_7)
 .glue_7        0x00000000001225e8        0x0 linker stubs
 *(.glue_7t)
 .glue_7t       0x00000000001225e8        0x0 linker stubs
 *(.stub)
 *(.gnu.warning)
 *(.gnu.linkonce.t*)
                0x00000000001225e8                . = ALIGN (0x4)
 *(.fini)
 .fini          0x00000000001225e8        0xc c:/devkitpro/devkitarm/bin/../lib/gcc/arm-none-eabi/12.2.0/armv6k/fpu/crti.o
                0x00000000001225e8                _fini
 .fini          0x00000000001225f4        0xc c:/devkitpro/devkitarm/bin/../lib/gcc/arm-none-eabi/12.2.0/armv6k/fpu/crtn.o
                0x0000000000122600                . = ALIGN (0x4)

.vfp11_veneer   0x0000000000122600        0x0
 .vfp11_veneer  0x0000000000122600        0x0 linker stubs

.v4_bx          0x0000000000122600        0x0
 .v4_bx         0x0000000000122600        0x0 linker stubs

.iplt           0x0000000000122600        0x0
 .iplt          0x0000000000122600        0x0 c:/devkitpro/devkitarm/bin/../lib/gcc/arm-none-eabi/12.2.0/../../../../arm-none-eabi/lib/armv6k/fpu/3dsx_crt0.o
                0x0000000000123000                . = ALIGN (0x1000)

.rodata         0x0000000000123000     0x7ee8
 *(.rodata)
 .rodata        0x0000000000123000        0x3 C:/devkitPro/libctru/lib\libctru.a(apt.o)
 *fill*         0x0000000000123003        0x1 
 .rodata        0x0000000000123004        0xc C:/devkitPro/libctru/lib\libctru.a(archive_dev.o)
 *(.roda)
 *(.rodata.*)
 .rodata.main.str1.4
                0x0000000000123010       0x79 main.o
 *fill*         0x0000000000123089        0x3 
 .rodata.parseColor.str1.4
                0x000000000012308c       0x1b C:/devkitPro/libctru/lib\libctru.a(console.o)
 *fill*         0x00000000001230a7        0x1 
 .rodata.con_write.str1.4
                0x00000000001230a8       0x4a C:/devkitPro/libctru/lib\libctru.a(console.o)
 *fill*         0x00000000001230f2        0x2 
 .rodata.str1.4
                0x00000000001230f4       0x10 C:/devkitPro/libctru/lib\libctru.a(console.o)
 .rodata.dotab_stdout
                0x0000000000123104       0x70 C:/devkitPro/libctru/lib\libctru.a(console.o)
 .rodata.grayScale
                0x0000000000123174       0x18 C:/devkitPro/libctru/lib\libctru.a(console.o)
 .rodata.colorCube
                0x000000000012318c        0x6 C:/devkitPro/libctru/lib\libctru.a(console.o)
 *fill*         0x0000000000123192        0x2 
 .rodata.colorTable
                0x0000000000123194       0x30 C:/devkitPro/libctru/lib\libctru.a(console.o)
 .rodata.gspInit.str1.4
                0x00000000001231c4        0x9 C:/devkitPro/libctru/lib\libctru.a(gspgpu.o)
 *fill*         0x00000000001231cd        0x3 
 .rodata.hidInit.str1.4
                0x00000000001231d0       0x15 C:/devkitPro/libctru/lib\libctru.a(hid.o)
 *fill*         0x00000000001231e5        0x3 
 .rodata.__system_initArgv.str1.4
                0x00000000001231e8        0xa C:/devkitPro/libctru/lib\libctru.a(initArgv.o)
 *fill*         0x00000000001231f2        0x2 
 .rodata.default_font_bin
                0x00000000001231f4      0x800 C:/devkitPro/libctru/lib\libctru.a(default_font.bin.o)
                0x00000000001231f4                default_font_bin
                0x00000000001239f4                default_font_bin_end
 .rodata.srvInit.str1.4
                0x00000000001239f4        0x5 C:/devkitPro/libctru/lib\libctru.a(srv.o)
 *fill*         0x00000000001239f9        0x3 
 .rodata.irrstInit.str1.4
                0x00000000001239fc        0x7 C:/devkitPro/libctru/lib\libctru.a(irrst.o)
 *fill*         0x0000000000123a03        0x1 
 .rodata.aptSendCommand.str1.4
                0x0000000000123a04       0x16 C:/devkitPro/libctru/lib\libctru.a(apt.o)
 *fill*         0x0000000000123a1a        0x2 
 .rodata.s_sleepWakeEvents.4
                0x0000000000123a1c        0x8 C:/devkitPro/libctru/lib\libctru.a(apt.o)
 .rodata._archiveUnmountDeviceStruct.part.0.str1.4
                0x0000000000123a24        0x2 C:/devkitPro/libctru/lib\libctru.a(archive_dev.o)
 *fill*         0x0000000000123a26        0x2 
 .rodata._archiveMountDevice.str1.4
                0x0000000000123a28        0x8 C:/devkitPro/libctru/lib\libctru.a(archive_dev.o)
                                          0xc (size before relaxing)
 .rodata.archiveMountSdmc.str1.4
                0x0000000000123a30        0x5 C:/devkitPro/libctru/lib\libctru.a(archive_dev.o)
 *fill*         0x0000000000123a35        0x3 
 .rodata.error_table
                0x0000000000123a38       0x30 C:/devkitPro/libctru/lib\libctru.a(archive_dev.o)
 .rodata.str1.4
                0x0000000000123a68        0x8 C:/devkitPro/libctru/lib\libctru.a(archive_dev.o)
 .rodata.archive_devoptab
                0x0000000000123a70       0x70 C:/devkitPro/libctru/lib\libctru.a(archive_dev.o)
 .rodata.ptmSysmInit.str1.4
                0x0000000000123ae0        0x9 C:/devkitPro/libctru/lib\libctru.a(ptmsysm.o)
 *fill*         0x0000000000123ae9        0x3 
 .rodata.fsInit.str1.4
                0x0000000000123aec        0x8 C:/devkitPro/libctru/lib\libctru.a(fs.o)
 .rodata.npio2_hw
                0x0000000000123af4       0x80 c:/devkitpro/devkitarm/bin/../lib/gcc/arm-none-eabi/12.2.0/../../../../arm-none-eabi/lib/armv6k/fpu\libm.a(lib_a-e_rem_pio2.o)
 .rodata.two_over_pi
                0x0000000000123b74      0x108 c:/devkitpro/devkitarm/bin/../lib/gcc/arm-none-eabi/12.2.0/../../../../arm-none-eabi/lib/armv6k/fpu\libm.a(lib_a-e_rem_pio2.o)
 *fill*         0x0000000000123c7c        0x4 
 .rodata.PIo2   0x0000000000123c80       0x40 c:/devkitpro/devkitarm/bin/../lib/gcc/arm-none-eabi/12.2.0/../../../../arm-none-eabi/lib/armv6k/fpu\libm.a(lib_a-k_rem_pio2.o)
 .rodata.init_jk
                0x0000000000123cc0       0x10 c:/devkitpro/devkitarm/bin/../lib/gcc/arm-none-eabi/12.2.0/../../../../arm-none-eabi/lib/armv6k/fpu\libm.a(lib_a-k_rem_pio2.o)
 .rodata._global_impure_ptr
                0x0000000000123cd0        0x4 c:/devkitpro/devkitarm/bin/../lib/gcc/arm-none-eabi/12.2.0/../../../../arm-none-eabi/lib/armv6k/fpu\libg.a(lib_a-impure.o)
                0x0000000000123cd0                _global_impure_ptr
 .rodata.__ssvfscanf_r.str1.1
                0x0000000000123cd4        0x5 c:/devkitpro/devkitarm/bin/../lib/gcc/arm-none-eabi/12.2.0/../../../../arm-none-eabi/lib/armv6k/fpu\libg.a(lib_a-svfscanf.o)
                                          0x6 (size before relaxing)
 *fill*         0x0000000000123cd9        0x3 
 .rodata.basefix.0
                0x0000000000123cdc       0x22 c:/devkitpro/devkitarm/bin/../lib/gcc/arm-none-eabi/12.2.0/../../../../arm-none-eabi/lib/armv6k/fpu\libg.a(lib_a-svfscanf.o)
 .rodata._vfprintf_r.str1.1
                0x0000000000123cfe       0x3b c:/devkitpro/devkitarm/bin/../lib/gcc/arm-none-eabi/12.2.0/../../../../arm-none-eabi/lib/armv6k/fpu\libg.a(lib_a-vfprintf.o)
 *fill*         0x0000000000123d39        0x3 
 .rodata.zeroes.0
                0x0000000000123d3c       0x10 c:/devkitpro/devkitarm/bin/../lib/gcc/arm-none-eabi/12.2.0/../../../../arm-none-eabi/lib/armv6k/fpu\libg.a(lib_a-vfprintf.o)
 .rodata.blanks.1
                0x0000000000123d4c       0x10 c:/devkitpro/devkitarm/bin/../lib/gcc/arm-none-eabi/12.2.0/../../../../arm-none-eabi/lib/armv6k/fpu\libg.a(lib_a-vfprintf.o)
 .rodata._ctype_
                0x0000000000123d5c      0x101 c:/devkitpro/devkitarm/bin/../lib/gcc/arm-none-eabi/12.2.0/../../../../arm-none-eabi/lib/armv6k/fpu\libg.a(lib_a-ctype_.o)
                0x0000000000123d5c                _ctype_
 *fill*         0x0000000000123e5d        0x3 
 .rodata._dtoa_r.str1.4
                0x0000000000123e60       0x70 c:/devkitpro/devkitarm/bin/../lib/gcc/arm-none-eabi/12.2.0/../../../../arm-none-eabi/lib/armv6k/fpu\libg.a(lib_a-dtoa.o)
 .rodata.str1.4
                0x0000000000123ed0       0x48 c:/devkitpro/devkitarm/bin/../lib/gcc/arm-none-eabi/12.2.0/../../../../arm-none-eabi/lib/armv6k/fpu\libg.a(lib_a-locale.o)
                                         0x4c (size before relaxing)
 .rodata._mbrtowc_r.str1.4
                0x0000000000123f18        0x1 c:/devkitpro/devkitarm/bin/../lib/gcc/arm-none-eabi/12.2.0/../../../../arm-none-eabi/lib/armv6k/fpu\libg.a(lib_a-mbrtowc.o)
 .rodata.__multadd.str1.4
                0x0000000000123f18       0x49 c:/devkitpro/devkitarm/bin/../lib/gcc/arm-none-eabi/12.2.0/../../../../arm-none-eabi/lib/armv6k/fpu\libg.a(lib_a-mprec.o)
                                         0x5d (size before relaxing)
 *fill*         0x0000000000123f61        0x3 
 .rodata.p05.0  0x0000000000123f64        0xc c:/devkitpro/devkitarm/bin/../lib/gcc/arm-none-eabi/12.2.0/../../../../arm-none-eabi/lib/armv6k/fpu\libg.a(lib_a-mprec.o)
 .rodata.__mprec_bigtens
                0x0000000000123f70       0x28 c:/devkitpro/devkitarm/bin/../lib/gcc/arm-none-eabi/12.2.0/../../../../arm-none-eabi/lib/armv6k/fpu\libg.a(lib_a-mprec.o)
                0x0000000000123f70                __mprec_bigtens
 .rodata.__mprec_tens
                0x0000000000123f98       0xc8 c:/devkitpro/devkitarm/bin/../lib/gcc/arm-none-eabi/12.2.0/../../../../arm-none-eabi/lib/armv6k/fpu\libg.a(lib_a-mprec.o)
                0x0000000000123f98                __mprec_tens
 .rodata._strtod_l.str1.4
                0x0000000000124060        0xf c:/devkitpro/devkitarm/bin/../lib/gcc/arm-none-eabi/12.2.0/../../../../arm-none-eabi/lib/armv6k/fpu\libg.a(lib_a-strtod.o)
                                         0x15 (size before relaxing)
 *fill*         0x000000000012406f        0x1 
 .rodata.fpinan.0
                0x0000000000124070       0x14 c:/devkitpro/devkitarm/bin/../lib/gcc/arm-none-eabi/12.2.0/../../../../arm-none-eabi/lib/armv6k/fpu\libg.a(lib_a-strtod.o)
 .rodata.fpi.1  0x0000000000124084       0x14 c:/devkitpro/devkitarm/bin/../lib/gcc/arm-none-eabi/12.2.0/../../../../arm-none-eabi/lib/armv6k/fpu\libg.a(lib_a-strtod.o)
 .rodata.tinytens
                0x0000000000124098       0x28 c:/devkitpro/devkitarm/bin/../lib/gcc/arm-none-eabi/12.2.0/../../../../arm-none-eabi/lib/armv6k/fpu\libg.a(lib_a-strtod.o)
 .rodata.__action_table
                0x00000000001240c0       0x6c c:/devkitpro/devkitarm/bin/../lib/gcc/arm-none-eabi/12.2.0/../../../../arm-none-eabi/lib/armv6k/fpu\libg.a(lib_a-svfiprintf.o)
                0x00000000001240c0                __action_table
 .rodata.__state_table
                0x000000000012412c       0x6c c:/devkitpro/devkitarm/bin/../lib/gcc/arm-none-eabi/12.2.0/../../../../arm-none-eabi/lib/armv6k/fpu\libg.a(lib_a-svfiprintf.o)
                0x000000000012412c                __state_table
 .rodata.__chclass
                0x0000000000124198      0x100 c:/devkitpro/devkitarm/bin/../lib/gcc/arm-none-eabi/12.2.0/../../../../arm-none-eabi/lib/armv6k/fpu\libg.a(lib_a-svfiprintf.o)
                0x0000000000124198                __chclass
 .rodata._svfprintf_r.str1.1
                0x0000000000124298       0x3b c:/devkitpro/devkitarm/bin/../lib/gcc/arm-none-eabi/12.2.0/../../../../arm-none-eabi/lib/armv6k/fpu\libg.a(lib_a-svfprintf.o)
 .rodata.zeroes.0
                0x0000000000124298       0x10 c:/devkitpro/devkitarm/bin/../lib/gcc/arm-none-eabi/12.2.0/../../../../arm-none-eabi/lib/armv6k/fpu\libg.a(lib_a-svfprintf.o)
 .rodata.blanks.1
                0x00000000001242a8       0x10 c:/devkitpro/devkitarm/bin/../lib/gcc/arm-none-eabi/12.2.0/../../../../arm-none-eabi/lib/armv6k/fpu\libg.a(lib_a-svfprintf.o)
 .rodata._vfiprintf_r.str1.1
                0x00000000001242b8       0x29 c:/devkitpro/devkitarm/bin/../lib/gcc/arm-none-eabi/12.2.0/../../../../arm-none-eabi/lib/armv6k/fpu\libg.a(lib_a-vfiprintf.o)
 .rodata.zeroes.0