Archive member included to satisfy reference by file (symbol)

C:/devkitPro/libctru/lib\libctru.a(console.o)
                              main.o (consoleInit)
C:/devkitPro/libctru/lib\libctru.a(gfx.o)
                              C:/devkitPro/libctru/lib\libctru.a(console.o) (gfxIsWide)
C:/devkitPro/libctru/lib\libctru.a(gspgpu.o)
                              C:/devkitPro/libctru/lib\libctru.a(gfx.o) (gspInit)
C:/devkitPro/libctru/lib\libctru.a(hid.o)
                              main.o (hidScanInput)
C:/devkitPro/libctru/lib\libctru.a(initArgv.o)
                              c:/devkitpro/devkitarm/bin/../lib/gcc/arm-none-eabi/12.2.0/../../../../arm-none-eabi/lib/armv6k/fpu/3dsx_crt0.o (__system_argc)
C:/devkitPro/libctru/lib\libctru.a(svc.o)
                              C:/devkitPro/libctru/lib\libctru.a(gspgpu.o) (svcCreateEvent)
C:/devkitPro/libctru/lib\libctru.a(stack_adjust.o)
                              c:/devkitpro/devkitarm/bin/../lib/gcc/arm-none-eabi/12.2.0/../../../../arm-none-eabi/lib/armv6k/fpu/3dsx_crt0.o (initSystem)
C:/devkitPro/libctru/lib\libctru.a(default_font.bin.o)
                              C:/devkitPro/libctru/lib\libctru.a(console.o) (default_font_bin)
C:/devkitPro/libctru/lib\libctru.a(vram.o)
                              C:/devkitPro/libctru/lib\libctru.a(gfx.o) (vramAlloc)
C:/devkitPro/libctru/lib\libctru.a(linear.o)
                              C:/devkitPro/libctru/lib\libctru.a(gfx.o) (linearAlloc)
C:/devkitPro/libctru/lib\libctru.a(mem_pool.o)
                              C:/devkitPro/libctru/lib\libctru.a(vram.o) (MemPool::Allocate(MemChunk&, unsigned long, int))
C:/devkitPro/libctru/lib\libctru.a(synchronization.o)
                              C:/devkitPro/libctru/lib\libctru.a(gspgpu.o) (syncArbitrateAddress)
C:/devkitPro/libctru/lib\libctru.a(3dslink.o)
                              C:/devkitPro/libctru/lib\libctru.a(initArgv.o) (__3dslink_host)
C:/devkitPro/libctru/lib\libctru.a(srv.o)
                              C:/devkitPro/libctru/lib\libctru.a(gspgpu.o) (srvGetServiceHandle)
C:/devkitPro/libctru/lib\libctru.a(thread.o)
                              C:/devkitPro/libctru/lib\libctru.a(gspgpu.o) (threadCreate)
C:/devkitPro/libctru/lib\libctru.a(mappable.o)
                              C:/devkitPro/libctru/lib\libctru.a(gspgpu.o) (mappableAlloc)
C:/devkitPro/libctru/lib\libctru.a(irrst.o)
                              C:/devkitPro/libctru/lib\libctru.a(hid.o) (irrstInit)
C:/devkitPro/libctru/lib\libctru.a(apt.o)
                              C:/devkitPro/libctru/lib\libctru.a(hid.o) (APT_CheckNew3DS)
C:/devkitPro/libctru/lib\libctru.a(srvpm.o)
                              C:/devkitPro/libctru/lib\libctru.a(srv.o) (srvPmGetSessionHandle)
C:/devkitPro/libctru/lib\libctru.a(soc_socket.o)
                              C:/devkitPro/libctru/lib\libctru.a(3dslink.o) (socket)
C:/devkitPro/libctru/lib\libctru.a(soc_connect.o)
                              C:/devkitPro/libctru/lib\libctru.a(3dslink.o) (connect)
C:/devkitPro/libctru/lib\libctru.a(soc_common.o)
                              C:/devkitPro/libctru/lib\libctru.a(soc_socket.o) (_net_convert_error)
C:/devkitPro/libctru/lib\libctru.a(rbtree_init.o)
                              C:/devkitPro/libctru/lib\libctru.a(vram.o) (rbtree_init)
C:/devkitPro/libctru/lib\libctru.a(rbtree_insert.o)
                              C:/devkitPro/libctru/lib\libctru.a(vram.o) (rbtree_insert)
C:/devkitPro/libctru/lib\libctru.a(rbtree_rotate.o)
                              C:/devkitPro/libctru/lib\libctru.a(rbtree_insert.o) (rbtree_rotate)
C:/devkitPro/libctru/lib\libctru.a(rbtree_remove.o)
                              C:/devkitPro/libctru/lib\libctru.a(vram.o) (rbtree_remove)
C:/devkitPro/libctru/lib\libctru.a(rbtree_find.o)
                              C:/devkitPro/libctru/lib\libctru.a(vram.o) (rbtree_find)
C:/devkitPro/libctru/lib\libctru.a(appInit.o)
                              C:/devkitPro/libctru/lib\libctru.a(stack_adjust.o) (__appInit)
C:/devkitPro/libctru/lib\libctru.a(syscalls.o)
                              C:/devkitPro/libctru/lib\libctru.a(thread.o) (initThreadVars)
C:/devkitPro/libctru/lib\libctru.a(allocateHeaps.o)
                              C:/devkitPro/libctru/lib\libctru.a(linear.o) (__ctru_linear_heap_size)
C:/devkitPro/libctru/lib\libctru.a(appExit.o)
                              C:/devkitPro/libctru/lib\libctru.a(stack_adjust.o) (__appExit)
C:/devkitPro/libctru/lib\libctru.a(ctru_init.o)
                              C:/devkitPro/libctru/lib\libctru.a(stack_adjust.o) (__libctru_init)
C:/devkitPro/libctru/lib\libctru.a(ctru_exit.o)
                              C:/devkitPro/libctru/lib\libctru.a(stack_adjust.o) (__libctru_exit)
C:/devkitPro/libctru/lib\libctru.a(env.o)
                              C:/devkitPro/libctru/lib\libctru.a(srv.o) (envGetHandle)
C:/devkitPro/libctru/lib\libctru.a(os.o)
[...]
Memory Configuration

Name             Origin             Length             Attributes
*default*        0x0000000000000000 0xffffffffffffffff

Linker script and memory map

                0x0000000000100000                PROVIDE (__start__ = 0x100000)
                0x0000000000100000                . = __start__

.text           0x0000000000100000    0x22400
 *(.crt0)
 .crt0          0x0000000000100000       0x94 c:/devkitpro/devkitarm/bin/../lib/gcc/arm-none-eabi/12.2.0/../../../../arm-none-eabi/lib/armv6k/fpu/3dsx_crt0.o
                0x0000000000100000                _start
                0x0000000000100008                __service_ptr
                0x000000000010000c                __apt_appid
                0x0000000000100010                __heap_size
                0x0000000000100014                __linear_heap_size
                0x0000000000100018                __system_arglist
                0x000000000010001c                __system_runflags
 *(.init)
 .init          0x0000000000100094        0xc c:/devkitpro/devkitarm/bin/../lib/gcc/arm-none-eabi/12.2.0/armv6k/fpu/crti.o
                0x0000000000100094                _init
 .init          0x00000000001000a0        0xc c:/devkitpro/devkitarm/bin/../lib/gcc/arm-none-eabi/12.2.0/armv6k/fpu/crtn.o
                0x00000000001000ac                . = ALIGN (0x4)
 *(.text)
 .text          0x00000000001000ac      0x240 c:/devkitpro/devkitarm/bin/../lib/gcc/arm-none-eabi/12.2.0/armv6k/fpu\libgcc.a(_divsi3.o)
                0x00000000001000ac                __divsi3
                0x00000000001000ac                __aeabi_idiv
                0x00000000001002cc                __aeabi_idivmod
 .text          0x00000000001002ec        0x4 c:/devkitpro/devkitarm/bin/../lib/gcc/arm-none-eabi/12.2.0/armv6k/fpu\libgcc.a(_dvmd_tls.o)
                0x00000000001002ec                __aeabi_idiv0
                0x00000000001002ec                __aeabi_ldiv0
 .text          0x00000000001002f0       0x3c c:/devkitpro/devkitarm/bin/../lib/gcc/arm-none-eabi/12.2.0/armv6k/fpu\libgcc.a(_aeabi_uldivmod.o)
                0x00000000001002f0                __aeabi_uldivmod
 *fill*         0x000000000010032c       0x14 
 .text          0x0000000000100340      0x390 c:/devkitpro/devkitarm/bin/../lib/gcc/arm-none-eabi/12.2.0/../../../../arm-none-eabi/lib/armv6k/fpu\libg.a(lib_a-strcmp.o)
                0x0000000000100348                strcmp
 .text          0x00000000001006d0      0x20c c:/devkitpro/devkitarm/bin/../lib/gcc/arm-none-eabi/12.2.0/armv6k/fpu\libgcc.a(_udivsi3.o)
                0x00000000001006d0                __aeabi_uidiv
                0x00000000001006d0                __udivsi3
                0x00000000001008bc                __aeabi_uidivmod
 .text          0x00000000001008dc      0x3c0 c:/devkitpro/devkitarm/bin/../lib/gcc/arm-none-eabi/12.2.0/armv6k/fpu\libgcc.a(_arm_addsubdf3.o)
                0x00000000001008dc                __aeabi_drsub
                0x00000000001008e4                __aeabi_dsub
                0x00000000001008e4                __subdf3
                0x00000000001008e8                __aeabi_dadd
                0x00000000001008e8                __adddf3
                0x0000000000100b94                __floatunsidf
                0x0000000000100b94                __aeabi_ui2d
                0x0000000000100bb8                __floatsidf
                0x0000000000100bb8                __aeabi_i2d
                0x0000000000100be0                __aeabi_f2d
                0x0000000000100be0                __extendsfdf2
                0x0000000000100c28                __floatundidf
                0x0000000000100c28                __aeabi_ul2d
                0x0000000000100c3c                __floatdidf
                0x0000000000100c3c                __aeabi_l2d
 *(.text.*)
 .text.__do_global_dtors_aux
                0x0000000000100c9c       0x40 c:/devkitpro/devkitarm/bin/../lib/gcc/arm-none-eabi/12.2.0/armv6k/fpu/crtbegin.o
 .text.frame_dummy
                0x0000000000100cdc       0x2c c:/devkitpro/devkitarm/bin/../lib/gcc/arm-none-eabi/12.2.0/armv6k/fpu/crtbegin.o
 .text._Z5pixeliii
                0x0000000000100d08       0xfc main.o
                0x0000000000100d08                pixel(int, int, int)
 *fill*         0x0000000000100e04        0x4 
 .text._Z10movePlayerv
                0x0000000000100e08      0x178 main.o
                0x0000000000100e08                movePlayer()
 .text._Z15clearBackgroundv
                0x0000000000100f80       0x5c main.o
                0x0000000000100f80                clearBackground()
 .text._Z16clipBehindPlayerPiS_S_iii
                0x0000000000100fdc       0xa0 main.o
                0x0000000000100fdc                clipBehindPlayer(int*, int*, int*, int, int, int)
 *fill*         0x000000000010107c        0x4 
 .text._Z8drawWalliiiiiiii
                0x0000000000101080      0x3a8 main.o
                0x0000000000101080                drawWall(int, int, int, int, int, int, int, int)
 .text._Z6draw3Dv
                0x0000000000101428      0x57c main.o
                0x0000000000101428                draw3D()
 *fill*         0x00000000001019a4        0x4 
 .text._Z4initv
                0x00000000001019a8      0x158 main.o
                0x00000000001019a8                init()
 .text.startup.main
                0x0000000000101b00       0xa8 main.o
                0x0000000000101b00                main
 .text.parseColor
                0x0000000000101ba8      0x1e8 C:/devkitPro/libctru/lib\libctru.a(console.o)
 .text.consoleDrawChar
                0x0000000000101d90      0x1ac C:/devkitPro/libctru/lib\libctru.a(console.o)
                0x0000000000101d90                consoleDrawChar
 .text.consolePrintChar
                0x0000000000101f3c      0x124 C:/devkitPro/libctru/lib\libctru.a(console.o)
                0x0000000000101f3c                consolePrintChar
 .text.con_write
                0x0000000000102060      0xb94 C:/devkitPro/libctru/lib\libctru.a(console.o)
                0x0000000000102060                con_write
 .text.newRow   0x0000000000102bf4       0xfc C:/devkitPro/libctru/lib\libctru.a(console.o)
 .text.consoleInit
                0x0000000000102cf0      0x168 C:/devkitPro/libctru/lib\libctru.a(console.o)
                0x0000000000102cf0                consoleInit
 .text.gfxPresentFramebuffer
                0x0000000000102e58       0xd0 C:/devkitPro/libctru/lib\libctru.a(gfx.o)
 .text.gfxIsWide
                0x0000000000102f28       0x1c C:/devkitPro/libctru/lib\libctru.a(gfx.o)
                0x0000000000102f28                gfxIsWide
 .text.gfxSetScreenFormat
                0x0000000000102f44       0xec C:/devkitPro/libctru/lib\libctru.a(gfx.o)
                0x0000000000102f44                gfxSetScreenFormat
 .text.gfxSetDoubleBuffering
                0x0000000000103030       0x10 C:/devkitPro/libctru/lib\libctru.a(gfx.o)
                0x0000000000103030                gfxSetDoubleBuffering
 .text.gfxInit  0x0000000000103040       0xe0 C:/devkitPro/libctru/lib\libctru.a(gfx.o)
                0x0000000000103040                gfxInit
 .text.gfxInitDefault
                0x0000000000103120       0x10 C:/devkitPro/libctru/lib\libctru.a(gfx.o)
                0x0000000000103120                gfxInitDefault
 .text.gfxExit  0x0000000000103130       0xb4 C:/devkitPro/libctru/lib\libctru.a(gfx.o)
                0x0000000000103130                gfxExit
 .text.gfxGetFramebuffer
                0x00000000001031e4       0xa0 C:/devkitPro/libctru/lib\libctru.a(gfx.o)
                0x00000000001031e4                gfxGetFramebuffer
 .text.gfxFlushBuffers
                0x0000000000103284      0x104 C:/devkitPro/libctru/lib\libctru.a(gfx.o)
                0x0000000000103284                gfxFlushBuffers
 .text.gfxSwapBuffers
                0x0000000000103388       0x50 C:/devkitPro/libctru/lib\libctru.a(gfx.o)
                0x0000000000103388                gfxSwapBuffers
 .text.gfxSwapBuffersGpu
                0x00000000001033d8       0x50 C:/devkitPro/libctru/lib\libctru.a(gfx.o)
                0x00000000001033d8                gfxSwapBuffersGpu
 .text.gspHardwareInit
                0x0000000000103428      0xc58 C:/devkitPro/libctru/lib\libctru.a(gspgpu.o)
 .text.gspInit  0x0000000000104080      0x248 C:/devkitPro/libctru/lib\libctru.a(gspgpu.o)
                0x0000000000104080                gspInit
 .text.gspExit  0x00000000001042c8       0xf0 C:/devkitPro/libctru/lib\libctru.a(gspgpu.o)
                0x00000000001042c8                gspExit
 .text.gspHasGpuRight
                0x00000000001043b8       0x10 C:/devkitPro/libctru/lib\libctru.a(gspgpu.o)
                0x00000000001043b8                gspHasGpuRight
 .text.gspPresentBuffer
                0x00000000001043c8       0xa0 C:/devkitPro/libctru/lib\libctru.a(gspgpu.o)
                0x00000000001043c8                gspPresentBuffer
 .text.gspWaitForEvent
                0x0000000000104468       0x44 C:/devkitPro/libctru/lib\libctru.a(gspgpu.o)
                0x0000000000104468                gspWaitForEvent
 .text.gxCmdQueueInterrupt
                0x00000000001044ac        0x4 C:/devkitPro/libctru/lib\libctru.a(gspgpu.o)
                0x00000000001044ac                gxCmdQueueInterrupt
 .text.gspEventThreadMain
                0x00000000001044b0      0x158 C:/devkitPro/libctru/lib\libctru.a(gspgpu.o)
 .text.GSPGPU_FlushDataCache
                0x0000000000104608       0x50 C:/devkitPro/libctru/lib\libctru.a(gspgpu.o)
                0x0000000000104608                GSPGPU_FlushDataCache
 .text.GSPGPU_SetLcdForceBlack
                0x0000000000104658       0x34 C:/devkitPro/libctru/lib\libctru.a(gspgpu.o)
                0x0000000000104658                GSPGPU_SetLcdForceBlack
 .text.GSPGPU_AcquireRight
                0x000000000010468c       0x68 C:/devkitPro/libctru/lib\libctru.a(gspgpu.o)
                0x000000000010468c                GSPGPU_AcquireRight
 .text.GSPGPU_RestoreVramSysArea
                0x00000000001046f4       0x2c C:/devkitPro/libctru/lib\libctru.a(gspgpu.o)
                0x00000000001046f4                GSPGPU_RestoreVramSysArea
 .text.hidShouldUseIrrst
                0x0000000000104720       0x24 C:/devkitPro/libctru/lib\libctru.a(hid.o)
                0x0000000000104720                hidShouldUseIrrst
 .text.hidInit  0x0000000000104744      0x18c C:/devkitPro/libctru/lib\libctru.a(hid.o)
                0x0000000000104744                hidInit
 .text.hidExit  0x00000000001048d0       0xe8 C:/devkitPro/libctru/lib\libctru.a(hid.o)
                0x00000000001048d0                hidExit
 .text.hidScanInput
                0x00000000001049b8      0x2a4 C:/devkitPro/libctru/lib\libctru.a(hid.o)
                0x00000000001049b8                hidScanInput
 .text.hidKeysHeld
                0x0000000000104c5c       0x10 C:/devkitPro/libctru/lib\libctru.a(hid.o)
                0x0000000000104c5c                hidKeysHeld
 .text.hidKeysDown
                0x0000000000104c6c       0x10 C:/devkitPro/libctru/lib\libctru.a(hid.o)
                0x0000000000104c6c                hidKeysDown
 .text.hidKeysUp
                0x0000000000104c7c       0x10 C:/devkitPro/libctru/lib\libctru.a(hid.o)
                0x0000000000104c7c                hidKeysUp
 .text.__system_initArgv
                0x0000000000104c8c      0x170 C:/devkitPro/libctru/lib\libctru.a(initArgv.o)
                0x0000000000104c8c                __system_initArgv
 .text.svcControlMemory
                0x0000000000104dfc       0x20 C:/devkitPro/libctru/lib\libctru.a(svc.o)
                0x0000000000104dfc                svcControlMemory
 .text.svcQueryMemory
                0x0000000000104e1c       0x30 C:/devkitPro/libctru/lib\libctru.a(svc.o)
                0x0000000000104e1c                svcQueryMemory
 .text.svcExitProcess
                0x0000000000104e4c        0x8 C:/devkitPro/libctru/lib\libctru.a(svc.o)
                0x0000000000104e4c                svcExitProcess
 .text.svcCreateThread
                0x0000000000104e54       0x20 C:/devkitPro/libctru/lib\libctru.a(svc.o)
                0x0000000000104e54                svcCreateThread
 .text.svcExitThread
                0x0000000000104e74        0x8 C:/devkitPro/libctru/lib\libctru.a(svc.o)
                0x0000000000104e74                svcExitThread
 .text.svcSleepThread
                0x0000000000104e7c        0x8 C:/devkitPro/libctru/lib\libctru.a(svc.o)
                0x0000000000104e7c                svcSleepThread
 .text.svcReleaseMutex
                0x0000000000104e84        0x8 C:/devkitPro/libctru/lib\libctru.a(svc.o)
                0x0000000000104e84                svcReleaseMutex
 .text.svcCreateEvent
                0x0000000000104e8c       0x14 C:/devkitPro/libctru/lib\libctru.a(svc.o)
                0x0000000000104e8c                svcCreateEvent
 .text.svcSignalEvent
                0x0000000000104ea0        0x8 C:/devkitPro/libctru/lib\libctru.a(svc.o)
                0x0000000000104ea0                svcSignalEvent
 .text.svcClearEvent
                0x0000000000104ea8        0x8 C:/devkitPro/libctru/lib\libctru.a(svc.o)
                0x0000000000104ea8                svcClearEvent
 .text.svcMapMemoryBlock
                0x0000000000104eb0        0x8 C:/devkitPro/libctru/lib\libctru.a(svc.o)
                0x0000000000104eb0                svcMapMemoryBlock
 .text.svcUnmapMemoryBlock
                0x0000000000104eb8        0x8 C:/devkitPro/libctru/lib\libctru.a(svc.o)
                0x0000000000104eb8                svcUnmapMemoryBlock
 .text.svcCreateAddressArbiter
                0x0000000000104ec0       0x14 C:/devkitPro/libctru/lib\libctru.a(svc.o)
                0x0000000000104ec0                svcCreateAddressArbiter
 .text.svcArbitrateAddressNoTimeout
                0x0000000000104ed4        0x8 C:/devkitPro/libctru/lib\libctru.a(svc.o)
                0x0000000000104ed4                svcArbitrateAddressNoTimeout
 .text.svcCloseHandle
                0x0000000000104edc        0x8 C:/devkitPro/libctru/lib\libctru.a(svc.o)
                0x0000000000104edc                svcCloseHandle
 .text.svcWaitSynchronization
                0x0000000000104ee4        0x8 C:/devkitPro/libctru/lib\libctru.a(svc.o)
                0x0000000000104ee4                svcWaitSynchronization
 .text.svcWaitSynchronizationN
                0x0000000000104eec       0x28 C:/devkitPro/libctru/lib\libctru.a(svc.o)
                0x0000000000104eec                svcWaitSynchronizationN
 .text.svcDuplicateHandle
                0x0000000000104f14       0x14 C:/devkitPro/libctru/lib\libctru.a(svc.o)
                0x0000000000104f14                svcDuplicateHandle
 .text.svcConnectToPort
                0x0000000000104f28       0x14 C:/devkitPro/libctru/lib\libctru.a(svc.o)
                0x0000000000104f28                svcConnectToPort
 .text.svcSendSyncRequest
                0x0000000000104f3c        0x8 C:/devkitPro/libctru/lib\libctru.a(svc.o)
                0x0000000000104f3c                svcSendSyncRequest
 .text.svcGetResourceLimit
                0x0000000000104f44       0x14 C:/devkitPro/libctru/lib\libctru.a(svc.o)
                0x0000000000104f44                svcGetResourceLimit
 .text.svcGetResourceLimitLimitValues
                0x0000000000104f58        0x8 C:/devkitPro/libctru/lib\libctru.a(svc.o)
                0x0000000000104f58                svcGetResourceLimitLimitValues
 .text.svcGetResourceLimitCurrentValues
                0x0000000000104f60        0x8 C:/devkitPro/libctru/lib\libctru.a(svc.o)
                0x0000000000104f60                svcGetResourceLimitCurrentValues
 .text.svcBreak
                0x0000000000104f68        0x8 C:/devkitPro/libctru/lib\libctru.a(svc.o)
                0x0000000000104f68                svcBreak
 .text.initSystem
                0x0000000000104f70       0x50 C:/devkitPro/libctru/lib\libctru.a(stack_adjust.o)
                0x0000000000104f70                initSystem
 .text.__ctru_exit
                0x0000000000104fc0       0x18 C:/devkitPro/libctru/lib\libctru.a(stack_adjust.o)
                0x0000000000104fc0                __ctru_exit
 .text._ZL21addrMapNodeComparatorPK11rbtree_nodeS1_
                0x0000000000104fd8       0x24 C:/devkitPro/libctru/lib\libctru.a(vram.o)
 .text._ZL21addrMapNodeDestructorP11rbtree_node
                0x0000000000104ffc        0x4 C:/devkitPro/libctru/lib\libctru.a(vram.o)
 .text.vramMemAlignAt
                0x0000000000105000      0x250 C:/devkitPro/libctru/lib\libctru.a(vram.o)
                0x0000000000105000                vramMemAlignAt
 .text.vramAlloc
                0x0000000000105250        0xc C:/devkitPro/libctru/lib\libctru.a(vram.o)
                0x0000000000105250                vramAlloc
 .text.vramFree
                0x000000000010525c       0x90 C:/devkitPro/libctru/lib\libctru.a(vram.o)
                0x000000000010525c                vramFree
 .text._ZL21addrMapNodeComparatorPK11rbtree_nodeS1_
                0x00000000001052ec       0x24 C:/devkitPro/libctru/lib\libctru.a(linear.o)
 .text._ZL21addrMapNodeDestructorP11rbtree_node
                0x0000000000105310        0x4 C:/devkitPro/libctru/lib\libctru.a(linear.o)
 .text.linearMemAlign
                0x0000000000105314      0x120 C:/devkitPro/libctru/lib\libctru.a(linear.o)
                0x0000000000105314                linearMemAlign
 .text.linearAlloc
                0x0000000000105434        0x8 C:/devkitPro/libctru/lib\libctru.a(linear.o)
                0x0000000000105434                linearAlloc
 .text.linearFree
                0x000000000010543c       0x5c C:/devkitPro/libctru/lib\libctru.a(linear.o)
                0x000000000010543c                linearFree
 .text._ZN7MemPool13CoalesceRightEP8MemBlock
                0x0000000000105498       0x80 C:/devkitPro/libctru/lib\libctru.a(mem_pool.o)
                0x0000000000105498                MemPool::CoalesceRight(MemBlock*)
 .text._ZN7MemPool8AllocateER8MemChunkmi
                0x0000000000105518      0x16c C:/devkitPro/libctru/lib\libctru.a(mem_pool.o)
                0x0000000000105518                MemPool::Allocate(MemChunk&, unsigned long, int)
 .text._ZN7MemPool10DeallocateERK8MemChunk
                0x0000000000105684       0xfc C:/devkitPro/libctru/lib\libctru.a(mem_pool.o)
                0x0000000000105684                MemPool::Deallocate(MemChunk const&)
 .text._ZN7MemPool12GetFreeSpaceEv
                0x0000000000105780       0x30 C:/devkitPro/libctru/lib\libctru.a(mem_pool.o)
                0x0000000000105780                MemPool::GetFreeSpace()
 .text.__sync_init
                0x00000000001057b0        0xc C:/devkitPro/libctru/lib\libctru.a(synchronization.o)
                0x00000000001057b0                __sync_init
 .text.__sync_fini
                0x00000000001057bc       0x18 C:/devkitPro/libctru/lib\libctru.a(synchronization.o)
                0x00000000001057bc                __sync_fini
 .text.syncArbitrateAddress
                0x00000000001057d4       0x2c C:/devkitPro/libctru/lib\libctru.a(synchronization.o)
                0x00000000001057d4                syncArbitrateAddress
 .text.LightLock_Lock
                0x0000000000105800       0xb0 C:/devkitPro/libctru/lib\libctru.a(synchronization.o)
                0x0000000000105800                LightLock_Lock
 .text.LightLock_Unlock
                0x00000000001058b0       0x40 C:/devkitPro/libctru/lib\libctru.a(synchronization.o)
                0x00000000001058b0                LightLock_Unlock
 .text.RecursiveLock_Init
                0x00000000001058f0       0x24 C:/devkitPro/libctru/lib\libctru.a(synchronization.o)
                0x00000000001058f0                RecursiveLock_Init
 .text.RecursiveLock_Lock
                0x0000000000105914       0x30 C:/devkitPro/libctru/lib\libctru.a(synchronization.o)
                0x0000000000105914                RecursiveLock_Lock
 .text.RecursiveLock_Unlock
                0x0000000000105944       0x54 C:/devkitPro/libctru/lib\libctru.a(synchronization.o)
                0x0000000000105944                RecursiveLock_Unlock
 .text.LightEvent_Init
                0x0000000000105998       0x40 C:/devkitPro/libctru/lib\libctru.a(synchronization.o)
                0x0000000000105998                LightEvent_Init
 .text.LightEvent_Clear
                0x00000000001059d8       0xa4 C:/devkitPro/libctru/lib\libctru.a(synchronization.o)
                0x00000000001059d8                LightEvent_Clear
 .text.LightEvent_Signal
                0x0000000000105a7c       0xc8 C:/devkitPro/libctru/lib\libctru.a(synchronization.o)
                0x0000000000105a7c                LightEvent_Signal
 .text.LightEvent_TryWait
                0x0000000000105b44       0x50 C:/devkitPro/libctru/lib\libctru.a(synchronization.o)
                0x0000000000105b44                LightEvent_TryWait
 .text.LightEvent_Wait
                0x0000000000105b94       0xb0 C:/devkitPro/libctru/lib\libctru.a(synchronization.o)
                0x0000000000105b94                LightEvent_Wait
 .text.srvInit  0x0000000000105c44      0x130 C:/devkitPro/libctru/lib\libctru.a(srv.o)
                0x0000000000105c44                srvInit
 .text.srvExit  0x0000000000105d74       0x58 C:/devkitPro/libctru/lib\libctru.a(srv.o)
                0x0000000000105d74                srvExit
 .text.srvGetServiceHandleDirect
                0x0000000000105dcc       0xa0 C:/devkitPro/libctru/lib\libctru.a(srv.o)
                0x0000000000105dcc                srvGetServiceHandleDirect
 .text.srvGetServiceHandle
                0x0000000000105e6c       0x38 C:/devkitPro/libctru/lib\libctru.a(srv.o)
                0x0000000000105e6c                srvGetServiceHandle
 .text.srvPublishToSubscriber
                0x0000000000105ea4       0x38 C:/devkitPro/libctru/lib\libctru.a(srv.o)
                0x0000000000105ea4                srvPublishToSubscriber
 .text.threadCreate
                0x0000000000105edc      0x178 C:/devkitPro/libctru/lib\libctru.a(thread.o)
                0x0000000000105edc                threadCreate
 .text.threadFree
                0x0000000000106054       0x2c C:/devkitPro/libctru/lib\libctru.a(thread.o)
                0x0000000000106054                threadFree
 .text.threadJoin
                0x0000000000106080       0x24 C:/devkitPro/libctru/lib\libctru.a(thread.o)
                0x0000000000106080                threadJoin
 .text.threadGetCurrent
                0x00000000001060a4       0x30 C:/devkitPro/libctru/lib\libctru.a(thread.o)
                0x00000000001060a4                threadGetCurrent
 .text.threadExit
                0x00000000001060d4       0x40 C:/devkitPro/libctru/lib\libctru.a(thread.o)
                0x00000000001060d4                threadExit
 .text._thread_begin
                0x0000000000106114       0x20 C:/devkitPro/libctru/lib\libctru.a(thread.o)
 .text.mappableFindAddressWithin
                0x0000000000106134       0xb4 C:/devkitPro/libctru/lib\libctru.a(mappable.o)
 .text.mappableInit
                0x00000000001061e8       0x28 C:/devkitPro/libctru/lib\libctru.a(mappable.o)
                0x00000000001061e8                mappableInit
 .text.mappableAlloc
                0x0000000000106210       0x80 C:/devkitPro/libctru/lib\libctru.a(mappable.o)
                0x0000000000106210                mappableAlloc
 .text.mappableFree
                0x0000000000106290        0x4 C:/devkitPro/libctru/lib\libctru.a(mappable.o)
                0x0000000000106290                mappableFree
 .text.irrstInit
                0x0000000000106294      0x164 C:/devkitPro/libctru/lib\libctru.a(irrst.o)
                0x0000000000106294                irrstInit
 .text.irrstExit
                0x00000000001063f8       0xcc C:/devkitPro/libctru/lib\libctru.a(irrst.o)
                0x00000000001063f8                irrstExit
 .text.irrstScanInput
                0x00000000001064c4       0xb4 C:/devkitPro/libctru/lib\libctru.a(irrst.o)
                0x00000000001064c4                irrstScanInput
 .text.irrstKeysHeld
                0x0000000000106578       0x24 C:/devkitPro/libctru/lib\libctru.a(irrst.o)
                0x0000000000106578                irrstKeysHeld
 .text.aptDspSleep
                0x000000000010659c        0x8 C:/devkitPro/libctru/lib\libctru.a(apt.o)
                0x000000000010659c                aptDspSleep
 .text.aptDspWakeup
                0x00000000001065a4        0x4 C:/devkitPro/libctru/lib\libctru.a(apt.o)
                0x00000000001065a4                aptDspWakeup
 .text.aptDspCancel
                0x00000000001065a8        0x4 C:/devkitPro/libctru/lib\libctru.a(apt.o)
                0x00000000001065a8                aptDspCancel
 .text.aptSendCommand
                0x00000000001065ac      0x158 C:/devkitPro/libctru/lib\libctru.a(apt.o)
                0x00000000001065ac                aptSendCommand
 *fill*         0x0000000000106704        0x4 
 .text.aptExitProcess
                0x0000000000106708       0x44 C:/devkitPro/libctru/lib\libctru.a(apt.o)
 .text.aptExit  0x000000000010674c      0x2f4 C:/devkitPro/libctru/lib\libctru.a(apt.o)
                0x000000000010674c                aptExit
 .text.APT_SleepIfShellClosed
                0x0000000000106a40       0x84 C:/devkitPro/libctru/lib\libctru.a(apt.o)
                0x0000000000106a40                APT_SleepIfShellClosed
 .text.APT_UnlockTransition
                0x0000000000106ac4       0x84 C:/devkitPro/libctru/lib\libctru.a(apt.o)
                0x0000000000106ac4                APT_UnlockTransition
 .text.aptEventHandler
                0x0000000000106b48      0x4a4 C:/devkitPro/libctru/lib\libctru.a(apt.o)
 .text.APT_ReceiveParameter
                0x0000000000106fec       0xb0 C:/devkitPro/libctru/lib\libctru.a(apt.o)
                0x0000000000106fec                APT_ReceiveParameter
 .text.aptReceiveParameter.constprop.0
                0x000000000010709c       0xb0 C:/devkitPro/libctru/lib\libctru.a(apt.o)
 .text.aptWaitForWakeUp.isra.0
                0x000000000010714c      0x344 C:/devkitPro/libctru/lib\libctru.a(apt.o)
 .text.aptInit  0x0000000000107490      0x22c C:/devkitPro/libctru/lib\libctru.a(apt.o)
                0x0000000000107490                aptInit
 .text.APT_CheckNew3DS
                0x00000000001076bc       0x7c C:/devkitPro/libctru/lib\libctru.a(apt.o)
                0x00000000001076bc                APT_CheckNew3DS
 .text.srvPmGetSessionHandle
                0x0000000000107738        0xc C:/devkitPro/libctru/lib\libctru.a(srvpm.o)
                0x0000000000107738                srvPmGetSessionHandle
 .text.rbtree_init
                0x0000000000107744       0x10 C:/devkitPro/libctru/lib\libctru.a(rbtree_init.o)
                0x0000000000107744                rbtree_init
 .text.do_insert
                0x0000000000107754      0x1b4 C:/devkitPro/libctru/lib\libctru.a(rbtree_insert.o)
 .text.rbtree_insert
                0x0000000000107908        0x8 C:/devkitPro/libctru/lib\libctru.a(rbtree_insert.o)
                0x0000000000107908                rbtree_insert
 .text.rbtree_rotate
                0x0000000000107910       0x90 C:/devkitPro/libctru/lib\libctru.a(rbtree_rotate.o)
                0x0000000000107910                rbtree_rotate
 .text.rbtree_remove
                0x00000000001079a0      0x318 C:/devkitPro/libctru/lib\libctru.a(rbtree_remove.o)
                0x00000000001079a0                rbtree_remove
 .text.rbtree_find
                0x0000000000107cb8       0x74 C:/devkitPro/libctru/lib\libctru.a(rbtree_find.o)
                0x0000000000107cb8                rbtree_find
 .text.__appInit
                0x0000000000107d2c       0x30 C:/devkitPro/libctru/lib\libctru.a(appInit.o)
                0x0000000000107d2c                __appInit
 .text.__syscall_getreent
                0x0000000000107d5c       0x30 C:/devkitPro/libctru/lib\libctru.a(syscalls.o)
                0x0000000000107d5c                __syscall_getreent
 .text.__syscall_lock_acquire
                0x0000000000107d8c        0x4 C:/devkitPro/libctru/lib\libctru.a(syscalls.o)
                0x0000000000107d8c                __syscall_lock_acquire
 .text.__syscall_lock_release
                0x0000000000107d90        0x4 C:/devkitPro/libctru/lib\libctru.a(syscalls.o)
                0x0000000000107d90                __syscall_lock_release
 .text.__syscall_lock_init_recursive
                0x0000000000107d94        0x4 C:/devkitPro/libctru/lib\libctru.a(syscalls.o)
                0x0000000000107d94                __syscall_lock_init_recursive
 .text.__syscall_lock_acquire_recursive
                0x0000000000107d98        0x4 C:/devkitPro/libctru/lib\libctru.a(syscalls.o)
                0x0000000000107d98                __syscall_lock_acquire_recursive
 .text.__syscall_lock_release_recursive
                0x0000000000107d9c        0x4 C:/devkitPro/libctru/lib\libctru.a(syscalls.o)
                0x0000000000107d9c                __syscall_lock_release_recursive
 .text.__syscall_exit
                0x0000000000107da0        0x4 C:/devkitPro/libctru/lib\libctru.a(syscalls.o)
                0x0000000000107da0                __syscall_exit
 .text.initThreadVars
                0x0000000000107da4       0x50 C:/devkitPro/libctru/lib\libctru.a(syscalls.o)
                0x0000000000107da4                initThreadVars
 .text.__system_initSyscalls
                0x0000000000107df4       0x68 C:/devkitPro/libctru/lib\libctru.a(syscalls.o)
                0x0000000000107df4                __system_initSyscalls
 *fill*         0x0000000000107e5c        0x4 
 .text.__system_allocateHeaps
                0x0000000000107e60      0x1e0 C:/devkitPro/libctru/lib\libctru.a(allocateHeaps.o)
                0x0000000000107e60                __system_allocateHeaps
 .text.__appExit
                0x0000000000108040       0x30 C:/devkitPro/libctru/lib\libctru.a(appExit.o)
                0x0000000000108040                __appExit
 .text.__libctru_init
                0x0000000000108070       0x38 C:/devkitPro/libctru/lib\libctru.a(ctru_init.o)
                0x0000000000108070                __libctru_init
 .text.__libctru_exit
                0x00000000001080a8       0x90 C:/devkitPro/libctru/lib\libctru.a(ctru_exit.o)
                0x00000000001080a8                __libctru_exit
 .text.envGetHandle
                0x0000000000108138       0x84 C:/devkitPro/libctru/lib\libctru.a(env.o)
                0x0000000000108138                envGetHandle
 .text.envDestroyHandles
                0x00000000001081bc       0x50 C:/devkitPro/libctru/lib\libctru.a(env.o)
                0x00000000001081bc                envDestroyHandles
 .text.__ctru_speedup_config
                0x000000000010820c       0x34 C:/devkitPro/libctru/lib\libctru.a(os.o)
                0x000000000010820c                __ctru_speedup_config
 .text.archive_link
                0x0000000000108240       0x14 C:/devkitPro/libctru/lib\libctru.a(archive_dev.o)
 .text.archive_dirreset
                0x0000000000108254       0x14 C:/devkitPro/libctru/lib\libctru.a(archive_dev.o)
 .text.archive_chmod
                0x0000000000108268       0x14 C:/devkitPro/libctru/lib\libctru.a(archive_dev.o)
 .text.error_cmp
                0x000000000010827c       0x24 C:/devkitPro/libctru/lib\libctru.a(archive_dev.o)
 .text.archive_translate_error
                0x00000000001082a0       0x50 C:/devkitPro/libctru/lib\libctru.a(archive_dev.o)
 .text.archive_seek
                0x00000000001082f0       0xc8 C:/devkitPro/libctru/lib\libctru.a(archive_dev.o)
 .text._archiveInit.part.0
                0x00000000001083b8       0x7c C:/devkitPro/libctru/lib\libctru.a(archive_dev.o)
 .text.archiveFindDevice.part.0
                0x0000000000108434       0xc4 C:/devkitPro/libctru/lib\libctru.a(archive_dev.o)
 .text.archive_utf16path
                0x00000000001084f8      0x25c C:/devkitPro/libctru/lib\libctru.a(archive_dev.o)
 .text._archiveUnmountDeviceStruct.part.0
                0x0000000000108754       0xa0 C:/devkitPro/libctru/lib\libctru.a(archive_dev.o)
 .text.archive_fchmod
                0x00000000001087f4       0x14 C:/devkitPro/libctru/lib\libctru.a(archive_dev.o)
 .text.archive_statvfs
                0x0000000000108808       0x14 C:/devkitPro/libctru/lib\libctru.a(archive_dev.o)
 .text._archiveMountDevice
                0x000000000010881c      0x164 C:/devkitPro/libctru/lib\libctru.a(archive_dev.o)
 .text.archive_diropen
                0x0000000000108980       0xe8 C:/devkitPro/libctru/lib\libctru.a(archive_dev.o)
 .text.archive_fstat
                0x0000000000108a68       0xa4 C:/devkitPro/libctru/lib\libctru.a(archive_dev.o)
 .text.archive_close
                0x0000000000108b0c       0x6c C:/devkitPro/libctru/lib\libctru.a(archive_dev.o)
 .text.archive_fsync
                0x0000000000108b78       0x6c C:/devkitPro/libctru/lib\libctru.a(archive_dev.o)
 .text.archive_dirclose
                0x0000000000108be4       0x70 C:/devkitPro/libctru/lib\libctru.a(archive_dev.o)
 .text.sdmc_statvfs
                0x0000000000108c54       0xe8 C:/devkitPro/libctru/lib\libctru.a(archive_dev.o)
 .text.archive_chdir
                0x0000000000108d3c       0xec C:/devkitPro/libctru/lib\libctru.a(archive_dev.o)
 .text.archive_ftruncate
                0x0000000000108e28       0x7c C:/devkitPro/libctru/lib\libctru.a(archive_dev.o)
 .text.archive_read
                0x0000000000108ea4       0xac C:/devkitPro/libctru/lib\libctru.a(archive_dev.o)
 .text.archive_unlink
                0x0000000000108f50       0xa4 C:/devkitPro/libctru/lib\libctru.a(archive_dev.o)
 .text.archive_rmdir
                0x0000000000108ff4       0xbc C:/devkitPro/libctru/lib\libctru.a(archive_dev.o)
 .text.archive_mkdir
                0x00000000001090b0       0xdc C:/devkitPro/libctru/lib\libctru.a(archive_dev.o)
 .text.archive_stat
                0x000000000010918c      0x19c C:/devkitPro/libctru/lib\libctru.a(archive_dev.o)
 .text.archive_dirnext
                0x0000000000109328      0x15c C:/devkitPro/libctru/lib\libctru.a(archive_dev.o)
 .text.archive_write
                0x0000000000109484       0xec C:/devkitPro/libctru/lib\libctru.a(archive_dev.o)
 .text.archive_open
                0x0000000000109570      0x1d4 C:/devkitPro/libctru/lib\libctru.a(archive_dev.o)
 .text.archive_rename
                0x0000000000109744      0x278 C:/devkitPro/libctru/lib\libctru.a(archive_dev.o)
 .text.archiveMountSdmc
                0x00000000001099bc      0x19c C:/devkitPro/libctru/lib\libctru.a(archive_dev.o)
                0x00000000001099bc                archiveMountSdmc
 .text.archiveUnmountAll
                0x0000000000109b58       0x54 C:/devkitPro/libctru/lib\libctru.a(archive_dev.o)
                0x0000000000109b58                archiveUnmountAll
 .text.ptmSysmInit
                0x0000000000109bac       0x74 C:/devkitPro/libctru/lib\libctru.a(ptmsysm.o)
                0x0000000000109bac                ptmSysmInit
 .text.ptmSysmExit
                0x0000000000109c20       0x3c C:/devkitPro/libctru/lib\libctru.a(ptmsysm.o)
                0x0000000000109c20                ptmSysmExit
 .text.PTMSYSM_ConfigureNew3DSCPU
                0x0000000000109c5c       0x34 C:/devkitPro/libctru/lib\libctru.a(ptmsysm.o)
                0x0000000000109c5c                PTMSYSM_ConfigureNew3DSCPU
 .text.fsInit   0x0000000000109c90       0xcc C:/devkitPro/libctru/lib\libctru.a(fs.o)
                0x0000000000109c90                fsInit
 .text.fsExit   0x0000000000109d5c       0x3c C:/devkitPro/libctru/lib\libctru.a(fs.o)
                0x0000000000109d5c                fsExit
 .text.fsExemptFromSession
                0x0000000000109d98       0x60 C:/devkitPro/libctru/lib\libctru.a(fs.o)
                0x0000000000109d98                fsExemptFromSession
 .text.fsUnexemptFromSession
                0x0000000000109df8       0x50 C:/devkitPro/libctru/lib\libctru.a(fs.o)
                0x0000000000109df8                fsUnexemptFromSession
 .text.FSUSER_OpenFile
                0x0000000000109e48       0xcc C:/devkitPro/libctru/lib\libctru.a(fs.o)
                0x0000000000109e48                FSUSER_OpenFile
 .text.FSUSER_DeleteFile
                0x0000000000109f14       0xbc C:/devkitPro/libctru/lib\libctru.a(fs.o)
                0x0000000000109f14                FSUSER_DeleteFile
 .text.FSUSER_RenameFile
                0x0000000000109fd0       0xf8 C:/devkitPro/libctru/lib\libctru.a(fs.o)
                0x0000000000109fd0                FSUSER_RenameFile
 .text.FSUSER_DeleteDirectory
                0x000000000010a0c8       0xbc C:/devkitPro/libctru/lib\libctru.a(fs.o)
                0x000000000010a0c8                FSUSER_DeleteDirectory
 .text.FSUSER_CreateFile
                0x000000000010a184       0xd4 C:/devkitPro/libctru/lib\libctru.a(fs.o)
                0x000000000010a184                FSUSER_CreateFile
 .text.FSUSER_CreateDirectory
                0x000000000010a258       0xc4 C:/devkitPro/libctru/lib\libctru.a(fs.o)
                0x000000000010a258                FSUSER_CreateDirectory
 .text.FSUSER_RenameDirectory
                0x000000000010a31c       0xf8 C:/devkitPro/libctru/lib\libctru.a(fs.o)
                0x000000000010a31c                FSUSER_RenameDirectory
 .text.FSUSER_OpenDirectory
                0x000000000010a414       0xb4 C:/devkitPro/libctru/lib\libctru.a(fs.o)
                0x000000000010a414                FSUSER_OpenDirectory
 .text.FSUSER_OpenArchive
                0x000000000010a4c8       0x98 C:/devkitPro/libctru/lib\libctru.a(fs.o)
                0x000000000010a4c8                FSUSER_OpenArchive
 .text.FSUSER_CloseArchive
                0x000000000010a560       0x8c C:/devkitPro/libctru/lib\libctru.a(fs.o)
                0x000000000010a560                FSUSER_CloseArchive
 .text.FSUSER_GetSdmcArchiveResource
                0x000000000010a5ec       0x74 C:/devkitPro/libctru/lib\libctru.a(fs.o)
                0x000000000010a5ec                FSUSER_GetSdmcArchiveResource
 .text.FSUSER_IsSdmcWritable
                0x000000000010a660       0x64 C:/devkitPro/libctru/lib\libctru.a(fs.o)
                0x000000000010a660                FSUSER_IsSdmcWritable
 .text.FSFILE_Read
                0x000000000010a6c4       0x58 C:/devkitPro/libctru/lib\libctru.a(fs.o)
                0x000000000010a6c4                FSFILE_Read
 .text.FSFILE_Write
                0x000000000010a71c       0x60 C:/devkitPro/libctru/lib\libctru.a(fs.o)
                0x000000000010a71c                FSFILE_Write
 .text.FSFILE_GetSize
                0x000000000010a77c       0x3c C:/devkitPro/libctru/lib\libctru.a(fs.o)
                0x000000000010a77c                FSFILE_GetSize
 .text.FSFILE_SetSize
                0x000000000010a7b8       0x28 C:/devkitPro/libctru/lib\libctru.a(fs.o)
                0x000000000010a7b8                FSFILE_SetSize
 .text.FSFILE_Close
                0x000000000010a7e0       0x3c C:/devkitPro/libctru/lib\libctru.a(fs.o)
                0x000000000010a7e0                FSFILE_Close
 .text.FSFILE_Flush
                0x000000000010a81c       0x24 C:/devkitPro/libctru/lib\libctru.a(fs.o)
                0x000000000010a81c                FSFILE_Flush
 .text.FSDIR_Read
                0x000000000010a840       0x50 C:/devkitPro/libctru/lib\libctru.a(fs.o)
                0x000000000010a840                FSDIR_Read
 .text.FSDIR_Close
                0x000000000010a890       0x3c C:/devkitPro/libctru/lib\libctru.a(fs.o)
                0x000000000010a890                FSDIR_Close
 .text.rbtree_node_next
                0x000000000010a8cc       0x5c C:/devkitPro/libctru/lib\libctru.a(rbtree_iterator.o)
                0x000000000010a8cc                rbtree_node_next
 .text.utf16_to_utf8
                0x000000000010a928       0xe8 C:/devkitPro/libctru/lib\libctru.a(utf16_to_utf8.o)
                0x000000000010a928                utf16_to_utf8
 .text.decode_utf16
                0x000000000010aa10       0x64 C:/devkitPro/libctru/lib\libctru.a(decode_utf16.o)
                0x000000000010aa10                decode_utf16
 .text.decode_utf8
                0x000000000010aa74      0x13c C:/devkitPro/libctru/lib\libctru.a(decode_utf8.o)
                0x000000000010aa74                decode_utf8
 .text.utf8_to_utf16
                0x000000000010abb0       0xc0 C:/devkitPro/libctru/lib\libctru.a(utf8_to_utf16.o)
                0x000000000010abb0                utf8_to_utf16
 .text.__aeabi_read_tp
                0x000000000010ac70        0xc C:/devkitPro/libctru/lib\libctru.a(readtp.o)
                0x000000000010ac70                __aeabi_read_tp
 .text.encode_utf16
                0x000000000010ac7c       0x54 C:/devkitPro/libctru/lib\libctru.a(encode_utf16.o)
                0x000000000010ac7c                encode_utf16
 .text.encode_utf8
                0x000000000010acd0       0xe0 C:/devkitPro/libctru/lib\libctru.a(encode_utf8.o)
                0x000000000010acd0                encode_utf8
 .text.cos      0x000000000010adb0       0xc0 c:/devkitpro/devkitarm/bin/../lib/gcc/arm-none-eabi/12.2.0/../../../../arm-none-eabi/lib/armv6k/fpu\libm.a(lib_a-s_cos.o)
                0x000000000010adb0                cos
 .text.sin      0x000000000010ae70       0xc8 c:/devkitpro/devkitarm/bin/../lib/gcc/arm-none-eabi/12.2.0/../../../../arm-none-eabi/lib/armv6k/fpu\libm.a(lib_a-s_sin.o)
                0x000000000010ae70                sin
 .text.sqrt     0x000000000010af38       0x58 c:/devkitpro/devkitarm/bin/../lib/gcc/arm-none-eabi/12.2.0/../../../../arm-none-eabi/lib/armv6k/fpu\libm.a(lib_a-w_sqrt.o)
                0x000000000010af38                sqrt
 .text.__ieee754_rem_pio2
                0x000000000010af90      0x308 c:/devkitpro/devkitarm/bin/../lib/gcc/arm-none-eabi/12.2.0/../../../../arm-none-eabi/lib/armv6k/fpu\libm.a(lib_a-e_rem_pio2.o)
                0x000000000010af90                __ieee754_rem_pio2
 .text.__ieee754_sqrt
                0x000000000010b298        0x8 c:/devkitpro/devkitarm/bin/../lib/gcc/arm-none-eabi/12.2.0/../../../../arm-none-eabi/lib/armv6k/fpu\libm.a(lib_a-e_sqrt.o)
                0x000000000010b298                __ieee754_sqrt
 .text.__kernel_cos
                0x000000000010b2a0      0x158 c:/devkitpro/devkitarm/bin/../lib/gcc/arm-none-eabi/12.2.0/../../../../arm-none-eabi/lib/armv6k/fpu\libm.a(lib_a-k_cos.o)
                0x000000000010b2a0                __kernel_cos
 .text.__kernel_rem_pio2
                0x000000000010b3f8      0x8c0 c:/devkitpro/devkitarm/bin/../lib/gcc/arm-none-eabi/12.2.0/../../../../arm-none-eabi/lib/armv6k/fpu\libm.a(lib_a-k_rem_pio2.o)
                0x000000000010b3f8                __kernel_rem_pio2
 .text.__kernel_sin
                0x000000000010bcb8       0xc0 c:/devkitpro/devkitarm/bin/../lib/gcc/arm-none-eabi/12.2.0/../../../../arm-none-eabi/lib/armv6k/fpu\libm.a(lib_a-k_sin.o)
                0x000000000010bcb8                __kernel_sin
 .text.fabs     0x000000000010bd78       0x14 c:/devkitpro/devkitarm/bin/../lib/gcc/arm-none-eabi/12.2.0/../../../../arm-none-eabi/lib/armv6k/fpu\libm.a(lib_a-s_fabs.o)
                0x000000000010bd78                fabs
 *fill*         0x000000000010bd8c        0x4 
 .text.floor    0x000000000010bd90      0x144 c:/devkitpro/devkitarm/bin/../lib/gcc/arm-none-eabi/12.2.0/../../../../arm-none-eabi/lib/armv6k/fpu\libm.a(lib_a-s_floor.o)
                0x000000000010bd90                floor
 *fill*         0x000000000010bed4        0x4 
 .text.scalbn   0x000000000010bed8      0x140 c:/devkitpro/devkitarm/bin/../lib/gcc/arm-none-eabi/12.2.0/../../../../arm-none-eabi/lib/armv6k/fpu\libm.a(lib_a-s_scalbn.o)
                0x000000000010bed8                scalbn
 .text.__udivmoddi4
                0x000000000010c018      0x120 c:/devkitpro/devkitarm/bin/../lib/gcc/arm-none-eabi/12.2.0/armv6k/fpu\libgcc.a(_udivmoddi4.o)
                0x000000000010c018                __udivmoddi4
 .text.bsearch  0x000000000010c138       0x78 c:/devkitpro/devkitarm/bin/../lib/gcc/arm-none-eabi/12.2.0/../../../../arm-none-eabi/lib/armv6k/fpu\libg.a(lib_a-bsearch.o)
                0x000000000010c138                bsearch
 .text.__errno  0x000000000010c1b0        0xc c:/devkitpro/devkitarm/bin/../lib/gcc/arm-none-eabi/12.2.0/../../../../arm-none-eabi/lib/armv6k/fpu\libg.a(lib_a-errno.o)
                0x000000000010c1b0                __errno
 .text.exit     0x000000000010c1bc       0x34 c:/devkitpro/devkitarm/bin/../lib/gcc/arm-none-eabi/12.2.0/../../../../arm-none-eabi/lib/armv6k/fpu\libg.a(lib_a-exit.o)
                0x000000000010c1bc                exit
 .text.__sflush_r
                0x000000000010c1f0      0x234 c:/devkitpro/devkitarm/bin/../lib/gcc/arm-none-eabi/12.2.0/../../../../arm-none-eabi/lib/armv6k/fpu\libg.a(lib_a-fflush.o)
                0x000000000010c1f0                __sflush_r
 .text._fflush_r
                0x000000000010c424       0x94 c:/devkitpro/devkitarm/bin/../lib/gcc/arm-none-eabi/12.2.0/../../../../arm-none-eabi/lib/armv6k/fpu\libg.a(lib_a-fflush.o)
                0x000000000010c424                _fflush_r
 .text._cleanup_r
                0x000000000010c4b8        0xc c:/devkitpro/devkitarm/bin/../lib/gcc/arm-none-eabi/12.2.0/../../../../arm-none-eabi/lib/armv6k/fpu\libg.a(lib_a-findfp.o)
                0x000000000010c4b8                _cleanup_r
 .text.__sinit  0x000000000010c4c4      0x184 c:/devkitpro/devkitarm/bin/../lib/gcc/arm-none-eabi/12.2.0/../../../../arm-none-eabi/lib/armv6k/fpu\libg.a(lib_a-findfp.o)
                0x000000000010c4c4                __sinit
 .text.__sfp_lock_acquire
                0x000000000010c648        0xc c:/devkitpro/devkitarm/bin/../lib/gcc/arm-none-eabi/12.2.0/../../../../arm-none-eabi/lib/armv6k/fpu\libg.a(lib_a-findfp.o)
                0x000000000010c648                __sfp_lock_acquire
 .text.__sfp_lock_release
                0x000000000010c654        0xc c:/devkitpro/devkitarm/bin/../lib/gcc/arm-none-eabi/12.2.0/../../../../arm-none-eabi/lib/armv6k/fpu\libg.a(lib_a-findfp.o)
                0x000000000010c654                __sfp_lock_release
 .text.__libc_fini_array
                0x000000000010c660       0x3c c:/devkitpro/devkitarm/bin/../lib/gcc/arm-none-eabi/12.2.0/../../../../arm-none-eabi/lib/armv6k/fpu\libg.a(lib_a-fini.o)
                0x000000000010c660                __libc_fini_array
 .text._malloc_trim_r
                0x000000000010c69c       0xf8 c:/devkitpro/devkitarm/bin/../lib/gcc/arm-none-eabi/12.2.0/../../../../arm-none-eabi/lib/armv6k/fpu\libg.a(lib_a-freer.o)
                0x000000000010c69c                _malloc_trim_r
 .text._free_r  0x000000000010c794      0x2e8 c:/devkitpro/devkitarm/bin/../lib/gcc/arm-none-eabi/12.2.0/../../../../arm-none-eabi/lib/armv6k/fpu\libg.a(lib_a-freer.o)
                0x000000000010c794                _free_r
 .text._fwalk_reent
                0x000000000010ca7c       0x70 c:/devkitpro/devkitarm/bin/../lib/gcc/arm-none-eabi/12.2.0/../../../../arm-none-eabi/lib/armv6k/fpu\libg.a(lib_a-fwalk.o)
                0x000000000010ca7c                _fwalk_reent
 .text.__libc_init_array
                0x000000000010caec       0x84 c:/devkitpro/devkitarm/bin/../lib/gcc/arm-none-eabi/12.2.0/../../../../arm-none-eabi/lib/armv6k/fpu\libg.a(lib_a-init.o)
                0x000000000010caec                __libc_init_array
 .text.memalign
                0x000000000010cb70       0x20 c:/devkitpro/devkitarm/bin/../lib/gcc/arm-none-eabi/12.2.0/../../../../arm-none-eabi/lib/armv6k/fpu\libg.a(lib_a-malign.o)
                0x000000000010cb70                memalign
 .text._memalign_r
                0x000000000010cb90      0x14c c:/devkitpro/devkitarm/bin/../lib/gcc/arm-none-eabi/12.2.0/../../../../arm-none-eabi/lib/armv6k/fpu\libg.a(lib_a-malignr.o)
                0x000000000010cb90                _memalign_r
 .text.malloc   0x000000000010ccdc       0x18 c:/devkitpro/devkitarm/bin/../lib/gcc/arm-none-eabi/12.2.0/../../../../arm-none-eabi/lib/armv6k/fpu\libg.a(lib_a-malloc.o)
                0x000000000010ccdc                malloc
 .text.free     0x000000000010ccf4       0x18 c:/devkitpro/devkitarm/bin/../lib/gcc/arm-none-eabi/12.2.0/../../../../arm-none-eabi/lib/armv6k/fpu\libg.a(lib_a-malloc.o)
                0x000000000010ccf4                free
 .text._malloc_r
                0x000000000010cd0c      0x7e4 c:/devkitpro/devkitarm/bin/../lib/gcc/arm-none-eabi/12.2.0/../../../../arm-none-eabi/lib/armv6k/fpu\libg.a(lib_a-mallocr.o)
                0x000000000010cd0c                _malloc_r
 .text.memchr   0x000000000010d4f0       0xe4 c:/devkitpro/devkitarm/bin/../lib/gcc/arm-none-eabi/12.2.0/../../../../arm-none-eabi/lib/armv6k/fpu\libg.a(lib_a-memchr-stub.o)
                0x000000000010d4f0                memchr
 .text.memcpy   0x000000000010d5d4      0x118 c:/devkitpro/devkitarm/bin/../lib/gcc/arm-none-eabi/12.2.0/../../../../arm-none-eabi/lib/armv6k/fpu\libg.a(lib_a-memcpy-stub.o)
                0x000000000010d5d4                memcpy
 .text.memset   0x000000000010d6ec       0xf4 c:/devkitpro/devkitarm/bin/../lib/gcc/arm-none-eabi/12.2.0/../../../../arm-none-eabi/lib/armv6k/fpu\libg.a(lib_a-memset.o)
                0x000000000010d6ec                memset
 .text.__malloc_lock
                0x000000000010d7e0        0xc c:/devkitpro/devkitarm/bin/../lib/gcc/arm-none-eabi/12.2.0/../../../../arm-none-eabi/lib/armv6k/fpu\libg.a(lib_a-mlock.o)
                0x000000000010d7e0                __malloc_lock
 .text.__malloc_unlock
                0x000000000010d7ec        0xc c:/devkitpro/devkitarm/bin/../lib/gcc/arm-none-eabi/12.2.0/../../../../arm-none-eabi/lib/armv6k/fpu\libg.a(lib_a-mlock.o)
                0x000000000010d7ec                __malloc_unlock
 .text.printf   0x000000000010d7f8       0x34 c:/devkitpro/devkitarm/bin/../lib/gcc/arm-none-eabi/12.2.0/../../../../arm-none-eabi/lib/armv6k/fpu\libg.a(lib_a-printf.o)
                0x000000000010d7f8                printf
 .text.setvbuf  0x000000000010d82c      0x25c c:/devkitpro/devkitarm/bin/../lib/gcc/arm-none-eabi/12.2.0/../../../../arm-none-eabi/lib/armv6k/fpu\libg.a(lib_a-setvbuf.o)
                0x000000000010d82c                setvbuf
 .text.sscanf   0x000000000010da88       0x74 c:/devkitpro/devkitarm/bin/../lib/gcc/arm-none-eabi/12.2.0/../../../../arm-none-eabi/lib/armv6k/fpu\libg.a(lib_a-sscanf.o)
                0x000000000010da88                sscanf
 .text.__sread  0x000000000010dafc       0x44 c:/devkitpro/devkitarm/bin/../lib/gcc/arm-none-eabi/12.2.0/../../../../arm-none-eabi/lib/armv6k/fpu\libg.a(lib_a-stdio.o)
                0x000000000010dafc                __sread
 .text.__seofread
                0x000000000010db40        0x8 c:/devkitpro/devkitarm/bin/../lib/gcc/arm-none-eabi/12.2.0/../../../../arm-none-eabi/lib/armv6k/fpu\libg.a(lib_a-stdio.o)
                0x000000000010db40                __seofread
 .text.__swrite
                0x000000000010db48       0x68 c:/devkitpro/devkitarm/bin/../lib/gcc/arm-none-eabi/12.2.0/../../../../arm-none-eabi/lib/armv6k/fpu\libg.a(lib_a-stdio.o)
                0x000000000010db48                __swrite
 .text.__sseek  0x000000000010dbb0       0x44 c:/devkitpro/devkitarm/bin/../lib/gcc/arm-none-eabi/12.2.0/../../../../arm-none-eabi/lib/armv6k/fpu\libg.a(lib_a-stdio.o)
                0x000000000010dbb0                __sseek
 .text.__sclose
                0x000000000010dbf4        0x8 c:/devkitpro/devkitarm/bin/../lib/gcc/arm-none-eabi/12.2.0/../../../../arm-none-eabi/lib/armv6k/fpu\libg.a(lib_a-stdio.o)
                0x000000000010dbf4                __sclose
 .text.strlen   0x000000000010dbfc       0x5c c:/devkitpro/devkitarm/bin/../lib/gcc/arm-none-eabi/12.2.0/../../../../arm-none-eabi/lib/armv6k/fpu\libg.a(lib_a-strlen-stub.o)
                0x000000000010dbfc                strlen
 .text.strncat  0x000000000010dc58       0xe4 c:/devkitpro/devkitarm/bin/../lib/gcc/arm-none-eabi/12.2.0/../../../../arm-none-eabi/lib/armv6k/fpu\libg.a(lib_a-strncat.o)
                0x000000000010dc58                strncat
 .text.strncmp  0x000000000010dd3c       0xe4 c:/devkitpro/devkitarm/bin/../lib/gcc/arm-none-eabi/12.2.0/../../../../arm-none-eabi/lib/armv6k/fpu\libg.a(lib_a-strncmp.o)
                0x000000000010dd3c                strncmp
 .text.strncpy  0x000000000010de20       0xc4 c:/devkitpro/devkitarm/bin/../lib/gcc/arm-none-eabi/12.2.0/../../../../arm-none-eabi/lib/armv6k/fpu\libg.a(lib_a-strncpy.o)
                0x000000000010de20                strncpy
 .text.strnlen  0x000000000010dee4       0x48 c:/devkitpro/devkitarm/bin/../lib/gcc/arm-none-eabi/12.2.0/../../../../arm-none-eabi/lib/armv6k/fpu\libg.a(lib_a-strnlen.o)
                0x000000000010dee4                strnlen
 .text._strtoul_l.constprop.0
                0x000000000010df2c      0x1c4 c:/devkitpro/devkitarm/bin/../lib/gcc/arm-none-eabi/12.2.0/../../../../arm-none-eabi/lib/armv6k/fpu\libg.a(lib_a-strtoul.o)
 .text._strtoul_r
                0x000000000010e0f0        0x4 c:/devkitpro/devkitarm/bin/../lib/gcc/arm-none-eabi/12.2.0/../../../../arm-none-eabi/lib/armv6k/fpu\libg.a(lib_a-strtoul.o)
                0x000000000010e0f0                _strtoul_r
 .text.strtoul  0x000000000010e0f4       0x28 c:/devkitpro/devkitarm/bin/../lib/gcc/arm-none-eabi/12.2.0/../../../../arm-none-eabi/lib/armv6k/fpu\libg.a(lib_a-strtoul.o)
                0x000000000010e0f4                strtoul
 .text.get_arg  0x000000000010e11c       0x50 c:/devkitpro/devkitarm/bin/../lib/gcc/arm-none-eabi/12.2.0/../../../../arm-none-eabi/lib/armv6k/fpu\libg.a(lib_a-svfscanf.o)
 .text.__ssvfscanf_r
                0x000000000010e16c     0x2c38 c:/devkitpro/devkitarm/bin/../lib/gcc/arm-none-eabi/12.2.0/../../../../arm-none-eabi/lib/armv6k/fpu\libg.a(lib_a-svfscanf.o)
                0x000000000010e16c                __ssvfscanf_r
 .text.get_arg  0x0000000000110da4      0x66c c:/devkitpro/devkitarm/bin/../lib/gcc/arm-none-eabi/12.2.0/../../../../arm-none-eabi/lib/armv6k/fpu\libg.a(lib_a-vfprintf.o)
 .text._vfprintf_r
                0x0000000000111410     0x339c c:/devkitpro/devkitarm/bin/../lib/gcc/arm-none-eabi/12.2.0/../../../../arm-none-eabi/lib/armv6k/fpu\libg.a(lib_a-vfprintf.o)
                0x0000000000111410                _vfprintf_r
 .text.__sbprintf
                0x00000000001147ac       0xd0 c:/devkitpro/devkitarm/bin/../lib/gcc/arm-none-eabi/12.2.0/../../../../arm-none-eabi/lib/armv6k/fpu\libg.a(lib_a-vfprintf.o)
 .text._wcrtomb_r
                0x000000000011487c       0x54 c:/devkitpro/devkitarm/bin/../lib/gcc/arm-none-eabi/12.2.0/../../../../arm-none-eabi/lib/armv6k/fpu\libg.a(lib_a-wcrtomb.o)
                0x000000000011487c                _wcrtomb_r
 .text._wcsrtombs_r
                0x00000000001148d0       0x28 c:/devkitpro/devkitarm/bin/../lib/gcc/arm-none-eabi/12.2.0/../../../../arm-none-eabi/lib/armv6k/fpu\libg.a(lib_a-wcsrtombs.o)
                0x00000000001148d0                _wcsrtombs_r
 .text.__swsetup_r
                0x00000000001148f8      0x13c c:/devkitpro/devkitarm/bin/../lib/gcc/arm-none-eabi/12.2.0/../../../../arm-none-eabi/lib/armv6k/fpu\libg.a(lib_a-wsetup.o)
                0x00000000001148f8                __swsetup_r
 .text.__call_exitprocs
                0x0000000000114a34      0x114 c:/devkitpro/devkitarm/bin/../lib/gcc/arm-none-eabi/12.2.0/../../../../arm-none-eabi/lib/armv6k/fpu\libg.a(lib_a-__call_atexit.o)
                0x0000000000114a34                __call_exitprocs
 .text.quorem   0x0000000000114b48      0x1b0 c:/devkitpro/devkitarm/bin/../lib/gcc/arm-none-eabi/12.2.0/../../../../arm-none-eabi/lib/armv6k/fpu\libg.a(lib_a-dtoa.o)
 .text._dtoa_r  0x0000000000114cf8     0x11f8 c:/devkitpro/devkitarm/bin/../lib/gcc/arm-none-eabi/12.2.0/../../../../arm-none-eabi/lib/armv6k/fpu\libg.a(lib_a-dtoa.o)
                0x0000000000114cf8                _dtoa_r
 .text._fclose_r
                0x0000000000115ef0      0x15c c:/devkitpro/devkitarm/bin/../lib/gcc/arm-none-eabi/12.2.0/../../../../arm-none-eabi/lib/armv6k/fpu\libg.a(lib_a-fclose.o)
                0x0000000000115ef0                _fclose_r
 .text.iswspace
                0x000000000011604c        0x8 c:/devkitpro/devkitarm/bin/../lib/gcc/arm-none-eabi/12.2.0/../../../../arm-none-eabi/lib/armv6k/fpu\libg.a(lib_a-iswspace.o)
                0x000000000011604c                iswspace
 .text._localeconv_r
                0x0000000000116054        0xc c:/devkitpro/devkitarm/bin/../lib/gcc/arm-none-eabi/12.2.0/../../../../arm-none-eabi/lib/armv6k/fpu\libg.a(lib_a-localeconv.o)
                0x0000000000116054                _localeconv_r
 .text.__locale_mb_cur_max
                0x0000000000116060       0x10 c:/devkitpro/devkitarm/bin/../lib/gcc/arm-none-eabi/12.2.0/../../../../arm-none-eabi/lib/armv6k/fpu\libg.a(lib_a-locale.o)
                0x0000000000116060                __locale_mb_cur_max
 .text.__smakebuf_r
                0x0000000000116070      0x138 c:/devkitpro/devkitarm/bin/../lib/gcc/arm-none-eabi/12.2.0/../../../../arm-none-eabi/lib/armv6k/fpu\libg.a(lib_a-makebuf.o)
                0x0000000000116070                __smakebuf_r
 .text.__swhatbuf_r
                0x00000000001161a8       0x8c c:/devkitpro/devkitarm/bin/../lib/gcc/arm-none-eabi/12.2.0/../../../../arm-none-eabi/lib/armv6k/fpu\libg.a(lib_a-makebuf.o)
                0x00000000001161a8                __swhatbuf_r
 .text._mbrtowc_r
                0x0000000000116234       0x68 c:/devkitpro/devkitarm/bin/../lib/gcc/arm-none-eabi/12.2.0/../../../../arm-none-eabi/lib/armv6k/fpu\libg.a(lib_a-mbrtowc.o)
                0x0000000000116234                _mbrtowc_r
 .text.__utf8_mbtowc
                0x000000000011629c      0x2f8 c:/devkitpro/devkitarm/bin/../lib/gcc/arm-none-eabi/12.2.0/../../../../arm-none-eabi/lib/armv6k/fpu\libg.a(lib_a-mbtowc_r.o)
                0x000000000011629c                __utf8_mbtowc
 .text._Balloc  0x0000000000116594       0x88 c:/devkitpro/devkitarm/bin/../lib/gcc/arm-none-eabi/12.2.0/../../../../arm-none-eabi/lib/armv6k/fpu\libg.a(lib_a-mprec.o)
                0x0000000000116594                _Balloc
 .text._Bfree   0x000000000011661c       0x1c c:/devkitpro/devkitarm/bin/../lib/gcc/arm-none-eabi/12.2.0/../../../../arm-none-eabi/lib/armv6k/fpu\libg.a(lib_a-mprec.o)
                0x000000000011661c                _Bfree
 .text.__multadd
                0x0000000000116638       0xf4 c:/devkitpro/devkitarm/bin/../lib/gcc/arm-none-eabi/12.2.0/../../../../arm-none-eabi/lib/armv6k/fpu\libg.a(lib_a-mprec.o)
                0x0000000000116638                __multadd
 .text.__s2b    0x000000000011672c      0x110 c:/devkitpro/devkitarm/bin/../lib/gcc/arm-none-eabi/12.2.0/../../../../arm-none-eabi/lib/armv6k/fpu\libg.a(lib_a-mprec.o)
                0x000000000011672c                __s2b
 .text.__hi0bits
                0x000000000011683c       0x60 c:/devkitpro/devkitarm/bin/../lib/gcc/arm-none-eabi/12.2.0/../../../../arm-none-eabi/lib/armv6k/fpu\libg.a(lib_a-mprec.o)
                0x000000000011683c                __hi0bits
 .text.__lo0bits
                0x000000000011689c       0x9c c:/devkitpro/devkitarm/bin/../lib/gcc/arm-none-eabi/12.2.0/../../../../arm-none-eabi/lib/armv6k/fpu\libg.a(lib_a-mprec.o)
                0x000000000011689c                __lo0bits
 .text.__i2b    0x0000000000116938       0xa8 c:/devkitpro/devkitarm/bin/../lib/gcc/arm-none-eabi/12.2.0/../../../../arm-none-eabi/lib/armv6k/fpu\libg.a(lib_a-mprec.o)
                0x0000000000116938                __i2b
 .text.__multiply
                0x00000000001169e0      0x204 c:/devkitpro/devkitarm/bin/../lib/gcc/arm-none-eabi/12.2.0/../../../../arm-none-eabi/lib/armv6k/fpu\libg.a(lib_a-mprec.o)
                0x00000000001169e0                __multiply
 .text.__pow5mult
                0x0000000000116be4      0x124 c:/devkitpro/devkitarm/bin/../lib/gcc/arm-none-eabi/12.2.0/../../../../arm-none-eabi/lib/armv6k/fpu\libg.a(lib_a-mprec.o)
                0x0000000000116be4                __pow5mult
 .text.__lshift
                0x0000000000116d08      0x140 c:/devkitpro/devkitarm/bin/../lib/gcc/arm-none-eabi/12.2.0/../../../../arm-none-eabi/lib/armv6k/fpu\libg.a(lib_a-mprec.o)
                0x0000000000116d08                __lshift
 .text.__mcmp   0x0000000000116e48       0x58 c:/devkitpro/devkitarm/bin/../lib/gcc/arm-none-eabi/12.2.0/../../../../arm-none-eabi/lib/armv6k/fpu\libg.a(lib_a-mprec.o)
                0x0000000000116e48                __mcmp
 .text.__mdiff  0x0000000000116ea0      0x1ec c:/devkitpro/devkitarm/bin/../lib/gcc/arm-none-eabi/12.2.0/../../../../arm-none-eabi/lib/armv6k/fpu\libg.a(lib_a-mprec.o)
                0x0000000000116ea0                __mdiff
 .text.__ulp    0x000000000011708c       0x68 c:/devkitpro/devkitarm/bin/../lib/gcc/arm-none-eabi/12.2.0/../../../../arm-none-eabi/lib/armv6k/fpu\libg.a(lib_a-mprec.o)
                0x000000000011708c                __ulp
 .text.__b2d    0x00000000001170f4       0xd0 c:/devkitpro/devkitarm/bin/../lib/gcc/arm-none-eabi/12.2.0/../../../../arm-none-eabi/lib/armv6k/fpu\libg.a(lib_a-mprec.o)
                0x00000000001170f4                __b2d
 .text.__d2b    0x00000000001171c4      0x120 c:/devkitpro/devkitarm/bin/../lib/gcc/arm-none-eabi/12.2.0/../../../../arm-none-eabi/lib/armv6k/fpu\libg.a(lib_a-mprec.o)
                0x00000000001171c4                __d2b
 .text.__ratio  0x00000000001172e4       0x78 c:/devkitpro/devkitarm/bin/../lib/gcc/arm-none-eabi/12.2.0/../../../../arm-none-eabi/lib/armv6k/fpu\libg.a(lib_a-mprec.o)
                0x00000000001172e4                __ratio
 .text.__copybits
                0x000000000011735c       0x88 c:/devkitpro/devkitarm/bin/../lib/gcc/arm-none-eabi/12.2.0/../../../../arm-none-eabi/lib/armv6k/fpu\libg.a(lib_a-mprec.o)
                0x000000000011735c                __copybits
 .text.__any_on
                0x00000000001173e4       0x5c c:/devkitpro/devkitarm/bin/../lib/gcc/arm-none-eabi/12.2.0/../../../../arm-none-eabi/lib/armv6k/fpu\libg.a(lib_a-mprec.o)
                0x00000000001173e4                __any_on
 .text.realloc  0x0000000000117440       0x20 c:/devkitpro/devkitarm/bin/../lib/gcc/arm-none-eabi/12.2.0/../../../../arm-none-eabi/lib/armv6k/fpu\libg.a(lib_a-realloc.o)
                0x0000000000117440                realloc
 .text._realloc_r
                0x0000000000117460      0x4a0 c:/devkitpro/devkitarm/bin/../lib/gcc/arm-none-eabi/12.2.0/../../../../arm-none-eabi/lib/armv6k/fpu\libg.a(lib_a-reallocr.o)
                0x0000000000117460                _realloc_r
 .text.__sccl   0x0000000000117900       0xf4 c:/devkitpro/devkitarm/bin/../lib/gcc/arm-none-eabi/12.2.0/../../../../arm-none-eabi/lib/armv6k/fpu\libg.a(lib_a-sccl.o)
                0x0000000000117900                __sccl
 .text.nanf     0x00000000001179f4        0xc c:/devkitpro/devkitarm/bin/../lib/gcc/arm-none-eabi/12.2.0/../../../../arm-none-eabi/lib/armv6k/fpu\libg.a(lib_a-sf_nan.o)
                0x00000000001179f4                nanf
 .text.frexp    0x0000000000117a00       0x88 c:/devkitpro/devkitarm/bin/../lib/gcc/arm-none-eabi/12.2.0/../../../../arm-none-eabi/lib/armv6k/fpu\libg.a(lib_a-s_frexp.o)
                0x0000000000117a00                frexp
 .text.sprintf  0x0000000000117a88       0x64 c:/devkitpro/devkitarm/bin/../lib/gcc/arm-none-eabi/12.2.0/../../../../arm-none-eabi/lib/armv6k/fpu\libg.a(lib_a-sprintf.o)
                0x0000000000117a88                sprintf
 .text.stpncpy  0x0000000000117aec       0xcc c:/devkitpro/devkitarm/bin/../lib/gcc/arm-none-eabi/12.2.0/../../../../arm-none-eabi/lib/armv6k/fpu\libg.a(lib_a-stpncpy.o)
                0x0000000000117aec                stpncpy
 .text.strchr   0x0000000000117bb8      0x130 c:/devkitpro/devkitarm/bin/../lib/gcc/arm-none-eabi/12.2.0/../../../../arm-none-eabi/lib/armv6k/fpu\libg.a(lib_a-strchr.o)
                0x0000000000117bb8                strchr
 .text.sulp     0x0000000000117ce8       0x64 c:/devkitpro/devkitarm/bin/../lib/gcc/arm-none-eabi/12.2.0/../../../../arm-none-eabi/lib/armv6k/fpu\libg.a(lib_a-strtod.o)
 *fill*         0x0000000000117d4c        0x4 
 .text._strtod_l
                0x0000000000117d50     0x13a8 c:/devkitpro/devkitarm/bin/../lib/gcc/arm-none-eabi/12.2.0/../../../../arm-none-eabi/lib/armv6k/fpu\libg.a(lib_a-strtod.o)
                0x0000000000117d50                _strtod_l
 .text._strtod_r
                0x00000000001190f8        0xc c:/devkitpro/devkitarm/bin/../lib/gcc/arm-none-eabi/12.2.0/../../../../arm-none-eabi/lib/armv6k/fpu\libg.a(lib_a-strtod.o)
                0x00000000001190f8                _strtod_r
 .text._strtoll_l.constprop.0
                0x0000000000119104      0x22c c:/devkitpro/devkitarm/bin/../lib/gcc/arm-none-eabi/12.2.0/../../../../arm-none-eabi/lib/armv6k/fpu\libg.a(lib_a-strtoll.o)
 .text._strtoll_r
                0x0000000000119330        0x4 c:/devkitpro/devkitarm/bin/../lib/gcc/arm-none-eabi/12.2.0/../../../../arm-none-eabi/lib/armv6k/fpu\libg.a(lib_a-strtoll.o)
                0x0000000000119330                _strtoll_r
 .text._strtol_l.part.0
                0x0000000000119334      0x1a4 c:/devkitpro/devkitarm/bin/../lib/gcc/arm-none-eabi/12.2.0/../../../../arm-none-eabi/lib/armv6k/fpu\libg.a(lib_a-strtol.o)
 .text._strtol_r
                0x00000000001194d8       0x3c c:/devkitpro/devkitarm/bin/../lib/gcc/arm-none-eabi/12.2.0/../../../../arm-none-eabi/lib/armv6k/fpu\libg.a(lib_a-strtol.o)
                0x00000000001194d8                _strtol_r
 .text._strtoull_l.constprop.0
                0x0000000000119514      0x244 c:/devkitpro/devkitarm/bin/../lib/gcc/arm-none-eabi/12.2.0/../../../../arm-none-eabi/lib/armv6k/fpu\libg.a(lib_a-strtoull.o)
 .text._strtoull_r
                0x0000000000119758        0x4 c:/devkitpro/devkitarm/bin/../lib/gcc/arm-none-eabi/12.2.0/../../../../arm-none-eabi/lib/armv6k/fpu\libg.a(lib_a-strtoull.o)
                0x0000000000119758                _strtoull_r
 .text.__ssprint_r
                0x000000000011975c      0x188 c:/devkitpro/devkitarm/bin/../lib/gcc/arm-none-eabi/12.2.0/../../../../arm-none-eabi/lib/armv6k/fpu\libg.a(lib_a-svfiprintf.o)
                0x000000000011975c                __ssprint_r
 .text._sungetc_r
                0x00000000001198e4       0xd4 c:/devkitpro/devkitarm/bin/../lib/gcc/arm-none-eabi/12.2.0/../../../../arm-none-eabi/lib/armv6k/fpu\libg.a(lib_a-svfiscanf.o)
                0x00000000001198e4                _sungetc_r
 .text.__ssrefill_r
                0x00000000001199b8       0x6c c:/devkitpro/devkitarm/bin/../lib/gcc/arm-none-eabi/12.2.0/../../../../arm-none-eabi/lib/armv6k/fpu\libg.a(lib_a-svfiscanf.o)
                0x00000000001199b8                __ssrefill_r
 .text._sfread_r
                0x0000000000119a24       0xc4 c:/devkitpro/devkitarm/bin/../lib/gcc/arm-none-eabi/12.2.0/../../../../arm-none-eabi/lib/armv6k/fpu\libg.a(lib_a-svfiscanf.o)
                0x0000000000119a24                _sfread_r
 .text.get_arg  0x0000000000119ae8      0x66c c:/devkitpro/devkitarm/bin/../lib/gcc/arm-none-eabi/12.2.0/../../../../arm-none-eabi/lib/armv6k/fpu\libg.a(lib_a-svfprintf.o)
 *fill*         0x000000000011a154        0x4 
 .text._svfprintf_r
                0x000000000011a158     0x3334 c:/devkitpro/devkitarm/bin/../lib/gcc/arm-none-eabi/12.2.0/../../../../arm-none-eabi/lib/armv6k/fpu\libg.a(lib_a-svfprintf.o)
                0x000000000011a158                _svfprintf_r
 .text.__submore
                0x000000000011d48c       0xa8 c:/devkitpro/devkitarm/bin/../lib/gcc/arm-none-eabi/12.2.0/../../../../arm-none-eabi/lib/armv6k/fpu\libg.a(lib_a-ungetc.o)
                0x000000000011d48c                __submore
 .text.get_arg  0x000000000011d534      0x66c c:/devkitpro/devkitarm/bin/../lib/gcc/arm-none-eabi/12.2.0/../../../../arm-none-eabi/lib/armv6k/fpu\libg.a(lib_a-vfiprintf.o)
 .text.__sprint_r
                0x000000000011dba0       0x30 c:/devkitpro/devkitarm/bin/../lib/gcc/arm-none-eabi/12.2.0/../../../../arm-none-eabi/lib/armv6k/fpu\libg.a(lib_a-vfiprintf.o)
                0x000000000011dba0                __sprint_r
 .text._vfiprintf_r
                0x000000000011dbd0     0x22ec c:/devkitpro/devkitarm/bin/../lib/gcc/arm-none-eabi/12.2.0/../../../../arm-none-eabi/lib/armv6k/fpu\libg.a(lib_a-vfiprintf.o)
                0x000000000011dbd0                _vfiprintf_r
 .text.__sbprintf
                0x000000000011febc       0xd0 c:/devkitpro/devkitarm/bin/../lib/gcc/arm-none-eabi/12.2.0/../../../../arm-none-eabi/lib/armv6k/fpu\libg.a(lib_a-vfiprintf.o)
 .text._wcsnrtombs_l
                0x000000000011ff8c      0x188 c:/devkitpro/devkitarm/bin/../lib/gcc/arm-none-eabi/12.2.0/../../../../arm-none-eabi/lib/armv6k/fpu\libg.a(lib_a-wcsnrtombs.o)
                0x000000000011ff8c                _wcsnrtombs_l
 .text._wcsnrtombs_r
                0x0000000000120114       0x4c c:/devkitpro/devkitarm/bin/../lib/gcc/arm-none-eabi/12.2.0/../../../../arm-none-eabi/lib/armv6k/fpu\libg.a(lib_a-wcsnrtombs.o)
                0x0000000000120114                _wcsnrtombs_r
 .text.__utf8_wctomb
                0x0000000000120160       0xf0 c:/devkitpro/devkitarm/bin/../lib/gcc/arm-none-eabi/12.2.0/../../../../arm-none-eabi/lib/armv6k/fpu\libg.a(lib_a-wctomb_r.o)
                0x0000000000120160                __utf8_wctomb
 .text.__assert_func
                0x0000000000120250       0x5c c:/devkitpro/devkitarm/bin/../lib/gcc/arm-none-eabi/12.2.0/../../../../arm-none-eabi/lib/armv6k/fpu\libg.a(lib_a-assert.o)
                0x0000000000120250                __assert_func
 .text._calloc_r
                0x00000000001202ac       0xc0 c:/devkitpro/devkitarm/bin/../lib/gcc/arm-none-eabi/12.2.0/../../../../arm-none-eabi/lib/armv6k/fpu\libg.a(lib_a-callocr.o)
                0x00000000001202ac                _calloc_r
 .text.fiprintf
                0x000000000012036c       0x3c c:/devkitpro/devkitarm/bin/../lib/gcc/arm-none-eabi/12.2.0/../../../../arm-none-eabi/lib/armv6k/fpu\libg.a(lib_a-fiprintf.o)
                0x000000000012036c                fiprintf
 .text.__sfvwrite_r
                0x00000000001203a8      0x4b4 c:/devkitpro/devkitarm/bin/../lib/gcc/arm-none-eabi/12.2.0/../../../../arm-none-eabi/lib/armv6k/fpu\libg.a(lib_a-fvwrite.o)
                0x00000000001203a8                __sfvwrite_r
 .text.rshift   0x000000000012085c       0xf0 c:/devkitpro/devkitarm/bin/../lib/gcc/arm-none-eabi/12.2.0/../../../../arm-none-eabi/lib/armv6k/fpu\libg.a(lib_a-gdtoa-gethex.o)
 .text.__gethex
                0x000000000012094c      0x814 c:/devkitpro/devkitarm/bin/../lib/gcc/arm-none-eabi/12.2.0/../../../../arm-none-eabi/lib/armv6k/fpu\libg.a(lib_a-gdtoa-gethex.o)
                0x000000000012094c                __gethex
 .text.__match  0x0000000000121160       0x4c c:/devkitpro/devkitarm/bin/../lib/gcc/arm-none-eabi/12.2.0/../../../../arm-none-eabi/lib/armv6k/fpu\libg.a(lib_a-gdtoa-hexnan.o)
                0x0000000000121160                __match
 .text.__hexnan
                0x00000000001211ac      0x29c c:/devkitpro/devkitarm/bin/../lib/gcc/arm-none-eabi/12.2.0/../../../../arm-none-eabi/lib/armv6k/fpu\libg.a(lib_a-gdtoa-hexnan.o)
                0x00000000001211ac                __hexnan
 .text.iswspace_l
                0x0000000000121448       0x3c c:/devkitpro/devkitarm/bin/../lib/gcc/arm-none-eabi/12.2.0/../../../../arm-none-eabi/lib/armv6k/fpu\libg.a(lib_a-iswspace_l.o)
                0x0000000000121448                iswspace_l
 .text.__jp2uc  0x0000000000121484      0x1d8 c:/devkitpro/devkitarm/bin/../lib/gcc/arm-none-eabi/12.2.0/../../../../arm-none-eabi/lib/armv6k/fpu\libg.a(lib_a-jp2uc.o)
 .text._jp2uc_l
                0x000000000012165c       0x9c c:/devkitpro/devkitarm/bin/../lib/gcc/arm-none-eabi/12.2.0/../../../../arm-none-eabi/lib/armv6k/fpu\libg.a(lib_a-jp2uc.o)
                0x000000000012165c                _jp2uc_l
 .text.memmove  0x00000000001216f8      0x150 c:/devkitpro/devkitarm/bin/../lib/gcc/arm-none-eabi/12.2.0/../../../../arm-none-eabi/lib/armv6k/fpu\libg.a(lib_a-memmove.o)
                0x00000000001216f8                memmove
 .text.nan      0x0000000000121848       0x10 c:/devkitpro/devkitarm/bin/../lib/gcc/arm-none-eabi/12.2.0/../../../../arm-none-eabi/lib/armv6k/fpu\libg.a(lib_a-s_nan.o)
                0x0000000000121848                nan
 .text.abort    0x0000000000121858       0x14 c:/devkitpro/devkitarm/bin/../lib/gcc/arm-none-eabi/12.2.0/../../../../arm-none-eabi/lib/armv6k/fpu\libg.a(lib_a-abort.o)
                0x0000000000121858                abort
 .text.category
                0x000000000012186c       0x8c c:/devkitpro/devkitarm/bin/../lib/gcc/arm-none-eabi/12.2.0/../../../../arm-none-eabi/lib/armv6k/fpu\libg.a(lib_a-categories.o)
                0x000000000012186c                category
 .text._raise_r
                0x00000000001218f8       0x90 c:/devkitpro/devkitarm/bin/../lib/gcc/arm-none-eabi/12.2.0/../../../../arm-none-eabi/lib/armv6k/fpu\libg.a(lib_a-signal.o)
                0x00000000001218f8                _raise_r
 .text.raise    0x0000000000121988       0x18 c:/devkitpro/devkitarm/bin/../lib/gcc/arm-none-eabi/12.2.0/../../../../arm-none-eabi/lib/armv6k/fpu\libg.a(lib_a-signal.o)
                0x0000000000121988                raise
 .text.null_write
                0x00000000001219a0        0x8 c:/devkitpro/devkitarm/bin/../lib/gcc/arm-none-eabi/12.2.0/../../../../arm-none-eabi/lib/armv6k/fpu\libsysbase.a(iosupport.o)
 .text.setDefaultDevice
                0x00000000001219a8       0x18 c:/devkitpro/devkitarm/bin/../lib/gcc/arm-none-eabi/12.2.0/../../../../arm-none-eabi/lib/armv6k/fpu\libsysbase.a(iosupport.o)
                0x00000000001219a8                setDefaultDevice
 .text.FindDevice
                0x00000000001219c0       0xc8 c:/devkitpro/devkitarm/bin/../lib/gcc/arm-none-eabi/12.2.0/../../../../arm-none-eabi/lib/armv6k/fpu\libsysbase.a(iosupport.o)
                0x00000000001219c0                FindDevice
 .text.RemoveDevice
                0x0000000000121a88       0x28 c:/devkitpro/devkitarm/bin/../lib/gcc/arm-none-eabi/12.2.0/../../../../arm-none-eabi/lib/armv6k/fpu\libsysbase.a(iosupport.o)
                0x0000000000121a88                RemoveDevice
 .text.AddDevice
                0x0000000000121ab0       0x9c c:/devkitpro/devkitarm/bin/../lib/gcc/arm-none-eabi/12.2.0/../../../../arm-none-eabi/lib/armv6k/fpu\libsysbase.a(iosupport.o)
                0x0000000000121ab0                AddDevice
 .text.GetDeviceOpTab
                0x0000000000121b4c       0x20 c:/devkitpro/devkitarm/bin/../lib/gcc/arm-none-eabi/12.2.0/../../../../arm-none-eabi/lib/armv6k/fpu\libsysbase.a(iosupport.o)
                0x0000000000121b4c                GetDeviceOpTab
 .text._fstat_r
                0x0000000000121b6c       0x78 c:/devkitpro/devkitarm/bin/../lib/gcc/arm-none-eabi/12.2.0/../../../../arm-none-eabi/lib/armv6k/fpu\libsysbase.a(fstat.o)
                0x0000000000121b6c                _fstat_r
 .text._getpid_r
                0x0000000000121be4       0x14 c:/devkitpro/devkitarm/bin/../lib/gcc/arm-none-eabi/12.2.0/../../../../arm-none-eabi/lib/armv6k/fpu\libsysbase.a(getpid.o)
                0x0000000000121be4                _getpid_r
 .text._isatty_r
                0x0000000000121bf8        0x8 c:/devkitpro/devkitarm/bin/../lib/gcc/arm-none-eabi/12.2.0/../../../../arm-none-eabi/lib/armv6k/fpu\libsysbase.a(isatty.o)
                0x0000000000121bf8                _isatty_r
 .text._kill_r  0x0000000000121c00       0x14 c:/devkitpro/devkitarm/bin/../lib/gcc/arm-none-eabi/12.2.0/../../../../arm-none-eabi/lib/armv6k/fpu\libsysbase.a(kill.o)
                0x0000000000121c00                _kill_r
 .text._lseek_r
                0x0000000000121c14       0x84 c:/devkitpro/devkitarm/bin/../lib/gcc/arm-none-eabi/12.2.0/../../../../arm-none-eabi/lib/armv6k/fpu\libsysbase.a(lseek.o)
                0x0000000000121c14                _lseek_r
 .text._read_r  0x0000000000121c98       0x80 c:/devkitpro/devkitarm/bin/../lib/gcc/arm-none-eabi/12.2.0/../../../../arm-none-eabi/lib/armv6k/fpu\libsysbase.a(read.o)
                0x0000000000121c98                _read_r
 .text._sbrk_r  0x0000000000121d18       0x78 c:/devkitpro/devkitarm/bin/../lib/gcc/arm-none-eabi/12.2.0/../../../../arm-none-eabi/lib/armv6k/fpu\libsysbase.a(sbrk.o)
                0x0000000000121d18                _sbrk_r
 .text._write_r
                0x0000000000121d90       0x80 c:/devkitpro/devkitarm/bin/../lib/gcc/arm-none-eabi/12.2.0/../../../../arm-none-eabi/lib/armv6k/fpu\libsysbase.a(write.o)
                0x0000000000121d90                _write_r
 .text._exit    0x0000000000121e10       0x20 c:/devkitpro/devkitarm/bin/../lib/gcc/arm-none-eabi/12.2.0/../../../../arm-none-eabi/lib/armv6k/fpu\libsysbase.a(_exit.o)
                0x0000000000121e10                _exit
 .text._concatenate_path
                0x0000000000121e30      0x1a4 c:/devkitpro/devkitarm/bin/../lib/gcc/arm-none-eabi/12.2.0/../../../../arm-none-eabi/lib/armv6k/fpu\libsysbase.a(chdir.o)
                0x0000000000121e30                _concatenate_path
 .text.chdir    0x0000000000121fd4      0x140 c:/devkitpro/devkitarm/bin/../lib/gcc/arm-none-eabi/12.2.0/../../../../arm-none-eabi/lib/armv6k/fpu\libsysbase.a(chdir.o)
                0x0000000000121fd4                chdir
 .text.__flockfile
                0x0000000000122114        0x8 c:/devkitpro/devkitarm/bin/../lib/gcc/arm-none-eabi/12.2.0/../../../../arm-none-eabi/lib/armv6k/fpu\libsysbase.a(flock.o)
                0x0000000000122114                __flockfile
 .text.__funlockfile
                0x000000000012211c        0x8 c:/devkitpro/devkitarm/bin/../lib/gcc/arm-none-eabi/12.2.0/../../../../arm-none-eabi/lib/armv6k/fpu\libsysbase.a(flock.o)
                0x000000000012211c                __funlockfile
 .text.__get_handle
                0x0000000000122124       0x3c c:/devkitpro/devkitarm/bin/../lib/gcc/arm-none-eabi/12.2.0/../../../../arm-none-eabi/lib/armv6k/fpu\libsysbase.a(handle_manager.o)
                0x0000000000122124                __get_handle
 .text._close_r
                0x0000000000122160       0xf4 c:/devkitpro/devkitarm/bin/../lib/gcc/arm-none-eabi/12.2.0/../../../../arm-none-eabi/lib/armv6k/fpu\libsysbase.a(handle_manager.o)
                0x0000000000122160                _close_r
 .text.__getreent
                0x0000000000122254       0x2c c:/devkitpro/devkitarm/bin/../lib/gcc/arm-none-eabi/12.2.0/../../../../arm-none-eabi/lib/armv6k/fpu\libsysbase.a(getreent.o)
                0x0000000000122254                __getreent
 .text.__libc_lock_acquire
                0x0000000000122280       0x1c c:/devkitpro/devkitarm/bin/../lib/gcc/arm-none-eabi/12.2.0/../../../../arm-none-eabi/lib/armv6k/fpu\libsysbase.a(syscall_support.o)
                0x0000000000122280                __libc_lock_acquire
 .text.__libc_lock_release
                0x000000000012229c       0x1c c:/devkitpro/devkitarm/bin/../lib/gcc/arm-none-eabi/12.2.0/../../../../arm-none-eabi/lib/armv6k/fpu\libsysbase.a(syscall_support.o)
                0x000000000012229c                __libc_lock_release
 .text.__libc_lock_init_recursive
                0x00000000001222b8       0x1c c:/devkitpro/devkitarm/bin/../lib/gcc/arm-none-eabi/12.2.0/../../../../arm-none-eabi/lib/armv6k/fpu\libsysbase.a(syscall_support.o)
                0x00000000001222b8                __libc_lock_init_recursive
 .text.__libc_lock_acquire_recursive
                0x00000000001222d4       0x1c c:/devkitpro/devkitarm/bin/../lib/gcc/arm-none-eabi/12.2.0/../../../../arm-none-eabi/lib/armv6k/fpu\libsysbase.a(syscall_support.o)
                0x00000000001222d4                __libc_lock_acquire_recursive
 .text.__libc_lock_release_recursive
                0x00000000001222f0       0x1c c:/devkitpro/devkitarm/bin/../lib/gcc/arm-none-eabi/12.2.0/../../../../arm-none-eabi/lib/armv6k/fpu\libsysbase.a(syscall_support.o)
                0x00000000001222f0                __libc_lock_release_recursive
 .text.__libc_lock_close_recursive
                0x000000000012230c       0x1c c:/devkitpro/devkitarm/bin/../lib/gcc/arm-none-eabi/12.2.0/../../../../arm-none-eabi/lib/armv6k/fpu\libsysbase.a(syscall_support.o)
                0x000000000012230c                __libc_lock_close_recursive
 .text.__fixdfdi
                0x0000000000122328       0x38 c:/devkitpro/devkitarm/bin/../lib/gcc/arm-none-eabi/12.2.0/armv6k/fpu\libgcc.a(_fixdfdi.o)
                0x0000000000122328                __fixdfdi
                0x0000000000122328                __aeabi_d2lz
 .text.__fixunsdfdi
                0x0000000000122360       0x40 c:/devkitpro/devkitarm/bin/../lib/gcc/arm-none-eabi/12.2.0/armv6k/fpu\libgcc.a(_fixunsdfdi.o)
                0x0000000000122360                __fixunsdfdi
                0x0000000000122360                __aeabi_d2ulz
 .text.strrchr  0x00000000001223a0       0x48 c:/devkitpro/devkitarm/bin/../lib/gcc/arm-none-eabi/12.2.0/../../../../arm-none-eabi/lib/armv6k/fpu\libg.a(lib_a-strrchr.o)
                0x00000000001223a0                strrchr
 *(.glue_7)
 .glue_7        0x00000000001223e8        0x0 linker stubs
 *(.glue_7t)
 .glue_7t       0x00000000001223e8        0x0 linker stubs
 *(.stub)
 *(.gnu.warning)
 *(.gnu.linkonce.t*)
                0x00000000001223e8                . = ALIGN (0x4)
 *(.fini)
 .fini          0x00000000001223e8        0xc c:/devkitpro/devkitarm/bin/../lib/gcc/arm-none-eabi/12.2.0/armv6k/fpu/crti.o
                0x00000000001223e8                _fini
 .fini          0x00000000001223f4        0xc c:/devkitpro/devkitarm/bin/../lib/gcc/arm-none-eabi/12.2.0/armv6k/fpu/crtn.o
                0x0000000000122400                . = ALIGN (0x4)

.vfp11_veneer   0x0000000000122400        0x0
 .vfp11_veneer  0x0000000000122400        0x0 linker stubs

.v4_bx          0x0000000000122400        0x0
 .v4_bx         0x0000000000122400        0x0 linker stubs

.iplt           0x0000000000122400        0x0
 .iplt          0x0000000000122400        0x0 c:/devkitpro/devkitarm/bin/../lib/gcc/arm-none-eabi/12.2.0/../../../../arm-none-eabi/lib/armv6k/fpu/3dsx_crt0.o
                0x0000000000123000                . = ALIGN (0x1000)

.rodata         0x0000000000123000     0x7ee8
 *(.rodata)
 .rodata        0x0000000000123000        0x3 C:/devkitPro/libctru/lib\libctru.a(apt.o)
 *fill*         0x0000000000123003        0x1 
 .rodata        0x0000000000123004        0xc C:/devkitPro/libctru/lib\libctru.a(archive_dev.o)
 *(.roda)
 *(.rodata.*)
 .rodata.main.str1.4
                0x0000000000123010       0x79 main.o
 *fill*         0x0000000000123089        0x3 
 .rodata.parseColor.str1.4
                0x000000000012308c       0x1b C:/devkitPro/libctru/lib\libctru.a(console.o)
 *fill*         0x00000000001230a7        0x1 
 .rodata.con_write.str1.4
                0x00000000001230a8       0x4a C:/devkitPro/libctru/lib\libctru.a(console.o)
 *fill*         0x00000000001230f2        0x2 
 .rodata.str1.4
                0x00000000001230f4       0x10 C:/devkitPro/libctru/lib\libctru.a(console.o)
 .rodata.dotab_stdout
                0x0000000000123104       0x70 C:/devkitPro/libctru/lib\libctru.a(console.o)
 .rodata.grayScale
                0x0000000000123174       0x18 C:/devkitPro/libctru/lib\libctru.a(console.o)
 .rodata.colorCube
                0x000000000012318c        0x6 C:/devkitPro/libctru/lib\libctru.a(console.o)
 *fill*         0x0000000000123192        0x2 
 .rodata.colorTable
                0x0000000000123194       0x30 C:/devkitPro/libctru/lib\libctru.a(console.o)
 .rodata.gspInit.str1.4
                0x00000000001231c4        0x9 C:/devkitPro/libctru/lib\libctru.a(gspgpu.o)
 *fill*         0x00000000001231cd        0x3 
 .rodata.hidInit.str1.4
                0x00000000001231d0       0x15 C:/devkitPro/libctru/lib\libctru.a(hid.o)
 *fill*         0x00000000001231e5        0x3 
 .rodata.__system_initArgv.str1.4
                0x00000000001231e8        0xa C:/devkitPro/libctru/lib\libctru.a(initArgv.o)
 *fill*         0x00000000001231f2        0x2 
 .rodata.default_font_bin
                0x00000000001231f4      0x800 C:/devkitPro/libctru/lib\libctru.a(default_font.bin.o)
                0x00000000001231f4                default_font_bin
                0x00000000001239f4                default_font_bin_end
 .rodata.srvInit.str1.4
                0x00000000001239f4        0x5 C:/devkitPro/libctru/lib\libctru.a(srv.o)
 *fill*         0x00000000001239f9        0x3 
 .rodata.irrstInit.str1.4
                0x00000000001239fc        0x7 C:/devkitPro/libctru/lib\libctru.a(irrst.o)
 *fill*         0x0000000000123a03        0x1 
 .rodata.aptSendCommand.str1.4
                0x0000000000123a04       0x16 C:/devkitPro/libctru/lib\libctru.a(apt.o)
 *fill*         0x0000000000123a1a        0x2 
 .rodata.s_sleepWakeEvents.4
                0x0000000000123a1c        0x8 C:/devkitPro/libctru/lib\libctru.a(apt.o)
 .rodata._archiveUnmountDeviceStruct.part.0.str1.4
                0x0000000000123a24        0x2 C:/devkitPro/libctru/lib\libctru.a(archive_dev.o)
 *fill*         0x0000000000123a26        0x2 
 .rodata._archiveMountDevice.str1.4
                0x0000000000123a28        0x8 C:/devkitPro/libctru/lib\libctru.a(archive_dev.o)
                                          0xc (size before relaxing)
 .rodata.archiveMountSdmc.str1.4
                0x0000000000123a30        0x5 C:/devkitPro/libctru/lib\libctru.a(archive_dev.o)
 *fill*         0x0000000000123a35        0x3 
 .rodata.error_table
                0x0000000000123a38       0x30 C:/devkitPro/libctru/lib\libctru.a(archive_dev.o)
 .rodata.str1.4
                0x0000000000123a68        0x8 C:/devkitPro/libctru/lib\libctru.a(archive_dev.o)
 .rodata.archive_devoptab
                0x0000000000123a70       0x70 C:/devkitPro/libctru/lib\libctru.a(archive_dev.o)
 .rodata.ptmSysmInit.str1.4
                0x0000000000123ae0        0x9 C:/devkitPro/libctru/lib\libctru.a(ptmsysm.o)
 *fill*         0x0000000000123ae9        0x3 
 .rodata.fsInit.str1.4
                0x0000000000123aec        0x8 C:/devkitPro/libctru/lib\libctru.a(fs.o)
 .rodata.npio2_hw
                0x0000000000123af4       0x80 c:/devkitpro/devkitarm/bin/../lib/gcc/arm-none-eabi/12.2.0/../../../../arm-none-eabi/lib/armv6k/fpu\libm.a(lib_a-e_rem_pio2.o)
 .rodata.two_over_pi
                0x0000000000123b74      0x108 c:/devkitpro/devkitarm/bin/../lib/gcc/arm-none-eabi/12.2.0/../../../../arm-none-eabi/lib/armv6k/fpu\libm.a(lib_a-e_rem_pio2.o)
 *fill*         0x0000000000123c7c        0x4 
 .rodata.PIo2   0x0000000000123c80       0x40 c:/devkitpro/devkitarm/bin/../lib/gcc/arm-none-eabi/12.2.0/../../../../arm-none-eabi/lib/armv6k/fpu\libm.a(lib_a-k_rem_pio2.o)
 .rodata.init_jk
                0x0000000000123cc0       0x10 c:/devkitpro/devkitarm/bin/../lib/gcc/arm-none-eabi/12.2.0/../../../../arm-none-eabi/lib/armv6k/fpu\libm.a(lib_a-k_rem_pio2.o)
 .rodata._global_impure_ptr
                0x0000000000123cd0        0x4 c:/devkitpro/devkitarm/bin/../lib/gcc/arm-none-eabi/12.2.0/../../../../arm-none-eabi/lib/armv6k/fpu\libg.a(lib_a-impure.o)
                0x0000000000123cd0                _global_impure_ptr
 .rodata.__ssvfscanf_r.str1.1
                0x0000000000123cd4        0x5 c:/devkitpro/devkitarm/bin/../lib/gcc/arm-none-eabi/12.2.0/../../../../arm-none-eabi/lib/armv6k/fpu\libg.a(lib_a-svfscanf.o)
                                          0x6 (size before relaxing)
 *fill*         0x0000000000123cd9        0x3 
 .rodata.basefix.0
                0x0000000000123cdc       0x22 c:/devkitpro/devkitarm/bin/../lib/gcc/arm-none-eabi/12.2.0/../../../../arm-none-eabi/lib/armv6k/fpu\libg.a(lib_a-svfscanf.o)
 .rodata._vfprintf_r.str1.1
                0x0000000000123cfe       0x3b c:/devkitpro/devkitarm/bin/../lib/gcc/arm-none-eabi/12.2.0/../../../../arm-none-eabi/lib/armv6k/fpu\libg.a(lib_a-vfprintf.o)
 *fill*         0x0000000000123d39        0x3 
 .rodata.zeroes.0
                0x0000000000123d3c       0x10 c:/devkitpro/devkitarm/bin/../lib/gcc/arm-none-eabi/12.2.0/../../../../arm-none-eabi/lib/armv6k/fpu\libg.a(lib_a-vfprintf.o)
 .rodata.blanks.1
                0x0000000000123d4c       0x10 c:/devkitpro/devkitarm/bin/../lib/gcc/arm-none-eabi/12.2.0/../../../../arm-none-eabi/lib/armv6k/fpu\libg.a(lib_a-vfprintf.o)
 .rodata._ctype_
                0x0000000000123d5c      0x101 c:/devkitpro/devkitarm/bin/../lib/gcc/arm-none-eabi/12.2.0/../../../../arm-none-eabi/lib/armv6k/fpu\libg.a(lib_a-ctype_.o)
                0x0000000000123d5c                _ctype_
 *fill*         0x0000000000123e5d        0x3 
 .rodata._dtoa_r.str1.4
                0x0000000000123e60       0x70 c:/devkitpro/devkitarm/bin/../lib/gcc/arm-none-eabi/12.2.0/../../../../arm-none-eabi/lib/armv6k/fpu\libg.a(lib_a-dtoa.o)
 .rodata.str1.4
                0x0000000000123ed0       0x48 c:/devkitpro/devkitarm/bin/../lib/gcc/arm-none-eabi/12.2.0/../../../../arm-none-eabi/lib/armv6k/fpu\libg.a(lib_a-locale.o)
                                         0x4c (size before relaxing)
 .rodata._mbrtowc_r.str1.4
                0x0000000000123f18        0x1 c:/devkitpro/devkitarm/bin/../lib/gcc/arm-none-eabi/12.2.0/../../../../arm-none-eabi/lib/armv6k/fpu\libg.a(lib_a-mbrtowc.o)
 .rodata.__multadd.str1.4
                0x0000000000123f18       0x49 c:/devkitpro/devkitarm/bin/../lib/gcc/arm-none-eabi/12.2.0/../../../../arm-none-eabi/lib/armv6k/fpu\libg.a(lib_a-mprec.o)
                                         0x5d (size before relaxing)
 *fill*         0x0000000000123f61        0x3 
 .rodata.p05.0  0x0000000000123f64        0xc c:/devkitpro/devkitarm/bin/../lib/gcc/arm-none-eabi/12.2.0/../../../../arm-none-eabi/lib/armv6k/fpu\libg.a(lib_a-mprec.o)
 .rodata.__mprec_bigtens
                0x0000000000123f70       0x28 c:/devkitpro/devkitarm/bin/../lib/gcc/arm-none-eabi/12.2.0/../../../../arm-none-eabi/lib/armv6k/fpu\libg.a(lib_a-mprec.o)
                0x0000000000123f70                __mprec_bigtens
 .rodata.__mprec_tens
                0x0000000000123f98       0xc8 c:/devkitpro/devkitarm/bin/../lib/gcc/arm-none-eabi/12.2.0/../../../../arm-none-eabi/lib/armv6k/fpu\libg.a(lib_a-mprec.o)
                0x0000000000123f98                __mprec_tens
 .rodata._strtod_l.str1.4
                0x0000000000124060        0xf c:/devkitpro/devkitarm/bin/../lib/gcc/arm-none-eabi/12.2.0/../../../../arm-none-eabi/lib/armv6k/fpu\libg.a(lib_a-strtod.o)
                                         0x15 (size before relaxing)
 *fill*         0x000000000012406f        0x1 
 .rodata.fpinan.0
                0x0000000000124070       0x14 c:/devkitpro/devkitarm/bin/../lib/gcc/arm-none-eabi/12.2.0/../../../../arm-none-eabi/lib/armv6k/fpu\libg.a(lib_a-strtod.o)
 .rodata.fpi.1  0x0000000000124084       0x14 c:/devkitpro/devkitarm/bin/../lib/gcc/arm-none-eabi/12.2.0/../../../../arm-none-eabi/lib/armv6k/fpu\libg.a(lib_a-strtod.o)
 .rodata.tinytens
                0x0000000000124098       0x28 c:/devkitpro/devkitarm/bin/../lib/gcc/arm-none-eabi/12.2.0/../../../../arm-none-eabi/lib/armv6k/fpu\libg.a(lib_a-strtod.o)
 .rodata.__action_table
                0x00000000001240c0       0x6c c:/devkitpro/devkitarm/bin/../lib/gcc/arm-none-eabi/12.2.0/../../../../arm-none-eabi/lib/armv6k/fpu\libg.a(lib_a-svfiprintf.o)
                0x00000000001240c0                __action_table
 .rodata.__state_table
                0x000000000012412c       0x6c c:/devkitpro/devkitarm/bin/../lib/gcc/arm-none-eabi/12.2.0/../../../../arm-none-eabi/lib/armv6k/fpu\libg.a(lib_a-svfiprintf.o)
                0x000000000012412c                __state_table
 .rodata.__chclass
                0x0000000000124198      0x100 c:/devkitpro/devkitarm/bin/../lib/gcc/arm-none-eabi/12.2.0/../../../../arm-none-eabi/lib/armv6k/fpu\libg.a(lib_a-svfiprintf.o)
                0x0000000000124198                __chclass
 .rodata._svfprintf_r.str1.1
                0x0000000000124298       0x3b c:/devkitpro/devkitarm/bin/../lib/gcc/arm-none-eabi/12.2.0/../../../../arm-none-eabi/lib/armv6k/fpu\libg.a(lib_a-svfprintf.o)
 .rodata.zeroes.0
                0x0000000000124298       0x10 c:/devkitpro/devkitarm/bin/../lib/gcc/arm-none-eabi/12.2.0/../../../../arm-none-eabi/lib/armv6k/fpu\libg.a(lib_a-svfprintf.o)
 .rodata.blanks.1
                0x00000000001242a8       0x10 c:/devkitpro/devkitarm/bin/../lib/gcc/arm-none-eabi/12.2.0/../../../../arm-none-eabi/lib/armv6k/fpu\libg.a(lib_a-svfprintf.o)
 .rodata._vfiprintf_r.str1.1
                0x00000000001242b8       0x29 c:/devkitpro/devkitarm/bin/../lib/gcc/arm-none-eabi/12.2.0/../../../../arm-none-eabi/lib/armv6k/fpu\libg.a(lib_a-vfiprintf.o)
 .rodata.zeroes.0
                0x00000000001242b8       0x10 c:/devkitpro/devkitarm/bin/../lib/gcc/arm-none-eabi/12.2.0/../../../../arm-none-eabi/lib/armv6k/fpu\libg.a(lib_a-vfiprintf.o)
 .rodata.blanks.1
                0x00000000001242c8       0x10 c:/devkitpro/devkitarm/bin/../lib/gcc/arm-none-eabi/12.2.0/../../../../arm-none-eabi/lib/armv6k/fpu\libg.a(lib_a-vfiprintf.o)
 .rodata.__assert_func.str1.4